





2023-03-21 22:33:05
alpha: 1    batchsize: 16    dim: 128    epoch: 2000    gapMax: 2    gapmode: gap    lambdaMax: 1    learningrate: 0.004    lrdecay: 0.5    lrdecayEpoch: 300    modelname: SN2E    momentum: 0    negtsamplenum: 128    optimizer: Adam    vmax: 1000    vmin: 0.001    weightdecay: 0    
INFO -- prepare : Init model SN2E
INFO -- prepare : set model cuda: 0
INFO -- prepare : Model initialization complete
INFO -- prepare : Init optimizer
INFO -- prepare : Finish preparing Optimizer...
Info -- : start model training

  0%|          | 0/2000 [00:00<?, ?it/s]
Epoch 15 | postive loss : 8.63, negtive loss : 3.75, worst lambd: 64.61, worst gap: 0.97:   0%|          | 0/2000 [00:20<?, ?it/s]
Epoch 25 | postive loss : 4.24, negtive loss : 3.41, worst lambd: 23.79, worst gap: 0.14:   1%|▏         | 26/2000 [00:31<39:20,  1.20s/it]
Epoch 51 | postive loss : 2.56, negtive loss : 4.15, worst lambd: 12.22, worst gap: 0.09:   3%|▎         | 52/2000 [01:02<38:44,  1.19s/it]
Epoch 77 | postive loss : 2.05, negtive loss : 4.89, worst lambd: 14.27, worst gap: 0.10:   4%|▍         | 78/2000 [01:33<38:18,  1.20s/it]
Epoch 102 | postive loss : 1.69, negtive loss : 5.63, worst lambd: 11.22, worst gap: 0.14:   5%|▌         | 103/2000 [02:03<37:52,  1.20s/it]
Epoch 127 | postive loss : 1.41, negtive loss : 6.42, worst lambd: 11.22, worst gap: 0.14:   6%|▋         | 128/2000 [02:33<37:25,  1.20s/it]
Epoch 153 | postive loss : 1.23, negtive loss : 7.29, worst lambd: 11.58, worst gap: 0.12:   8%|▊         | 154/2000 [03:04<36:54,  1.20s/it]
Epoch 179 | postive loss : 1.09, negtive loss : 8.22, worst lambd: 11.09, worst gap: 0.13:   9%|▉         | 180/2000 [03:35<36:20,  1.20s/it]
Epoch 205 | postive loss : 1.00, negtive loss : 9.13, worst lambd: 10.13, worst gap: 0.22:  10%|█         | 206/2000 [04:06<35:46,  1.20s/it]
Epoch 231 | postive loss : 0.92, negtive loss : 9.85, worst lambd: 9.20, worst gap: 0.31:  12%|█▏        | 232/2000 [04:37<35:14,  1.20s/it] 
Epoch 257 | postive loss : 0.90, negtive loss : 10.41, worst lambd: 9.13, worst gap: 0.18:  13%|█▎        | 258/2000 [05:08<34:44,  1.20s/it]
Epoch 283 | postive loss : 0.85, negtive loss : 10.88, worst lambd: 9.07, worst gap: 0.45:  14%|█▍        | 284/2000 [05:39<34:09,  1.19s/it]
Epoch 309 | postive loss : 0.72, negtive loss : 11.41, worst lambd: 8.36, worst gap: 0.42:  16%|█▌        | 310/2000 [06:10<33:36,  1.19s/it]
Epoch 335 | postive loss : 0.74, negtive loss : 11.97, worst lambd: 7.10, worst gap: 0.59:  17%|█▋        | 336/2000 [06:41<33:03,  1.19s/it]
Epoch 361 | postive loss : 0.75, negtive loss : 12.31, worst lambd: 6.21, worst gap: 0.59:  18%|█▊        | 362/2000 [07:12<32:33,  1.19s/it]
Epoch 387 | postive loss : 0.74, negtive loss : 12.52, worst lambd: 5.35, worst gap: 0.35:  19%|█▉        | 388/2000 [07:43<32:03,  1.19s/it]
Epoch 413 | postive loss : 0.74, negtive loss : 12.71, worst lambd: 4.57, worst gap: 0.69:  21%|██        | 414/2000 [08:14<31:32,  1.19s/it]
Epoch 439 | postive loss : 0.75, negtive loss : 12.89, worst lambd: 3.91, worst gap: 0.53:  22%|██▏       | 440/2000 [08:45<31:00,  1.19s/it]
Epoch 465 | postive loss : 0.75, negtive loss : 13.06, worst lambd: 3.03, worst gap: 0.62:  23%|██▎       | 466/2000 [09:16<30:28,  1.19s/it]
Epoch 491 | postive loss : 0.75, negtive loss : 13.18, worst lambd: 2.61, worst gap: 0.43:  25%|██▍       | 492/2000 [09:47<29:56,  1.19s/it]
Epoch 517 | postive loss : 0.74, negtive loss : 13.34, worst lambd: 2.20, worst gap: 0.26:  26%|██▌       | 518/2000 [10:18<29:25,  1.19s/it]
Epoch 543 | postive loss : 0.75, negtive loss : 13.38, worst lambd: 1.96, worst gap: 0.80:  27%|██▋       | 544/2000 [10:49<28:53,  1.19s/it]
Epoch 569 | postive loss : 0.74, negtive loss : 13.49, worst lambd: 1.73, worst gap: 0.51:  28%|██▊       | 570/2000 [11:20<28:23,  1.19s/it]
Epoch 595 | postive loss : 0.73, negtive loss : 13.59, worst lambd: 1.74, worst gap: 0.86:  30%|██▉       | 596/2000 [11:51<27:50,  1.19s/it]
Epoch 621 | postive loss : 0.75, negtive loss : 13.84, worst lambd: 1.23, worst gap: 0.35:  31%|███       | 622/2000 [12:22<27:19,  1.19s/it]
Epoch 647 | postive loss : 0.75, negtive loss : 13.95, worst lambd: 1.23, worst gap: 0.92:  32%|███▏      | 648/2000 [12:53<26:48,  1.19s/it]
Epoch 673 | postive loss : 0.75, negtive loss : 14.03, worst lambd: 1.23, worst gap: 0.88:  34%|███▎      | 674/2000 [13:24<26:17,  1.19s/it]
Epoch 699 | postive loss : 0.75, negtive loss : 14.12, worst lambd: 1.30, worst gap: 1.01:  35%|███▌      | 700/2000 [13:55<25:45,  1.19s/it]
Epoch 724 | postive loss : 0.76, negtive loss : 14.19, worst lambd: 1.27, worst gap: 0.53:  36%|███▋      | 725/2000 [14:25<25:20,  1.19s/it]
Epoch 749 | postive loss : 0.76, negtive loss : 14.23, worst lambd: 1.32, worst gap: 0.72:  38%|███▊      | 750/2000 [14:55<24:54,  1.20s/it]
Epoch 774 | postive loss : 0.76, negtive loss : 14.28, worst lambd: 1.50, worst gap: 0.72:  39%|███▉      | 775/2000 [15:25<24:26,  1.20s/it]
Epoch 799 | postive loss : 0.76, negtive loss : 14.31, worst lambd: 1.26, worst gap: 0.69:  40%|████      | 800/2000 [15:55<23:59,  1.20s/it]
Epoch 824 | postive loss : 0.76, negtive loss : 14.37, worst lambd: 1.14, worst gap: 0.77:  41%|████▏     | 825/2000 [16:25<23:31,  1.20s/it]
Epoch 849 | postive loss : 0.76, negtive loss : 14.42, worst lambd: 1.28, worst gap: 0.51:  42%|████▎     | 850/2000 [16:55<23:01,  1.20s/it]
Epoch 875 | postive loss : 0.76, negtive loss : 14.47, worst lambd: 1.23, worst gap: 0.92:  44%|████▍     | 876/2000 [17:26<22:29,  1.20s/it]
Epoch 900 | postive loss : 0.77, negtive loss : 14.50, worst lambd: 1.15, worst gap: 0.77:  45%|████▌     | 901/2000 [17:56<22:00,  1.20s/it]
Epoch 925 | postive loss : 0.80, negtive loss : 14.60, worst lambd: 1.06, worst gap: 0.80:  46%|████▋     | 926/2000 [18:26<21:31,  1.20s/it]
Epoch 950 | postive loss : 0.80, negtive loss : 14.63, worst lambd: 1.13, worst gap: 0.79:  48%|████▊     | 951/2000 [18:57<21:04,  1.21s/it]
Epoch 975 | postive loss : 0.81, negtive loss : 14.67, worst lambd: 1.13, worst gap: 1.16:  49%|████▉     | 976/2000 [19:27<20:35,  1.21s/it]
Epoch 1000 | postive loss : 0.82, negtive loss : 14.71, worst lambd: 1.15, worst gap: 0.72:  50%|█████     | 1001/2000 [19:57<20:07,  1.21s/it]
Epoch 1025 | postive loss : 0.81, negtive loss : 14.72, worst lambd: 1.10, worst gap: 1.12:  51%|█████▏    | 1026/2000 [20:27<19:37,  1.21s/it]
Epoch 1050 | postive loss : 0.82, negtive loss : 14.75, worst lambd: 1.14, worst gap: 1.04:  53%|█████▎    | 1051/2000 [20:58<19:06,  1.21s/it]
Epoch 1075 | postive loss : 0.82, negtive loss : 14.76, worst lambd: 1.11, worst gap: 0.98:  54%|█████▍    | 1076/2000 [21:28<18:34,  1.21s/it]
Epoch 1100 | postive loss : 0.82, negtive loss : 14.75, worst lambd: 1.13, worst gap: 1.03:  55%|█████▌    | 1101/2000 [21:58<18:04,  1.21s/it]
Epoch 1125 | postive loss : 0.82, negtive loss : 14.77, worst lambd: 1.10, worst gap: 0.82:  56%|█████▋    | 1126/2000 [22:28<17:32,  1.20s/it]
Epoch 1151 | postive loss : 0.82, negtive loss : 14.82, worst lambd: 1.09, worst gap: 0.81:  58%|█████▊    | 1152/2000 [22:59<16:58,  1.20s/it]
Epoch 1177 | postive loss : 0.83, negtive loss : 14.82, worst lambd: 1.13, worst gap: 0.50:  59%|█████▉    | 1178/2000 [23:30<16:26,  1.20s/it]
Epoch 1203 | postive loss : 0.83, negtive loss : 14.84, worst lambd: 1.05, worst gap: 1.00:  60%|██████    | 1204/2000 [24:01<15:53,  1.20s/it]
Epoch 1229 | postive loss : 0.84, negtive loss : 14.90, worst lambd: 1.07, worst gap: 1.49:  62%|██████▏   | 1230/2000 [24:32<15:22,  1.20s/it]
Epoch 1255 | postive loss : 0.85, negtive loss : 14.90, worst lambd: 1.03, worst gap: 0.86:  63%|██████▎   | 1256/2000 [25:03<14:49,  1.20s/it]
Epoch 1281 | postive loss : 0.86, negtive loss : 14.94, worst lambd: 1.07, worst gap: 1.11:  64%|██████▍   | 1282/2000 [25:34<14:18,  1.20s/it]
Epoch 1307 | postive loss : 0.86, negtive loss : 14.94, worst lambd: 1.07, worst gap: 1.05:  65%|██████▌   | 1308/2000 [26:05<13:47,  1.20s/it]
Epoch 1333 | postive loss : 0.86, negtive loss : 14.94, worst lambd: 1.02, worst gap: 1.20:  67%|██████▋   | 1334/2000 [26:36<13:15,  1.19s/it]
Epoch 1359 | postive loss : 0.86, negtive loss : 14.95, worst lambd: 1.04, worst gap: 1.36:  68%|██████▊   | 1360/2000 [27:07<12:43,  1.19s/it]
Epoch 1385 | postive loss : 0.86, negtive loss : 14.94, worst lambd: 1.05, worst gap: 0.98:  69%|██████▉   | 1386/2000 [27:38<12:13,  1.19s/it]
Epoch 1411 | postive loss : 0.86, negtive loss : 14.97, worst lambd: 1.07, worst gap: 1.22:  71%|███████   | 1412/2000 [28:09<11:42,  1.19s/it]
Epoch 1437 | postive loss : 0.86, negtive loss : 14.98, worst lambd: 1.07, worst gap: 1.39:  72%|███████▏  | 1438/2000 [28:41<11:11,  1.20s/it]
Epoch 1462 | postive loss : 0.87, negtive loss : 14.96, worst lambd: 1.07, worst gap: 1.27:  73%|███████▎  | 1463/2000 [29:11<10:42,  1.20s/it]
Epoch 1487 | postive loss : 0.86, negtive loss : 15.00, worst lambd: 1.04, worst gap: 1.28:  74%|███████▍  | 1488/2000 [29:41<10:14,  1.20s/it]
Epoch 1512 | postive loss : 0.87, negtive loss : 15.00, worst lambd: 1.02, worst gap: 1.69:  76%|███████▌  | 1513/2000 [30:11<09:46,  1.20s/it]
Epoch 1537 | postive loss : 0.88, negtive loss : 15.03, worst lambd: 1.02, worst gap: 0.90:  77%|███████▋  | 1538/2000 [30:41<09:17,  1.21s/it]
Epoch 1562 | postive loss : 0.88, negtive loss : 15.03, worst lambd: 1.02, worst gap: 1.51:  78%|███████▊  | 1563/2000 [31:12<08:48,  1.21s/it]
Epoch 1588 | postive loss : 0.88, negtive loss : 15.03, worst lambd: 1.01, worst gap: 1.45:  79%|███████▉  | 1589/2000 [31:43<08:15,  1.20s/it]
Epoch 1614 | postive loss : 0.89, negtive loss : 15.04, worst lambd: 1.02, worst gap: 1.00:  81%|████████  | 1615/2000 [32:14<07:42,  1.20s/it]
Epoch 1640 | postive loss : 0.89, negtive loss : 15.04, worst lambd: 1.02, worst gap: 1.42:  82%|████████▏ | 1641/2000 [32:45<07:10,  1.20s/it]
Epoch 1666 | postive loss : 0.89, negtive loss : 15.04, worst lambd: 1.07, worst gap: 1.41:  83%|████████▎ | 1667/2000 [33:16<06:39,  1.20s/it]
Epoch 1692 | postive loss : 0.89, negtive loss : 15.05, worst lambd: 1.04, worst gap: 0.90:  85%|████████▍ | 1693/2000 [33:47<06:07,  1.20s/it]
Epoch 1717 | postive loss : 0.89, negtive loss : 15.05, worst lambd: 1.01, worst gap: 1.51:  86%|████████▌ | 1718/2000 [34:17<05:38,  1.20s/it]
Epoch 1742 | postive loss : 0.89, negtive loss : 15.05, worst lambd: 1.02, worst gap: 1.26:  87%|████████▋ | 1743/2000 [34:47<05:08,  1.20s/it]
Epoch 1767 | postive loss : 0.89, negtive loss : 15.07, worst lambd: 1.04, worst gap: 1.47:  88%|████████▊ | 1768/2000 [35:18<04:38,  1.20s/it]
Epoch 1792 | postive loss : 0.89, negtive loss : 15.07, worst lambd: 1.05, worst gap: 1.55:  90%|████████▉ | 1793/2000 [35:48<04:08,  1.20s/it]
Epoch 1817 | postive loss : 0.90, negtive loss : 15.07, worst lambd: 1.01, worst gap: 1.18:  91%|█████████ | 1818/2000 [36:18<03:38,  1.20s/it]
Epoch 1843 | postive loss : 0.90, negtive loss : 15.08, worst lambd: 1.01, worst gap: 1.37:  92%|█████████▏| 1844/2000 [36:49<03:06,  1.20s/it]
Epoch 1869 | postive loss : 0.90, negtive loss : 15.06, worst lambd: 1.01, worst gap: 1.15:  94%|█████████▎| 1870/2000 [37:20<02:35,  1.20s/it]
Epoch 1894 | postive loss : 0.90, negtive loss : 15.08, worst lambd: 1.02, worst gap: 1.41:  95%|█████████▍| 1895/2000 [37:50<02:05,  1.20s/it]
Epoch 1919 | postive loss : 0.90, negtive loss : 15.07, worst lambd: 1.00, worst gap: 1.70:  96%|█████████▌| 1920/2000 [38:20<01:36,  1.20s/it]
Epoch 1945 | postive loss : 0.91, negtive loss : 15.09, worst lambd: 1.01, worst gap: 1.17:  97%|█████████▋| 1946/2000 [38:51<01:04,  1.20s/it]
Epoch 1970 | postive loss : 0.91, negtive loss : 15.08, worst lambd: 1.01, worst gap: 1.21:  99%|█████████▊| 1971/2000 [39:21<00:34,  1.20s/it]
Epoch 1996 | postive loss : 0.90, negtive loss : 15.08, worst lambd: 1.01, worst gap: 1.45: 100%|█████████▉| 1997/2000 [39:52<00:03,  1.20s/it]
Epoch 1999 | postive loss : 0.91, negtive loss : 15.09, worst lambd: 1.02, worst gap: 1.17: 100%|██████████| 2000/2000 [39:56<00:00,  1.20s/it]
Info : finish model training
Info : save model sucessfully
Info : save sucessfully






2023-03-21 23:30:33
alpha: 1    batchsize: 16    dim: 128    epoch: 3000    gapMax: 2    gapmode: gap    lambdaMax: 0.5    learningrate: 0.004    lrdecay: 0.5    lrdecayEpoch: 300    modelname: SN2E    momentum: 0    negtsamplenum: 128    optimizer: Adam    vmax: 1000    vmin: 0.001    weightdecay: 0    
INFO -- prepare : Init model SN2E
INFO -- prepare : set model cuda: 0
INFO -- prepare : Model initialization complete
INFO -- prepare : Init optimizer
INFO -- prepare : Finish preparing Optimizer...
Info -- : start model training

  0%|          | 0/3000 [00:00<?, ?it/s]
Epoch 15 | postive loss : 8.64, negtive loss : 3.73, worst lambd: 77.78, worst gap: 0.68:   0%|          | 0/3000 [00:19<?, ?it/s]
Epoch 24 | postive loss : 4.39, negtive loss : 3.35, worst lambd: 27.29, worst gap: 0.26:   1%|          | 25/3000 [00:30<59:59,  1.21s/it]
Epoch 49 | postive loss : 2.62, negtive loss : 4.12, worst lambd: 15.70, worst gap: 0.07:   2%|▏         | 50/3000 [01:00<59:17,  1.21s/it]
Epoch 74 | postive loss : 2.03, negtive loss : 4.83, worst lambd: 11.45, worst gap: 0.04:   2%|▎         | 75/3000 [01:30<58:51,  1.21s/it]
Epoch 99 | postive loss : 1.67, negtive loss : 5.56, worst lambd: 10.77, worst gap: 0.05:   3%|▎         | 100/3000 [02:00<58:16,  1.21s/it]
Epoch 124 | postive loss : 1.34, negtive loss : 6.27, worst lambd: 10.17, worst gap: 0.09:   4%|▍         | 125/3000 [02:30<57:48,  1.21s/it]
Epoch 149 | postive loss : 1.07, negtive loss : 7.07, worst lambd: 10.89, worst gap: 0.13:   5%|▌         | 150/3000 [03:00<57:16,  1.21s/it]
Epoch 175 | postive loss : 0.86, negtive loss : 8.04, worst lambd: 10.51, worst gap: 0.16:   6%|▌         | 176/3000 [03:32<56:38,  1.20s/it]
Epoch 201 | postive loss : 0.69, negtive loss : 9.00, worst lambd: 10.87, worst gap: 0.16:   7%|▋         | 202/3000 [04:03<56:00,  1.20s/it]
Epoch 227 | postive loss : 0.58, negtive loss : 9.84, worst lambd: 10.05, worst gap: 0.20:   8%|▊         | 228/3000 [04:34<55:24,  1.20s/it]
Epoch 253 | postive loss : 0.53, negtive loss : 10.48, worst lambd: 9.45, worst gap: 0.21:   8%|▊         | 254/3000 [05:05<54:46,  1.20s/it]
Epoch 279 | postive loss : 0.50, negtive loss : 10.85, worst lambd: 9.32, worst gap: 0.18:   9%|▉         | 280/3000 [05:36<54:10,  1.19s/it]
Epoch 305 | postive loss : 0.40, negtive loss : 11.21, worst lambd: 8.53, worst gap: 0.35:  10%|█         | 306/3000 [06:07<53:34,  1.19s/it]
Epoch 331 | postive loss : 0.41, negtive loss : 11.85, worst lambd: 8.01, worst gap: 0.20:  11%|█         | 332/3000 [06:38<53:03,  1.19s/it]
Epoch 357 | postive loss : 0.41, negtive loss : 12.23, worst lambd: 7.17, worst gap: 0.26:  12%|█▏        | 358/3000 [07:09<52:30,  1.19s/it]
Epoch 383 | postive loss : 0.39, negtive loss : 12.46, worst lambd: 6.84, worst gap: 0.42:  13%|█▎        | 384/3000 [07:40<51:58,  1.19s/it]
Epoch 409 | postive loss : 0.40, negtive loss : 12.66, worst lambd: 6.28, worst gap: 0.51:  14%|█▎        | 410/3000 [08:11<51:29,  1.19s/it]
Epoch 435 | postive loss : 0.39, negtive loss : 12.81, worst lambd: 5.78, worst gap: 0.35:  15%|█▍        | 436/3000 [08:42<51:04,  1.20s/it]
Epoch 460 | postive loss : 0.39, negtive loss : 12.94, worst lambd: 5.44, worst gap: 0.26:  15%|█▌        | 461/3000 [09:12<50:41,  1.20s/it]
Epoch 485 | postive loss : 0.39, negtive loss : 13.04, worst lambd: 4.64, worst gap: 0.35:  16%|█▌        | 486/3000 [09:42<50:20,  1.20s/it]
Epoch 510 | postive loss : 0.39, negtive loss : 13.18, worst lambd: 4.35, worst gap: 0.20:  17%|█▋        | 511/3000 [10:12<49:51,  1.20s/it]
Epoch 535 | postive loss : 0.38, negtive loss : 13.25, worst lambd: 3.79, worst gap: 0.53:  18%|█▊        | 536/3000 [10:42<49:22,  1.20s/it]
Epoch 560 | postive loss : 0.38, negtive loss : 13.38, worst lambd: 3.39, worst gap: 0.33:  19%|█▊        | 561/3000 [11:12<48:53,  1.20s/it]
Epoch 585 | postive loss : 0.38, negtive loss : 13.46, worst lambd: 2.80, worst gap: 0.25:  20%|█▉        | 586/3000 [11:43<48:27,  1.20s/it]
Epoch 610 | postive loss : 0.37, negtive loss : 13.66, worst lambd: 1.89, worst gap: 0.54:  20%|██        | 611/3000 [12:13<47:57,  1.20s/it]
Epoch 635 | postive loss : 0.37, negtive loss : 13.82, worst lambd: 1.84, worst gap: 0.43:  21%|██        | 636/3000 [12:43<47:30,  1.21s/it]
Epoch 660 | postive loss : 0.37, negtive loss : 13.93, worst lambd: 1.65, worst gap: 0.23:  22%|██▏       | 661/3000 [13:13<47:04,  1.21s/it]
Epoch 686 | postive loss : 0.37, negtive loss : 14.08, worst lambd: 1.55, worst gap: 0.25:  23%|██▎       | 687/3000 [13:44<46:25,  1.20s/it]
Epoch 711 | postive loss : 0.37, negtive loss : 14.16, worst lambd: 1.38, worst gap: 0.42:  24%|██▎       | 712/3000 [14:15<45:57,  1.21s/it]
Epoch 736 | postive loss : 0.38, negtive loss : 14.25, worst lambd: 1.50, worst gap: 0.41:  25%|██▍       | 737/3000 [14:45<45:29,  1.21s/it]
Epoch 761 | postive loss : 0.38, negtive loss : 14.35, worst lambd: 1.52, worst gap: 0.32:  25%|██▌       | 762/3000 [15:15<45:00,  1.21s/it]
Epoch 787 | postive loss : 0.38, negtive loss : 14.39, worst lambd: 1.37, worst gap: 0.39:  26%|██▋       | 788/3000 [15:46<44:24,  1.20s/it]
Epoch 813 | postive loss : 0.37, negtive loss : 14.49, worst lambd: 1.27, worst gap: 0.37:  27%|██▋       | 814/3000 [16:17<43:47,  1.20s/it]
Epoch 839 | postive loss : 0.37, negtive loss : 14.56, worst lambd: 1.36, worst gap: 0.47:  28%|██▊       | 840/3000 [16:49<43:14,  1.20s/it]
Epoch 864 | postive loss : 0.38, negtive loss : 14.61, worst lambd: 1.43, worst gap: 0.56:  29%|██▉       | 865/3000 [17:19<42:43,  1.20s/it]
Epoch 889 | postive loss : 0.38, negtive loss : 14.67, worst lambd: 1.40, worst gap: 0.32:  30%|██▉       | 890/3000 [17:49<42:17,  1.20s/it]
Epoch 914 | postive loss : 0.39, negtive loss : 14.79, worst lambd: 1.25, worst gap: 0.39:  30%|███       | 915/3000 [18:19<41:55,  1.21s/it]
Epoch 939 | postive loss : 0.39, negtive loss : 14.86, worst lambd: 1.15, worst gap: 0.40:  31%|███▏      | 940/3000 [18:49<41:29,  1.21s/it]
Epoch 964 | postive loss : 0.40, negtive loss : 14.93, worst lambd: 1.06, worst gap: 0.48:  32%|███▏      | 965/3000 [19:20<41:00,  1.21s/it]
Epoch 989 | postive loss : 0.40, negtive loss : 14.96, worst lambd: 1.07, worst gap: 0.41:  33%|███▎      | 990/3000 [19:50<40:28,  1.21s/it]
Epoch 1015 | postive loss : 0.40, negtive loss : 15.03, worst lambd: 1.04, worst gap: 0.49:  34%|███▍      | 1016/3000 [20:21<39:51,  1.21s/it]
Epoch 1041 | postive loss : 0.40, negtive loss : 15.08, worst lambd: 1.01, worst gap: 0.32:  35%|███▍      | 1042/3000 [20:52<39:15,  1.20s/it]
Epoch 1066 | postive loss : 0.40, negtive loss : 15.09, worst lambd: 1.02, worst gap: 0.48:  36%|███▌      | 1067/3000 [21:22<38:45,  1.20s/it]
Epoch 1091 | postive loss : 0.40, negtive loss : 15.14, worst lambd: 0.95, worst gap: 0.47:  36%|███▋      | 1092/3000 [21:52<38:14,  1.20s/it]
Epoch 1116 | postive loss : 0.40, negtive loss : 15.19, worst lambd: 0.92, worst gap: 0.51:  37%|███▋      | 1117/3000 [22:22<37:43,  1.20s/it]
Epoch 1142 | postive loss : 0.40, negtive loss : 15.20, worst lambd: 1.04, worst gap: 0.79:  38%|███▊      | 1143/3000 [22:53<37:09,  1.20s/it]
Epoch 1167 | postive loss : 0.40, negtive loss : 15.23, worst lambd: 0.98, worst gap: 0.33:  39%|███▉      | 1168/3000 [23:23<36:39,  1.20s/it]
Epoch 1192 | postive loss : 0.40, negtive loss : 15.25, worst lambd: 0.94, worst gap: 0.63:  40%|███▉      | 1193/3000 [23:53<36:09,  1.20s/it]
Epoch 1218 | postive loss : 0.42, negtive loss : 15.33, worst lambd: 0.92, worst gap: 0.60:  41%|████      | 1219/3000 [24:25<35:37,  1.20s/it]
Epoch 1243 | postive loss : 0.42, negtive loss : 15.36, worst lambd: 0.87, worst gap: 0.58:  41%|████▏     | 1244/3000 [24:55<35:07,  1.20s/it]
Epoch 1269 | postive loss : 0.42, negtive loss : 15.39, worst lambd: 0.86, worst gap: 0.65:  42%|████▏     | 1270/3000 [25:26<34:33,  1.20s/it]
Epoch 1295 | postive loss : 0.43, negtive loss : 15.42, worst lambd: 0.86, worst gap: 0.95:  43%|████▎     | 1296/3000 [25:57<33:59,  1.20s/it]
Epoch 1321 | postive loss : 0.43, negtive loss : 15.46, worst lambd: 0.83, worst gap: 0.68:  44%|████▍     | 1322/3000 [26:28<33:26,  1.20s/it]
Epoch 1346 | postive loss : 0.43, negtive loss : 15.47, worst lambd: 0.83, worst gap: 0.58:  45%|████▍     | 1347/3000 [26:58<32:59,  1.20s/it]
Epoch 1371 | postive loss : 0.43, negtive loss : 15.49, worst lambd: 0.86, worst gap: 0.59:  46%|████▌     | 1372/3000 [27:28<32:33,  1.20s/it]
Epoch 1397 | postive loss : 0.43, negtive loss : 15.51, worst lambd: 0.82, worst gap: 0.33:  47%|████▋     | 1398/3000 [27:59<31:57,  1.20s/it]
Epoch 1423 | postive loss : 0.43, negtive loss : 15.52, worst lambd: 0.77, worst gap: 0.65:  47%|████▋     | 1424/3000 [28:30<31:24,  1.20s/it]
Epoch 1448 | postive loss : 0.43, negtive loss : 15.52, worst lambd: 0.81, worst gap: 0.59:  48%|████▊     | 1449/3000 [29:00<31:01,  1.20s/it]
Epoch 1473 | postive loss : 0.43, negtive loss : 15.52, worst lambd: 0.78, worst gap: 0.29:  49%|████▉     | 1474/3000 [29:30<30:31,  1.20s/it]
Epoch 1498 | postive loss : 0.43, negtive loss : 15.55, worst lambd: 0.79, worst gap: 0.59:  50%|████▉     | 1499/3000 [30:00<30:06,  1.20s/it]
Epoch 1523 | postive loss : 0.44, negtive loss : 15.59, worst lambd: 0.78, worst gap: 0.74:  51%|█████     | 1524/3000 [30:31<29:38,  1.21s/it]
Epoch 1548 | postive loss : 0.45, negtive loss : 15.60, worst lambd: 0.77, worst gap: 0.47:  52%|█████▏    | 1549/3000 [31:01<29:08,  1.21s/it]
Epoch 1573 | postive loss : 0.45, negtive loss : 15.60, worst lambd: 0.74, worst gap: 0.69:  52%|█████▏    | 1574/3000 [31:31<28:37,  1.20s/it]
Epoch 1598 | postive loss : 0.45, negtive loss : 15.63, worst lambd: 0.70, worst gap: 0.89:  53%|█████▎    | 1599/3000 [32:01<28:10,  1.21s/it]
Epoch 1623 | postive loss : 0.45, negtive loss : 15.62, worst lambd: 0.71, worst gap: 0.79:  54%|█████▍    | 1624/3000 [32:31<27:41,  1.21s/it]
Epoch 1648 | postive loss : 0.45, negtive loss : 15.64, worst lambd: 0.71, worst gap: 0.74:  55%|█████▍    | 1649/3000 [33:02<27:14,  1.21s/it]
Epoch 1673 | postive loss : 0.45, negtive loss : 15.66, worst lambd: 0.71, worst gap: 0.66:  56%|█████▌    | 1674/3000 [33:32<26:45,  1.21s/it]
Epoch 1698 | postive loss : 0.45, negtive loss : 15.67, worst lambd: 0.70, worst gap: 0.38:  57%|█████▋    | 1699/3000 [34:02<26:16,  1.21s/it]
Epoch 1723 | postive loss : 0.45, negtive loss : 15.69, worst lambd: 0.69, worst gap: 0.60:  57%|█████▋    | 1724/3000 [34:33<25:46,  1.21s/it]
Epoch 1748 | postive loss : 0.45, negtive loss : 15.68, worst lambd: 0.68, worst gap: 0.72:  58%|█████▊    | 1749/3000 [35:03<25:12,  1.21s/it]
Epoch 1773 | postive loss : 0.46, negtive loss : 15.70, worst lambd: 0.67, worst gap: 0.85:  59%|█████▉    | 1774/3000 [35:33<24:42,  1.21s/it]
Epoch 1798 | postive loss : 0.45, negtive loss : 15.70, worst lambd: 0.67, worst gap: 0.80:  60%|█████▉    | 1799/3000 [36:03<24:13,  1.21s/it]
Epoch 1824 | postive loss : 0.46, negtive loss : 15.71, worst lambd: 0.66, worst gap: 0.53:  61%|██████    | 1825/3000 [36:34<23:35,  1.21s/it]
Epoch 1850 | postive loss : 0.46, negtive loss : 15.73, worst lambd: 0.65, worst gap: 0.85:  62%|██████▏   | 1851/3000 [37:05<23:00,  1.20s/it]
Epoch 1875 | postive loss : 0.47, negtive loss : 15.72, worst lambd: 0.64, worst gap: 0.66:  63%|██████▎   | 1876/3000 [37:35<22:30,  1.20s/it]
Epoch 1901 | postive loss : 0.47, negtive loss : 15.75, worst lambd: 0.65, worst gap: 0.70:  63%|██████▎   | 1902/3000 [38:07<21:57,  1.20s/it]
Epoch 1926 | postive loss : 0.47, negtive loss : 15.77, worst lambd: 0.63, worst gap: 0.80:  64%|██████▍   | 1927/3000 [38:37<21:33,  1.21s/it]
Epoch 1951 | postive loss : 0.47, negtive loss : 15.74, worst lambd: 0.64, worst gap: 0.81:  65%|██████▌   | 1952/3000 [39:07<21:05,  1.21s/it]
Epoch 1976 | postive loss : 0.47, negtive loss : 15.74, worst lambd: 0.63, worst gap: 0.98:  66%|██████▌   | 1977/3000 [39:37<20:32,  1.21s/it]
Epoch 2002 | postive loss : 0.47, negtive loss : 15.75, worst lambd: 0.63, worst gap: 0.86:  67%|██████▋   | 2003/3000 [40:08<19:57,  1.20s/it]
Epoch 2028 | postive loss : 0.47, negtive loss : 15.75, worst lambd: 0.63, worst gap: 0.92:  68%|██████▊   | 2029/3000 [40:39<19:24,  1.20s/it]
Epoch 2054 | postive loss : 0.47, negtive loss : 15.78, worst lambd: 0.63, worst gap: 0.88:  68%|██████▊   | 2055/3000 [41:10<18:51,  1.20s/it]
Epoch 2080 | postive loss : 0.47, negtive loss : 15.76, worst lambd: 0.62, worst gap: 0.85:  69%|██████▉   | 2081/3000 [41:41<18:20,  1.20s/it]
Epoch 2106 | postive loss : 0.47, negtive loss : 15.77, worst lambd: 0.61, worst gap: 0.91:  70%|███████   | 2107/3000 [42:13<17:49,  1.20s/it]
Epoch 2132 | postive loss : 0.47, negtive loss : 15.78, worst lambd: 0.61, worst gap: 0.71:  71%|███████   | 2133/3000 [42:44<17:18,  1.20s/it]
Epoch 2157 | postive loss : 0.47, negtive loss : 15.78, worst lambd: 0.60, worst gap: 1.01:  72%|███████▏  | 2158/3000 [43:14<16:52,  1.20s/it]
Epoch 2183 | postive loss : 0.48, negtive loss : 15.79, worst lambd: 0.61, worst gap: 0.54:  73%|███████▎  | 2184/3000 [43:45<16:18,  1.20s/it]
Epoch 2209 | postive loss : 0.48, negtive loss : 15.80, worst lambd: 0.59, worst gap: 0.53:  74%|███████▎  | 2210/3000 [44:16<15:44,  1.20s/it]
Epoch 2235 | postive loss : 0.48, negtive loss : 15.79, worst lambd: 0.59, worst gap: 0.78:  75%|███████▍  | 2236/3000 [44:47<15:12,  1.19s/it]
Epoch 2261 | postive loss : 0.48, negtive loss : 15.82, worst lambd: 0.59, worst gap: 0.89:  75%|███████▌  | 2262/3000 [45:18<14:40,  1.19s/it]
Epoch 2287 | postive loss : 0.48, negtive loss : 15.79, worst lambd: 0.59, worst gap: 0.67:  76%|███████▋  | 2288/3000 [45:49<14:08,  1.19s/it]
Epoch 2313 | postive loss : 0.48, negtive loss : 15.81, worst lambd: 0.59, worst gap: 1.08:  77%|███████▋  | 2314/3000 [46:20<13:37,  1.19s/it]
Epoch 2339 | postive loss : 0.48, negtive loss : 15.80, worst lambd: 0.58, worst gap: 1.02:  78%|███████▊  | 2340/3000 [46:51<13:05,  1.19s/it]
Epoch 2365 | postive loss : 0.48, negtive loss : 15.80, worst lambd: 0.58, worst gap: 0.88:  79%|███████▉  | 2366/3000 [47:22<12:35,  1.19s/it]
Epoch 2391 | postive loss : 0.48, negtive loss : 15.82, worst lambd: 0.58, worst gap: 0.41:  80%|███████▉  | 2392/3000 [47:53<12:04,  1.19s/it]
Epoch 2417 | postive loss : 0.48, negtive loss : 15.81, worst lambd: 0.58, worst gap: 0.54:  81%|████████  | 2418/3000 [48:24<11:32,  1.19s/it]
Epoch 2443 | postive loss : 0.48, negtive loss : 15.83, worst lambd: 0.57, worst gap: 0.73:  81%|████████▏ | 2444/3000 [48:54<11:01,  1.19s/it]
Epoch 2469 | postive loss : 0.48, negtive loss : 15.81, worst lambd: 0.58, worst gap: 1.06:  82%|████████▏ | 2470/3000 [49:25<10:31,  1.19s/it]
Epoch 2494 | postive loss : 0.48, negtive loss : 15.82, worst lambd: 0.57, worst gap: 0.67:  83%|████████▎ | 2495/3000 [49:56<10:06,  1.20s/it]
Epoch 2519 | postive loss : 0.48, negtive loss : 15.83, worst lambd: 0.57, worst gap: 0.72:  84%|████████▍ | 2520/3000 [50:27<09:41,  1.21s/it]
Epoch 2544 | postive loss : 0.48, negtive loss : 15.83, worst lambd: 0.57, worst gap: 1.19:  85%|████████▍ | 2545/3000 [50:58<09:12,  1.22s/it]
Epoch 2569 | postive loss : 0.48, negtive loss : 15.84, worst lambd: 0.57, worst gap: 0.82:  86%|████████▌ | 2570/3000 [51:28<08:42,  1.22s/it]
Epoch 2594 | postive loss : 0.48, negtive loss : 15.82, worst lambd: 0.57, worst gap: 0.98:  86%|████████▋ | 2595/3000 [51:58<08:10,  1.21s/it]
Epoch 2619 | postive loss : 0.48, negtive loss : 15.83, worst lambd: 0.56, worst gap: 0.93:  87%|████████▋ | 2620/3000 [52:28<07:40,  1.21s/it]
Epoch 2645 | postive loss : 0.48, negtive loss : 15.84, worst lambd: 0.57, worst gap: 0.51:  88%|████████▊ | 2646/3000 [53:00<07:07,  1.21s/it]
Epoch 2671 | postive loss : 0.48, negtive loss : 15.80, worst lambd: 0.56, worst gap: 0.90:  89%|████████▉ | 2672/3000 [53:31<06:34,  1.20s/it]
Epoch 2697 | postive loss : 0.48, negtive loss : 15.84, worst lambd: 0.56, worst gap: 1.18:  90%|████████▉ | 2698/3000 [54:02<06:02,  1.20s/it]
Epoch 2723 | postive loss : 0.48, negtive loss : 15.84, worst lambd: 0.56, worst gap: 0.98:  91%|█████████ | 2724/3000 [54:33<05:30,  1.20s/it]
Epoch 2749 | postive loss : 0.48, negtive loss : 15.84, worst lambd: 0.56, worst gap: 0.63:  92%|█████████▏| 2750/3000 [55:04<04:59,  1.20s/it]
Epoch 2775 | postive loss : 0.48, negtive loss : 15.84, worst lambd: 0.56, worst gap: 0.76:  93%|█████████▎| 2776/3000 [55:35<04:28,  1.20s/it]
Epoch 2801 | postive loss : 0.48, negtive loss : 15.85, worst lambd: 0.56, worst gap: 0.72:  93%|█████████▎| 2802/3000 [56:06<03:56,  1.20s/it]
Epoch 2827 | postive loss : 0.48, negtive loss : 15.84, worst lambd: 0.56, worst gap: 0.97:  94%|█████████▍| 2828/3000 [56:37<03:25,  1.19s/it]
Epoch 2853 | postive loss : 0.48, negtive loss : 15.84, worst lambd: 0.55, worst gap: 0.69:  95%|█████████▌| 2854/3000 [57:08<02:54,  1.19s/it]
Epoch 2879 | postive loss : 0.48, negtive loss : 15.83, worst lambd: 0.55, worst gap: 1.08:  96%|█████████▌| 2880/3000 [57:39<02:23,  1.19s/it]
Epoch 2905 | postive loss : 0.48, negtive loss : 15.86, worst lambd: 0.56, worst gap: 0.90:  97%|█████████▋| 2906/3000 [58:10<01:52,  1.19s/it]
Epoch 2931 | postive loss : 0.48, negtive loss : 15.84, worst lambd: 0.55, worst gap: 1.04:  98%|█████████▊| 2932/3000 [58:41<01:20,  1.19s/it]
Epoch 2957 | postive loss : 0.48, negtive loss : 15.82, worst lambd: 0.55, worst gap: 0.77:  99%|█████████▊| 2958/3000 [59:12<00:49,  1.19s/it]
Epoch 2983 | postive loss : 0.48, negtive loss : 15.85, worst lambd: 0.55, worst gap: 0.51:  99%|█████████▉| 2984/3000 [59:43<00:19,  1.19s/it]
Epoch 2999 | postive loss : 0.48, negtive loss : 15.85, worst lambd: 0.55, worst gap: 0.90: 100%|██████████| 3000/3000 [1:00:02<00:00,  1.20s/it]
Info : finish model training
Info : save model sucessfully
Info : save sucessfully






2023-03-22 04:35:16
alpha: 1    batchsize: 16    dim: 128    epoch: 3000    gapMax: 2    gapmode: gap    lambdaMax: 0.5    learningrate: 0.004    lrdecay: 0.5    lrdecayEpoch: 300    modelname: SN2E    momentum: 0    negtsamplenum: 128    optimizer: Adam    vmax: 1000    vmin: 0.001    weightdecay: 0    
INFO -- prepare : Init model SN2E
INFO -- prepare : set model cuda: 0
INFO -- prepare : Model initialization complete
INFO -- prepare : Init optimizer
INFO -- prepare : Finish preparing Optimizer...
Info -- : start model training

  0%|          | 0/3000 [00:00<?, ?it/s]
Epoch 15 | postive loss : 10.64, negtive loss : 4.01, worst lambd: 27.61, worst gap: 0.07:   0%|          | 0/3000 [00:19<?, ?it/s]
Epoch 24 | postive loss : 5.38, negtive loss : 3.89, worst lambd: 16.23, worst gap: 0.04:   1%|          | 25/3000 [00:30<59:37,  1.20s/it]
Epoch 50 | postive loss : 3.41, negtive loss : 4.86, worst lambd: 16.10, worst gap: 0.06:   2%|▏         | 51/3000 [01:01<58:50,  1.20s/it]
Epoch 75 | postive loss : 2.70, negtive loss : 5.42, worst lambd: 15.16, worst gap: 0.04:   3%|▎         | 76/3000 [01:31<58:27,  1.20s/it]
Epoch 100 | postive loss : 1.98, negtive loss : 6.12, worst lambd: 11.97, worst gap: 0.02:   3%|▎         | 101/3000 [02:01<58:12,  1.20s/it]
Epoch 125 | postive loss : 1.48, negtive loss : 6.86, worst lambd: 11.07, worst gap: 0.02:   4%|▍         | 126/3000 [02:31<57:44,  1.21s/it]
Epoch 150 | postive loss : 1.16, negtive loss : 7.42, worst lambd: 9.62, worst gap: 0.03:   5%|▌         | 151/3000 [03:01<57:19,  1.21s/it] 
Epoch 175 | postive loss : 0.96, negtive loss : 7.99, worst lambd: 6.82, worst gap: 0.03:   6%|▌         | 176/3000 [03:32<56:45,  1.21s/it]
Epoch 200 | postive loss : 0.80, negtive loss : 7.93, worst lambd: 5.47, worst gap: 0.07:   7%|▋         | 201/3000 [04:02<56:17,  1.21s/it]
Epoch 225 | postive loss : 0.83, negtive loss : 7.98, worst lambd: 3.85, worst gap: 0.01:   8%|▊         | 226/3000 [04:32<55:47,  1.21s/it]
Epoch 249 | postive loss : 0.65, negtive loss : 8.01, worst lambd: 5.58, worst gap: 0.04:   8%|▊         | 250/3000 [05:02<55:54,  1.22s/it]
Epoch 275 | postive loss : 0.60, negtive loss : 7.65, worst lambd: 4.02, worst gap: 0.05:   9%|▉         | 276/3000 [05:33<55:04,  1.21s/it]
Epoch 301 | postive loss : 0.52, negtive loss : 7.74, worst lambd: 3.59, worst gap: 0.05:  10%|█         | 302/3000 [06:04<54:20,  1.21s/it]
Epoch 327 | postive loss : 0.46, negtive loss : 8.28, worst lambd: 3.50, worst gap: 0.06:  11%|█         | 328/3000 [06:35<53:40,  1.21s/it]
Epoch 353 | postive loss : 0.44, negtive loss : 8.48, worst lambd: 3.11, worst gap: 0.08:  12%|█▏        | 354/3000 [07:07<53:03,  1.20s/it]
Epoch 379 | postive loss : 0.40, negtive loss : 8.49, worst lambd: 3.16, worst gap: 0.14:  13%|█▎        | 380/3000 [07:38<52:28,  1.20s/it]
Epoch 404 | postive loss : 0.44, negtive loss : 8.57, worst lambd: 3.04, worst gap: 0.06:  14%|█▎        | 405/3000 [08:08<51:57,  1.20s/it]
Epoch 430 | postive loss : 0.39, negtive loss : 8.63, worst lambd: 2.69, worst gap: 0.10:  14%|█▍        | 431/3000 [08:39<51:21,  1.20s/it]
Epoch 456 | postive loss : 0.46, negtive loss : 8.73, worst lambd: 2.54, worst gap: 0.03:  15%|█▌        | 457/3000 [09:10<50:50,  1.20s/it]
Epoch 482 | postive loss : 0.38, negtive loss : 8.94, worst lambd: 2.22, worst gap: 0.13:  16%|█▌        | 483/3000 [09:41<50:17,  1.20s/it]
Epoch 508 | postive loss : 0.43, negtive loss : 8.95, worst lambd: 2.12, worst gap: 0.08:  17%|█▋        | 509/3000 [10:12<49:40,  1.20s/it]
Epoch 534 | postive loss : 0.42, negtive loss : 8.97, worst lambd: 2.19, worst gap: 0.07:  18%|█▊        | 535/3000 [10:43<49:06,  1.20s/it]
Epoch 560 | postive loss : 0.42, negtive loss : 8.88, worst lambd: 2.15, worst gap: 0.11:  19%|█▊        | 561/3000 [11:14<48:36,  1.20s/it]
Epoch 585 | postive loss : 0.47, negtive loss : 9.20, worst lambd: 1.98, worst gap: 0.04:  20%|█▉        | 586/3000 [11:44<48:12,  1.20s/it]
Epoch 611 | postive loss : 0.37, negtive loss : 9.41, worst lambd: 1.94, worst gap: 0.06:  20%|██        | 612/3000 [12:15<47:37,  1.20s/it]
Epoch 637 | postive loss : 0.37, negtive loss : 9.74, worst lambd: 1.89, worst gap: 0.04:  21%|██▏       | 638/3000 [12:46<47:03,  1.20s/it]
Epoch 662 | postive loss : 0.37, negtive loss : 9.91, worst lambd: 1.80, worst gap: 0.07:  22%|██▏       | 663/3000 [13:16<46:41,  1.20s/it]
Epoch 687 | postive loss : 0.38, negtive loss : 9.92, worst lambd: 1.67, worst gap: 0.09:  23%|██▎       | 688/3000 [13:47<46:22,  1.20s/it]
Epoch 713 | postive loss : 0.37, negtive loss : 9.99, worst lambd: 1.65, worst gap: 0.06:  24%|██▍       | 714/3000 [14:18<45:50,  1.20s/it]
Epoch 738 | postive loss : 0.37, negtive loss : 10.24, worst lambd: 1.63, worst gap: 0.09:  25%|██▍       | 739/3000 [14:48<45:27,  1.21s/it]
Epoch 763 | postive loss : 0.35, negtive loss : 10.24, worst lambd: 1.63, worst gap: 0.12:  25%|██▌       | 764/3000 [15:19<44:55,  1.21s/it]
Epoch 788 | postive loss : 0.35, negtive loss : 10.27, worst lambd: 1.89, worst gap: 0.09:  26%|██▋       | 789/3000 [15:49<44:25,  1.21s/it]
Epoch 813 | postive loss : 0.35, negtive loss : 10.32, worst lambd: 1.57, worst gap: 0.13:  27%|██▋       | 814/3000 [16:19<43:55,  1.21s/it]Traceback (most recent call last):
  File "Train.py", line 2, in <module>
    from line_profiler import LineProfiler
ImportError: No module named 'line_profiler'






2023-03-22 04:54:31
alpha: 1    batchsize: 16    dim: 128    epoch: 3000    gapMax: 3    gapmode: gap    lambdaMax: 1    learningrate: 0.004    lrdecay: 0.5    lrdecayEpoch: 300    modelname: SN2E    momentum: 0    negtsamplenum: 128    optimizer: Adam    vmax: 10000    vmin: 0.0001    weightdecay: 0    
INFO -- prepare : Init model SN2E
INFO -- prepare : set model cuda: 0
INFO -- prepare : Model initialization complete
INFO -- prepare : Init optimizer
INFO -- prepare : Finish preparing Optimizer...
Info -- : start model training

  0%|          | 0/3000 [00:00<?, ?it/s]
Epoch 15 | postive loss : 11.57, negtive loss : 4.82, worst lambd: 29.19, worst gap: 0.05:   0%|          | 0/3000 [00:19<?, ?it/s]
Epoch 24 | postive loss : 6.03, negtive loss : 5.26, worst lambd: 18.88, worst gap: 0.06:   1%|          | 25/3000 [00:30<59:48,  1.21s/it]
Epoch 49 | postive loss : 3.86, negtive loss : 6.54, worst lambd: 15.45, worst gap: 0.07:   2%|▏         | 50/3000 [01:00<59:16,  1.21s/it]
Epoch 74 | postive loss : 2.99, negtive loss : 7.56, worst lambd: 13.40, worst gap: 0.04:   2%|▎         | 75/3000 [01:30<59:03,  1.21s/it]
Epoch 99 | postive loss : 2.34, negtive loss : 8.42, worst lambd: 11.14, worst gap: 0.07:   3%|▎         | 100/3000 [02:01<58:33,  1.21s/it]
Epoch 124 | postive loss : 1.72, negtive loss : 9.78, worst lambd: 12.64, worst gap: 0.10:   4%|▍         | 125/3000 [02:31<58:25,  1.22s/it]
Epoch 149 | postive loss : 1.39, negtive loss : 10.94, worst lambd: 8.26, worst gap: 0.05:   5%|▌         | 150/3000 [03:02<57:52,  1.22s/it]
Epoch 174 | postive loss : 1.20, negtive loss : 11.06, worst lambd: 9.33, worst gap: 0.04:   6%|▌         | 175/3000 [03:32<57:10,  1.21s/it]
Epoch 199 | postive loss : 1.08, negtive loss : 11.59, worst lambd: 6.24, worst gap: 0.01:   7%|▋         | 200/3000 [04:02<56:43,  1.22s/it]
Epoch 224 | postive loss : 1.05, negtive loss : 11.49, worst lambd: 5.38, worst gap: 0.03:   8%|▊         | 225/3000 [04:33<56:13,  1.22s/it]
Epoch 249 | postive loss : 0.99, negtive loss : 11.16, worst lambd: 4.13, worst gap: 0.04:   8%|▊         | 250/3000 [05:03<55:46,  1.22s/it]
Epoch 274 | postive loss : 0.94, negtive loss : 11.40, worst lambd: 4.60, worst gap: 0.05:   9%|▉         | 275/3000 [05:33<55:06,  1.21s/it]
Epoch 299 | postive loss : 1.05, negtive loss : 10.58, worst lambd: 4.22, worst gap: 0.06:  10%|█         | 300/3000 [06:04<54:35,  1.21s/it]
Epoch 324 | postive loss : 0.75, negtive loss : 12.74, worst lambd: 1.99, worst gap: 0.04:  11%|█         | 325/3000 [06:34<54:01,  1.21s/it]
Epoch 349 | postive loss : 0.72, negtive loss : 13.33, worst lambd: 3.07, worst gap: 0.08:  12%|█▏        | 350/3000 [07:04<53:36,  1.21s/it]
Epoch 374 | postive loss : 0.70, negtive loss : 13.67, worst lambd: 2.02, worst gap: 0.05:  12%|█▎        | 375/3000 [07:35<53:00,  1.21s/it]
Epoch 399 | postive loss : 0.70, negtive loss : 13.74, worst lambd: 2.28, worst gap: 0.10:  13%|█▎        | 400/3000 [08:05<52:22,  1.21s/it]
Epoch 424 | postive loss : 0.68, negtive loss : 14.30, worst lambd: 2.67, worst gap: 0.10:  14%|█▍        | 425/3000 [08:35<51:48,  1.21s/it]
Epoch 449 | postive loss : 0.69, negtive loss : 14.45, worst lambd: 1.98, worst gap: 0.04:  15%|█▌        | 450/3000 [09:05<51:17,  1.21s/it]
Epoch 474 | postive loss : 0.64, negtive loss : 14.62, worst lambd: 1.81, worst gap: 0.13:  16%|█▌        | 475/3000 [09:35<50:47,  1.21s/it]
Epoch 499 | postive loss : 0.75, negtive loss : 14.63, worst lambd: 2.82, worst gap: 0.08:  17%|█▋        | 500/3000 [10:05<50:20,  1.21s/it]
Epoch 524 | postive loss : 0.64, negtive loss : 14.85, worst lambd: 1.82, worst gap: 0.18:  18%|█▊        | 525/3000 [10:35<49:47,  1.21s/it]
Epoch 549 | postive loss : 0.65, negtive loss : 14.64, worst lambd: 1.88, worst gap: 0.20:  18%|█▊        | 550/3000 [11:05<49:13,  1.21s/it]
Epoch 574 | postive loss : 0.67, negtive loss : 14.90, worst lambd: 3.00, worst gap: 0.01:  19%|█▉        | 575/3000 [11:36<48:42,  1.21s/it]
Epoch 599 | postive loss : 0.66, negtive loss : 14.70, worst lambd: 2.55, worst gap: 0.17:  20%|██        | 600/3000 [12:06<48:11,  1.20s/it]
Epoch 624 | postive loss : 0.62, negtive loss : 15.40, worst lambd: 1.48, worst gap: 0.19:  21%|██        | 625/3000 [12:36<47:39,  1.20s/it]
Epoch 649 | postive loss : 0.61, negtive loss : 15.78, worst lambd: 1.23, worst gap: 0.35:  22%|██▏       | 650/3000 [13:06<47:09,  1.20s/it]
Epoch 674 | postive loss : 0.62, negtive loss : 16.00, worst lambd: 1.36, worst gap: 0.20:  22%|██▎       | 675/3000 [13:36<46:39,  1.20s/it]
Epoch 699 | postive loss : 0.62, negtive loss : 16.27, worst lambd: 1.74, worst gap: 0.12:  23%|██▎       | 700/3000 [14:06<46:08,  1.20s/it]
Epoch 725 | postive loss : 0.65, negtive loss : 16.23, worst lambd: 1.50, worst gap: 0.19:  24%|██▍       | 726/3000 [14:37<45:31,  1.20s/it]
Epoch 751 | postive loss : 0.62, negtive loss : 16.48, worst lambd: 1.76, worst gap: 0.28:  25%|██▌       | 752/3000 [15:08<44:57,  1.20s/it]
Epoch 777 | postive loss : 0.61, negtive loss : 16.61, worst lambd: 2.22, worst gap: 0.06:  26%|██▌       | 778/3000 [15:39<44:25,  1.20s/it]
Epoch 803 | postive loss : 0.63, negtive loss : 16.66, worst lambd: 1.51, worst gap: 0.23:  27%|██▋       | 804/3000 [16:10<43:51,  1.20s/it]
Epoch 829 | postive loss : 0.63, negtive loss : 16.79, worst lambd: 1.64, worst gap: 0.16:  28%|██▊       | 830/3000 [16:42<43:21,  1.20s/it]
Epoch 854 | postive loss : 0.63, negtive loss : 16.82, worst lambd: 1.54, worst gap: 0.24:  28%|██▊       | 855/3000 [17:12<42:55,  1.20s/it]
Epoch 879 | postive loss : 0.60, negtive loss : 16.91, worst lambd: 1.35, worst gap: 0.28:  29%|██▉       | 880/3000 [17:42<42:27,  1.20s/it]
Epoch 904 | postive loss : 0.66, negtive loss : 17.03, worst lambd: 1.18, worst gap: 0.18:  30%|███       | 905/3000 [18:12<41:58,  1.20s/it]
Epoch 929 | postive loss : 0.63, negtive loss : 17.32, worst lambd: 1.26, worst gap: 0.35:  31%|███       | 930/3000 [18:42<41:35,  1.21s/it]
Epoch 954 | postive loss : 0.63, negtive loss : 17.45, worst lambd: 1.37, worst gap: 0.04:  32%|███▏      | 955/3000 [19:12<41:05,  1.21s/it]
Epoch 979 | postive loss : 0.62, negtive loss : 17.57, worst lambd: 1.20, worst gap: 0.37:  33%|███▎      | 980/3000 [19:43<40:36,  1.21s/it]
Epoch 1004 | postive loss : 0.64, negtive loss : 17.63, worst lambd: 1.31, worst gap: 0.21:  34%|███▎      | 1005/3000 [20:13<40:07,  1.21s/it]
Epoch 1029 | postive loss : 0.64, negtive loss : 17.74, worst lambd: 1.22, worst gap: 0.20:  34%|███▍      | 1030/3000 [20:43<39:41,  1.21s/it]
Epoch 1054 | postive loss : 0.64, negtive loss : 17.80, worst lambd: 1.17, worst gap: 0.45:  35%|███▌      | 1055/3000 [21:14<39:13,  1.21s/it]
Epoch 1079 | postive loss : 0.63, negtive loss : 17.89, worst lambd: 1.25, worst gap: 0.22:  36%|███▌      | 1080/3000 [21:44<38:46,  1.21s/it]
Epoch 1104 | postive loss : 0.64, negtive loss : 17.92, worst lambd: 1.23, worst gap: 0.39:  37%|███▋      | 1105/3000 [22:14<38:17,  1.21s/it]
Epoch 1129 | postive loss : 0.65, negtive loss : 17.93, worst lambd: 1.12, worst gap: 0.37:  38%|███▊      | 1130/3000 [22:45<37:46,  1.21s/it]
Epoch 1154 | postive loss : 0.65, negtive loss : 18.01, worst lambd: 1.24, worst gap: 0.35:  38%|███▊      | 1155/3000 [23:15<37:19,  1.21s/it]
Epoch 1179 | postive loss : 0.62, negtive loss : 18.13, worst lambd: 1.15, worst gap: 0.58:  39%|███▉      | 1180/3000 [23:45<36:48,  1.21s/it]
Epoch 1204 | postive loss : 0.67, negtive loss : 18.18, worst lambd: 1.07, worst gap: 0.25:  40%|████      | 1205/3000 [24:15<36:14,  1.21s/it]
Epoch 1229 | postive loss : 0.68, negtive loss : 18.26, worst lambd: 1.15, worst gap: 0.28:  41%|████      | 1230/3000 [24:46<35:40,  1.21s/it]
Epoch 1255 | postive loss : 0.69, negtive loss : 18.33, worst lambd: 1.04, worst gap: 0.58:  42%|████▏     | 1256/3000 [25:17<35:02,  1.21s/it]
Epoch 1280 | postive loss : 0.68, negtive loss : 18.35, worst lambd: 1.07, worst gap: 0.74:  43%|████▎     | 1281/3000 [25:48<34:46,  1.21s/it]
Epoch 1305 | postive loss : 0.69, negtive loss : 18.44, worst lambd: 1.13, worst gap: 0.20:  44%|████▎     | 1306/3000 [26:18<34:13,  1.21s/it]
Epoch 1330 | postive loss : 0.69, negtive loss : 18.46, worst lambd: 1.15, worst gap: 0.54:  44%|████▍     | 1331/3000 [26:48<33:39,  1.21s/it]
Epoch 1355 | postive loss : 0.68, negtive loss : 18.49, worst lambd: 1.11, worst gap: 0.18:  45%|████▌     | 1356/3000 [27:18<33:07,  1.21s/it]
Epoch 1380 | postive loss : 0.69, negtive loss : 18.55, worst lambd: 1.22, worst gap: 0.08:  46%|████▌     | 1381/3000 [27:48<32:36,  1.21s/it]
Epoch 1405 | postive loss : 0.69, negtive loss : 18.58, worst lambd: 1.08, worst gap: 0.41:  47%|████▋     | 1406/3000 [28:18<32:06,  1.21s/it]
Epoch 1430 | postive loss : 0.69, negtive loss : 18.60, worst lambd: 1.24, worst gap: 0.38:  48%|████▊     | 1431/3000 [28:49<31:34,  1.21s/it]
Epoch 1455 | postive loss : 0.69, negtive loss : 18.66, worst lambd: 1.13, worst gap: 0.21:  49%|████▊     | 1456/3000 [29:19<31:04,  1.21s/it]
Epoch 1480 | postive loss : 0.71, negtive loss : 18.62, worst lambd: 1.13, worst gap: 0.36:  49%|████▉     | 1481/3000 [29:49<30:33,  1.21s/it]
Epoch 1505 | postive loss : 0.72, negtive loss : 18.67, worst lambd: 1.08, worst gap: 0.12:  50%|█████     | 1506/3000 [30:19<30:02,  1.21s/it]
Epoch 1530 | postive loss : 0.72, negtive loss : 18.74, worst lambd: 1.11, worst gap: 0.55:  51%|█████     | 1531/3000 [30:49<29:31,  1.21s/it]
Epoch 1555 | postive loss : 0.72, negtive loss : 18.75, worst lambd: 1.06, worst gap: 0.63:  52%|█████▏    | 1556/3000 [31:19<29:01,  1.21s/it]
Epoch 1580 | postive loss : 0.73, negtive loss : 18.81, worst lambd: 1.07, worst gap: 0.39:  53%|█████▎    | 1581/3000 [31:49<28:30,  1.21s/it]
Epoch 1606 | postive loss : 0.72, negtive loss : 18.82, worst lambd: 1.07, worst gap: 0.42:  54%|█████▎    | 1607/3000 [32:21<27:56,  1.20s/it]
Epoch 1632 | postive loss : 0.73, negtive loss : 18.85, worst lambd: 1.06, worst gap: 0.58:  54%|█████▍    | 1633/3000 [32:52<27:22,  1.20s/it]
Epoch 1658 | postive loss : 0.73, negtive loss : 18.84, worst lambd: 1.10, worst gap: 0.19:  55%|█████▌    | 1659/3000 [33:23<26:49,  1.20s/it]
Epoch 1684 | postive loss : 0.73, negtive loss : 18.90, worst lambd: 1.06, worst gap: 0.52:  56%|█████▌    | 1685/3000 [33:54<26:17,  1.20s/it]
Epoch 1710 | postive loss : 0.72, negtive loss : 18.90, worst lambd: 1.13, worst gap: 0.08:  57%|█████▋    | 1711/3000 [34:25<25:44,  1.20s/it]
Epoch 1736 | postive loss : 0.73, negtive loss : 18.92, worst lambd: 1.14, worst gap: 0.28:  58%|█████▊    | 1737/3000 [34:56<25:12,  1.20s/it]
Epoch 1762 | postive loss : 0.73, negtive loss : 18.95, worst lambd: 1.05, worst gap: 0.49:  59%|█████▉    | 1763/3000 [35:27<24:40,  1.20s/it]
Epoch 1787 | postive loss : 0.74, negtive loss : 18.93, worst lambd: 1.06, worst gap: 0.40:  60%|█████▉    | 1788/3000 [35:57<24:12,  1.20s/it]
Epoch 1812 | postive loss : 0.74, negtive loss : 18.96, worst lambd: 1.05, worst gap: 0.78:  60%|██████    | 1813/3000 [36:28<23:46,  1.20s/it]
Epoch 1837 | postive loss : 0.75, negtive loss : 18.97, worst lambd: 1.05, worst gap: 0.35:  61%|██████▏   | 1838/3000 [36:58<23:17,  1.20s/it]
Epoch 1862 | postive loss : 0.75, negtive loss : 19.01, worst lambd: 1.03, worst gap: 0.53:  62%|██████▏   | 1863/3000 [37:28<22:48,  1.20s/it]
Epoch 1888 | postive loss : 0.76, negtive loss : 19.03, worst lambd: 1.06, worst gap: 0.14:  63%|██████▎   | 1889/3000 [37:59<22:13,  1.20s/it]
Epoch 1914 | postive loss : 0.75, negtive loss : 19.04, worst lambd: 1.03, worst gap: 0.57:  64%|██████▍   | 1915/3000 [38:30<21:39,  1.20s/it]
Epoch 1940 | postive loss : 0.75, negtive loss : 19.05, worst lambd: 1.03, worst gap: 0.54:  65%|██████▍   | 1941/3000 [39:01<21:06,  1.20s/it]
Epoch 1966 | postive loss : 0.75, negtive loss : 19.05, worst lambd: 1.04, worst gap: 0.29:  66%|██████▌   | 1967/3000 [39:32<20:33,  1.19s/it]
Epoch 1992 | postive loss : 0.76, negtive loss : 19.07, worst lambd: 1.05, worst gap: 0.21:  66%|██████▋   | 1993/3000 [40:03<20:01,  1.19s/it]
Epoch 2018 | postive loss : 0.75, negtive loss : 19.09, worst lambd: 1.05, worst gap: 0.41:  67%|██████▋   | 2019/3000 [40:34<19:30,  1.19s/it]
Epoch 2044 | postive loss : 0.75, negtive loss : 19.08, worst lambd: 1.07, worst gap: 0.17:  68%|██████▊   | 2045/3000 [41:05<18:58,  1.19s/it]
Epoch 2070 | postive loss : 0.75, negtive loss : 19.10, worst lambd: 1.02, worst gap: 0.36:  69%|██████▉   | 2071/3000 [41:36<18:27,  1.19s/it]
Epoch 2096 | postive loss : 0.75, negtive loss : 19.12, worst lambd: 1.03, worst gap: 0.33:  70%|██████▉   | 2097/3000 [42:07<17:56,  1.19s/it]
Epoch 2122 | postive loss : 0.76, negtive loss : 19.12, worst lambd: 1.01, worst gap: 0.71:  71%|███████   | 2123/3000 [42:38<17:25,  1.19s/it]
Epoch 2147 | postive loss : 0.77, negtive loss : 19.12, worst lambd: 1.02, worst gap: 0.17:  72%|███████▏  | 2148/3000 [43:08<16:58,  1.20s/it]
Epoch 2173 | postive loss : 0.77, negtive loss : 19.13, worst lambd: 1.01, worst gap: 0.83:  72%|███████▏  | 2174/3000 [43:39<16:27,  1.20s/it]
Epoch 2198 | postive loss : 0.77, negtive loss : 19.12, worst lambd: 1.01, worst gap: 0.35:  73%|███████▎  | 2199/3000 [44:09<15:59,  1.20s/it]
Epoch 2223 | postive loss : 0.77, negtive loss : 19.17, worst lambd: 1.01, worst gap: 0.72:  74%|███████▍  | 2224/3000 [44:39<15:30,  1.20s/it]
Epoch 2249 | postive loss : 0.77, negtive loss : 19.18, worst lambd: 1.02, worst gap: 0.75:  75%|███████▌  | 2250/3000 [45:10<14:59,  1.20s/it]
Epoch 2274 | postive loss : 0.77, negtive loss : 19.17, worst lambd: 1.02, worst gap: 0.63:  76%|███████▌  | 2275/3000 [45:40<14:29,  1.20s/it]
Epoch 2299 | postive loss : 0.77, negtive loss : 19.19, worst lambd: 1.01, worst gap: 0.36:  77%|███████▋  | 2300/3000 [46:10<14:00,  1.20s/it]
Epoch 2324 | postive loss : 0.77, negtive loss : 19.17, worst lambd: 1.01, worst gap: 0.94:  78%|███████▊  | 2325/3000 [46:40<13:30,  1.20s/it]
Epoch 2350 | postive loss : 0.77, negtive loss : 19.18, worst lambd: 1.01, worst gap: 0.51:  78%|███████▊  | 2351/3000 [47:11<12:58,  1.20s/it]
Epoch 2376 | postive loss : 0.77, negtive loss : 19.20, worst lambd: 1.01, worst gap: 0.74:  79%|███████▉  | 2377/3000 [47:43<12:27,  1.20s/it]
Epoch 2402 | postive loss : 0.77, negtive loss : 19.18, worst lambd: 1.01, worst gap: 0.44:  80%|████████  | 2403/3000 [48:14<11:55,  1.20s/it]
Epoch 2427 | postive loss : 0.78, negtive loss : 19.20, worst lambd: 1.00, worst gap: 0.29:  81%|████████  | 2428/3000 [48:44<11:26,  1.20s/it]
Epoch 2452 | postive loss : 0.78, negtive loss : 19.19, worst lambd: 1.02, worst gap: 0.17:  82%|████████▏ | 2453/3000 [49:14<10:56,  1.20s/it]
Epoch 2477 | postive loss : 0.78, negtive loss : 19.21, worst lambd: 1.01, worst gap: 0.29:  83%|████████▎ | 2478/3000 [49:44<10:26,  1.20s/it]
Epoch 2502 | postive loss : 0.78, negtive loss : 19.22, worst lambd: 1.00, worst gap: 0.36:  83%|████████▎ | 2503/3000 [50:14<09:57,  1.20s/it]
Epoch 2527 | postive loss : 0.78, negtive loss : 19.22, worst lambd: 1.01, worst gap: 0.68:  84%|████████▍ | 2528/3000 [50:44<09:27,  1.20s/it]
Epoch 2553 | postive loss : 0.78, negtive loss : 19.22, worst lambd: 1.01, worst gap: 0.38:  85%|████████▌ | 2554/3000 [51:15<08:55,  1.20s/it]
Epoch 2579 | postive loss : 0.78, negtive loss : 19.22, worst lambd: 1.01, worst gap: 0.53:  86%|████████▌ | 2580/3000 [51:46<08:23,  1.20s/it]
Epoch 2605 | postive loss : 0.78, negtive loss : 19.23, worst lambd: 1.01, worst gap: 0.30:  87%|████████▋ | 2606/3000 [52:17<07:51,  1.20s/it]
Epoch 2631 | postive loss : 0.78, negtive loss : 19.24, worst lambd: 1.02, worst gap: 0.53:  88%|████████▊ | 2632/3000 [52:48<07:20,  1.20s/it]
Epoch 2657 | postive loss : 0.78, negtive loss : 19.24, worst lambd: 1.01, worst gap: 0.56:  89%|████████▊ | 2658/3000 [53:19<06:48,  1.20s/it]
Epoch 2683 | postive loss : 0.78, negtive loss : 19.23, worst lambd: 1.01, worst gap: 0.61:  89%|████████▉ | 2684/3000 [53:50<06:17,  1.19s/it]
Epoch 2709 | postive loss : 0.78, negtive loss : 19.26, worst lambd: 1.01, worst gap: 0.22:  90%|█████████ | 2710/3000 [54:21<05:46,  1.19s/it]
Epoch 2735 | postive loss : 0.78, negtive loss : 19.23, worst lambd: 1.01, worst gap: 0.20:  91%|█████████ | 2736/3000 [54:52<05:14,  1.19s/it]
Epoch 2761 | postive loss : 0.78, negtive loss : 19.26, worst lambd: 1.00, worst gap: 0.65:  92%|█████████▏| 2762/3000 [55:23<04:43,  1.19s/it]
Epoch 2787 | postive loss : 0.78, negtive loss : 19.26, worst lambd: 1.01, worst gap: 0.52:  93%|█████████▎| 2788/3000 [55:54<04:12,  1.19s/it]
Epoch 2813 | postive loss : 0.78, negtive loss : 19.24, worst lambd: 1.00, worst gap: 0.53:  94%|█████████▍| 2814/3000 [56:26<03:42,  1.20s/it]
Epoch 2838 | postive loss : 0.78, negtive loss : 19.25, worst lambd: 1.00, worst gap: 0.78:  95%|█████████▍| 2839/3000 [56:56<03:13,  1.20s/it]
Epoch 2864 | postive loss : 0.78, negtive loss : 19.24, worst lambd: 1.00, worst gap: 0.50:  96%|█████████▌| 2865/3000 [57:27<02:42,  1.20s/it]
Epoch 2889 | postive loss : 0.78, negtive loss : 19.26, worst lambd: 1.01, worst gap: 0.90:  96%|█████████▋| 2890/3000 [57:58<02:12,  1.20s/it]
Epoch 2914 | postive loss : 0.78, negtive loss : 19.27, worst lambd: 1.00, worst gap: 0.78:  97%|█████████▋| 2915/3000 [58:28<01:42,  1.20s/it]
Epoch 2939 | postive loss : 0.78, negtive loss : 19.25, worst lambd: 1.01, worst gap: 0.30:  98%|█████████▊| 2940/3000 [58:58<01:12,  1.20s/it]
Epoch 2964 | postive loss : 0.78, negtive loss : 19.28, worst lambd: 1.00, worst gap: 0.61:  99%|█████████▉| 2965/3000 [59:28<00:42,  1.21s/it]
Epoch 2989 | postive loss : 0.78, negtive loss : 19.28, worst lambd: 1.00, worst gap: 0.67: 100%|█████████▉| 2990/3000 [59:59<00:12,  1.21s/it]
Epoch 2999 | postive loss : 0.78, negtive loss : 19.25, worst lambd: 1.01, worst gap: 0.50: 100%|██████████| 3000/3000 [1:00:11<00:00,  1.20s/it]
Info : finish model training
Info : save model sucessfully
Info : save sucessfully






2023-03-22 15:54:48
alpha: 1    batchsize: 16    dim: 128    epoch: 3000    gapMax: 3    gapmode: gap    lambdaMax: 1    learningrate: 0.004    lrdecay: 0.75    lrdecayEpoch: 300    modelname: SN2E    momentum: 0    negtsamplenum: 128    optimizer: Adam    vmax: 10000    vmin: 0.0001    weightdecay: 0    
INFO -- prepare : Init model SN2E
INFO -- prepare : set model cuda: 0
INFO -- prepare : Model initialization complete
INFO -- prepare : Init optimizer
INFO -- prepare : Finish preparing Optimizer...
Info -- : start model training

  0%|          | 0/3000 [00:00<?, ?it/s]
Epoch 7 | postive loss : 55.15, negtive loss : 18.00, worst lambd: 170.80, worst gap: 0.14:   0%|          | 0/3000 [00:19<?, ?it/s]
Epoch 13 | postive loss : 15.39, negtive loss : 6.03, worst lambd: 42.90, worst gap: 0.05:   0%|          | 14/3000 [00:30<1:49:02,  2.19s/it]
Epoch 42 | postive loss : 3.87, negtive loss : 6.53, worst lambd: 16.18, worst gap: 0.08:   1%|▏         | 43/3000 [01:01<1:06:30,  1.35s/it] 
Epoch 71 | postive loss : 2.77, negtive loss : 7.89, worst lambd: 13.73, worst gap: 0.08:   2%|▏         | 72/3000 [01:31<58:06,  1.19s/it]  
Epoch 92 | postive loss : 2.33, negtive loss : 8.68, worst lambd: 11.85, worst gap: 0.01:   3%|▎         | 93/3000 [02:04<1:03:44,  1.32s/it]
Epoch 103 | postive loss : 1.91, negtive loss : 9.35, worst lambd: 12.08, worst gap: 0.14:   3%|▎         | 104/3000 [02:37<1:20:28,  1.67s/it]
Epoch 127 | postive loss : 1.47, negtive loss : 10.49, worst lambd: 8.55, worst gap: 0.16:   4%|▍         | 128/3000 [03:08<1:12:25,  1.51s/it]
Epoch 156 | postive loss : 1.27, negtive loss : 11.54, worst lambd: 10.61, worst gap: 0.00:   5%|▌         | 157/3000 [03:38<1:03:08,  1.33s/it]
Epoch 185 | postive loss : 1.10, negtive loss : 12.45, worst lambd: 5.84, worst gap: 0.04:   6%|▌         | 186/3000 [04:09<57:54,  1.23s/it]   
Epoch 213 | postive loss : 0.86, negtive loss : 12.62, worst lambd: 4.06, worst gap: 0.11:   7%|▋         | 214/3000 [04:39<54:50,  1.18s/it]
Epoch 232 | postive loss : 0.88, negtive loss : 12.71, worst lambd: 4.79, worst gap: 0.06:   8%|▊         | 233/3000 [05:10<59:13,  1.28s/it]
Epoch 242 | postive loss : 0.86, negtive loss : 13.01, worst lambd: 4.99, worst gap: 0.11:   8%|▊         | 243/3000 [05:45<1:14:58,  1.63s/it]
Epoch 269 | postive loss : 0.82, negtive loss : 12.89, worst lambd: 3.94, worst gap: 0.07:   9%|▉         | 270/3000 [06:16<1:05:50,  1.45s/it]
Epoch 297 | postive loss : 0.80, negtive loss : 13.02, worst lambd: 3.67, worst gap: 0.06:  10%|▉         | 298/3000 [06:46<59:09,  1.31s/it]  
Epoch 325 | postive loss : 0.77, negtive loss : 13.59, worst lambd: 3.01, worst gap: 0.04:  11%|█         | 326/3000 [07:16<55:11,  1.24s/it]
Epoch 346 | postive loss : 0.77, negtive loss : 13.82, worst lambd: 2.61, worst gap: 0.09:  12%|█▏        | 347/3000 [07:47<57:05,  1.29s/it]
Epoch 361 | postive loss : 0.69, negtive loss : 14.21, worst lambd: 2.32, worst gap: 0.11:  12%|█▏        | 362/3000 [08:17<1:03:34,  1.45s/it]
Epoch 377 | postive loss : 0.72, negtive loss : 14.09, worst lambd: 2.75, worst gap: 0.10:  13%|█▎        | 378/3000 [08:48<1:08:13,  1.56s/it]
Epoch 406 | postive loss : 0.89, negtive loss : 14.23, worst lambd: 5.17, worst gap: 0.01:  14%|█▎        | 407/3000 [09:18<58:46,  1.36s/it]  
Epoch 435 | postive loss : 0.67, negtive loss : 14.23, worst lambd: 2.14, worst gap: 0.10:  15%|█▍        | 436/3000 [09:48<53:17,  1.25s/it]
Epoch 464 | postive loss : 0.75, negtive loss : 14.06, worst lambd: 2.58, worst gap: 0.09:  16%|█▌        | 465/3000 [10:18<49:47,  1.18s/it]
Epoch 493 | postive loss : 0.66, negtive loss : 14.52, worst lambd: 2.31, worst gap: 0.15:  16%|█▋        | 494/3000 [10:49<47:22,  1.13s/it]
Epoch 522 | postive loss : 0.78, negtive loss : 14.23, worst lambd: 2.63, worst gap: 0.02:  17%|█▋        | 523/3000 [11:19<45:37,  1.11s/it]
Epoch 551 | postive loss : 0.69, negtive loss : 14.36, worst lambd: 3.00, worst gap: 0.07:  18%|█▊        | 552/3000 [11:49<44:17,  1.09s/it]
Epoch 580 | postive loss : 0.66, negtive loss : 14.71, worst lambd: 2.64, worst gap: 0.14:  19%|█▉        | 581/3000 [12:19<43:13,  1.07s/it]
Epoch 609 | postive loss : 0.67, negtive loss : 14.78, worst lambd: 2.64, worst gap: 0.14:  20%|██        | 610/3000 [12:50<42:22,  1.06s/it]
Epoch 634 | postive loss : 0.67, negtive loss : 15.06, worst lambd: 1.61, worst gap: 0.16:  21%|██        | 635/3000 [13:20<43:47,  1.11s/it]
Epoch 663 | postive loss : 0.62, negtive loss : 15.33, worst lambd: 1.95, worst gap: 0.15:  22%|██▏       | 664/3000 [13:51<42:42,  1.10s/it]
Epoch 692 | postive loss : 0.67, negtive loss : 15.46, worst lambd: 2.05, worst gap: 0.10:  23%|██▎       | 693/3000 [14:22<41:47,  1.09s/it]
Epoch 721 | postive loss : 0.72, negtive loss : 15.31, worst lambd: 2.32, worst gap: 0.18:  24%|██▍       | 722/3000 [14:53<41:00,  1.08s/it]
Epoch 749 | postive loss : 0.64, negtive loss : 15.81, worst lambd: 1.84, worst gap: 0.06:  25%|██▌       | 750/3000 [15:23<40:26,  1.08s/it]
Epoch 778 | postive loss : 0.60, negtive loss : 16.03, worst lambd: 2.56, worst gap: 0.20:  26%|██▌       | 779/3000 [15:54<39:45,  1.07s/it]
Epoch 807 | postive loss : 0.60, negtive loss : 16.24, worst lambd: 2.10, worst gap: 0.27:  27%|██▋       | 808/3000 [16:25<39:08,  1.07s/it]
Epoch 835 | postive loss : 0.61, negtive loss : 16.39, worst lambd: 2.18, worst gap: 0.16:  28%|██▊       | 836/3000 [16:55<38:44,  1.07s/it]
Epoch 859 | postive loss : 0.64, negtive loss : 16.24, worst lambd: 1.99, worst gap: 0.13:  29%|██▊       | 860/3000 [17:25<40:01,  1.12s/it]
Epoch 888 | postive loss : 0.63, negtive loss : 15.93, worst lambd: 1.75, worst gap: 0.15:  30%|██▉       | 889/3000 [17:56<38:51,  1.10s/it]
Epoch 916 | postive loss : 0.61, negtive loss : 16.33, worst lambd: 2.05, worst gap: 0.08:  31%|███       | 917/3000 [18:26<38:03,  1.10s/it]
Epoch 944 | postive loss : 0.61, negtive loss : 16.59, worst lambd: 1.72, worst gap: 0.17:  32%|███▏      | 945/3000 [18:57<37:21,  1.09s/it]
Epoch 968 | postive loss : 0.56, negtive loss : 16.76, worst lambd: 1.79, worst gap: 0.27:  32%|███▏      | 969/3000 [19:27<38:25,  1.14s/it]
Epoch 996 | postive loss : 0.63, negtive loss : 16.92, worst lambd: 2.90, worst gap: 0.06:  33%|███▎      | 997/3000 [19:57<37:14,  1.12s/it]
Epoch 1022 | postive loss : 0.58, negtive loss : 17.13, worst lambd: 1.87, worst gap: 0.28:  34%|███▍      | 1023/3000 [20:29<37:50,  1.15s/it]
Epoch 1038 | postive loss : 0.57, negtive loss : 17.34, worst lambd: 1.72, worst gap: 0.25:  35%|███▍      | 1039/3000 [21:04<44:37,  1.37s/it]
Epoch 1053 | postive loss : 0.62, negtive loss : 17.13, worst lambd: 2.03, worst gap: 0.19:  35%|███▌      | 1054/3000 [21:34<48:52,  1.51s/it]
Epoch 1082 | postive loss : 0.61, negtive loss : 17.47, worst lambd: 2.54, worst gap: 0.13:  36%|███▌      | 1083/3000 [22:05<42:54,  1.34s/it]
Epoch 1110 | postive loss : 0.63, negtive loss : 17.45, worst lambd: 1.64, worst gap: 0.14:  37%|███▋      | 1111/3000 [22:35<39:25,  1.25s/it]
Epoch 1138 | postive loss : 0.59, negtive loss : 17.48, worst lambd: 1.93, worst gap: 0.33:  38%|███▊      | 1139/3000 [23:05<37:00,  1.19s/it]
Epoch 1166 | postive loss : 0.58, negtive loss : 17.94, worst lambd: 2.35, worst gap: 0.11:  39%|███▉      | 1167/3000 [23:35<35:17,  1.16s/it]
Epoch 1194 | postive loss : 0.55, negtive loss : 17.98, worst lambd: 1.82, worst gap: 0.45:  40%|███▉      | 1195/3000 [24:06<34:04,  1.13s/it]
Epoch 1223 | postive loss : 0.57, negtive loss : 18.30, worst lambd: 1.34, worst gap: 0.53:  41%|████      | 1224/3000 [24:37<32:54,  1.11s/it]
Epoch 1252 | postive loss : 0.63, negtive loss : 18.26, worst lambd: 1.41, worst gap: 0.30:  42%|████▏     | 1253/3000 [25:07<31:48,  1.09s/it]
Epoch 1281 | postive loss : 0.54, negtive loss : 18.44, worst lambd: 1.63, worst gap: 0.40:  43%|████▎     | 1282/3000 [25:38<30:59,  1.08s/it]
Epoch 1310 | postive loss : 0.59, negtive loss : 18.45, worst lambd: 2.09, worst gap: 0.36:  44%|████▎     | 1311/3000 [26:09<30:15,  1.07s/it]
Epoch 1339 | postive loss : 0.60, negtive loss : 18.56, worst lambd: 2.10, worst gap: 0.09:  45%|████▍     | 1340/3000 [26:39<29:38,  1.07s/it]
Epoch 1368 | postive loss : 0.55, negtive loss : 18.84, worst lambd: 1.47, worst gap: 0.29:  46%|████▌     | 1369/3000 [27:11<29:07,  1.07s/it]
Epoch 1396 | postive loss : 0.54, negtive loss : 18.93, worst lambd: 1.51, worst gap: 0.30:  47%|████▋     | 1397/3000 [27:41<28:37,  1.07s/it]
Epoch 1425 | postive loss : 0.62, negtive loss : 18.99, worst lambd: 1.82, worst gap: 0.09:  48%|████▊     | 1426/3000 [28:11<28:02,  1.07s/it]
Epoch 1454 | postive loss : 0.57, negtive loss : 19.17, worst lambd: 1.75, worst gap: 0.28:  48%|████▊     | 1455/3000 [28:42<27:29,  1.07s/it]
Epoch 1482 | postive loss : 0.57, negtive loss : 19.23, worst lambd: 1.98, worst gap: 0.13:  49%|████▉     | 1483/3000 [29:12<27:02,  1.07s/it]
Epoch 1511 | postive loss : 0.60, negtive loss : 19.29, worst lambd: 1.30, worst gap: 0.28:  50%|█████     | 1512/3000 [29:43<26:30,  1.07s/it]
Epoch 1539 | postive loss : 0.55, negtive loss : 19.48, worst lambd: 1.35, worst gap: 0.46:  51%|█████▏    | 1540/3000 [30:13<26:02,  1.07s/it]
Epoch 1567 | postive loss : 0.62, negtive loss : 19.28, worst lambd: 1.27, worst gap: 0.43:  52%|█████▏    | 1568/3000 [30:43<25:35,  1.07s/it]
Epoch 1596 | postive loss : 0.54, negtive loss : 19.64, worst lambd: 1.31, worst gap: 0.51:  53%|█████▎    | 1597/3000 [31:14<25:02,  1.07s/it]
Epoch 1625 | postive loss : 0.57, negtive loss : 19.68, worst lambd: 1.68, worst gap: 0.35:  54%|█████▍    | 1626/3000 [31:45<24:31,  1.07s/it]
Epoch 1653 | postive loss : 0.54, negtive loss : 19.89, worst lambd: 1.46, worst gap: 0.58:  55%|█████▌    | 1654/3000 [32:16<24:05,  1.07s/it]
Epoch 1677 | postive loss : 0.64, negtive loss : 19.64, worst lambd: 1.66, worst gap: 0.07:  56%|█████▌    | 1678/3000 [32:46<24:42,  1.12s/it]
Epoch 1702 | postive loss : 0.66, negtive loss : 19.68, worst lambd: 1.85, worst gap: 0.05:  57%|█████▋    | 1703/3000 [33:18<25:13,  1.17s/it]
Epoch 1719 | postive loss : 0.55, negtive loss : 19.94, worst lambd: 1.32, worst gap: 0.52:  57%|█████▋    | 1720/3000 [33:49<27:51,  1.31s/it]
Epoch 1732 | postive loss : 0.57, negtive loss : 19.98, worst lambd: 1.39, worst gap: 0.21:  58%|█████▊    | 1733/3000 [34:21<32:21,  1.53s/it]
Epoch 1760 | postive loss : 0.57, negtive loss : 20.04, worst lambd: 1.55, worst gap: 0.31:  59%|█████▊    | 1761/3000 [34:51<28:08,  1.36s/it]
Epoch 1789 | postive loss : 0.56, negtive loss : 20.19, worst lambd: 1.44, worst gap: 0.29:  60%|█████▉    | 1790/3000 [35:22<25:23,  1.26s/it]
Epoch 1818 | postive loss : 0.56, negtive loss : 20.31, worst lambd: 1.24, worst gap: 0.31:  61%|██████    | 1819/3000 [35:53<23:29,  1.19s/it]
Epoch 1846 | postive loss : 0.54, negtive loss : 20.43, worst lambd: 1.29, worst gap: 0.39:  62%|██████▏   | 1847/3000 [36:24<22:21,  1.16s/it]
Epoch 1865 | postive loss : 0.58, negtive loss : 20.51, worst lambd: 1.31, worst gap: 0.60:  62%|██████▏   | 1866/3000 [36:55<24:03,  1.27s/it]
Epoch 1881 | postive loss : 0.58, negtive loss : 20.42, worst lambd: 1.44, worst gap: 0.38:  63%|██████▎   | 1882/3000 [37:27<26:52,  1.44s/it]
Epoch 1901 | postive loss : 0.58, negtive loss : 20.59, worst lambd: 1.39, worst gap: 0.38:  63%|██████▎   | 1902/3000 [37:57<26:41,  1.46s/it]
Epoch 1929 | postive loss : 0.55, negtive loss : 20.63, worst lambd: 1.27, worst gap: 0.33:  64%|██████▍   | 1930/3000 [38:27<23:31,  1.32s/it]
Epoch 1958 | postive loss : 0.59, negtive loss : 20.54, worst lambd: 1.50, worst gap: 0.54:  65%|██████▌   | 1959/3000 [38:58<21:20,  1.23s/it]
Epoch 1986 | postive loss : 0.56, negtive loss : 20.71, worst lambd: 1.25, worst gap: 0.54:  66%|██████▌   | 1987/3000 [39:28<19:55,  1.18s/it]
Epoch 2008 | postive loss : 0.56, negtive loss : 20.83, worst lambd: 1.25, worst gap: 0.65:  67%|██████▋   | 2009/3000 [39:59<20:22,  1.23s/it]
Epoch 2024 | postive loss : 0.55, negtive loss : 20.83, worst lambd: 1.55, worst gap: 0.74:  68%|██████▊   | 2025/3000 [40:30<22:32,  1.39s/it]
Epoch 2038 | postive loss : 0.59, negtive loss : 20.84, worst lambd: 1.68, worst gap: 0.80:  68%|██████▊   | 2039/3000 [41:00<24:52,  1.55s/it]
Epoch 2067 | postive loss : 0.57, negtive loss : 20.81, worst lambd: 1.38, worst gap: 0.59:  69%|██████▉   | 2068/3000 [41:31<21:12,  1.37s/it]
Epoch 2091 | postive loss : 0.57, negtive loss : 20.91, worst lambd: 1.49, worst gap: 0.43:  70%|██████▉   | 2092/3000 [42:02<20:18,  1.34s/it]
Epoch 2107 | postive loss : 0.58, negtive loss : 21.05, worst lambd: 1.46, worst gap: 0.47:  70%|███████   | 2108/3000 [42:34<22:16,  1.50s/it]
Epoch 2135 | postive loss : 0.58, negtive loss : 21.06, worst lambd: 1.25, worst gap: 0.46:  71%|███████   | 2136/3000 [43:04<19:20,  1.34s/it]
Epoch 2163 | postive loss : 0.60, negtive loss : 21.03, worst lambd: 1.26, worst gap: 0.36:  72%|███████▏  | 2164/3000 [43:35<17:25,  1.25s/it]
Epoch 2191 | postive loss : 0.59, negtive loss : 21.17, worst lambd: 1.23, worst gap: 1.03:  73%|███████▎  | 2192/3000 [44:05<16:05,  1.20s/it]
Epoch 2219 | postive loss : 0.58, negtive loss : 21.19, worst lambd: 1.38, worst gap: 0.52:  74%|███████▍  | 2220/3000 [44:35<15:01,  1.16s/it]
Epoch 2247 | postive loss : 0.57, negtive loss : 21.28, worst lambd: 1.28, worst gap: 0.98:  75%|███████▍  | 2248/3000 [45:05<14:09,  1.13s/it]
Epoch 2272 | postive loss : 0.58, negtive loss : 21.27, worst lambd: 1.22, worst gap: 0.73:  76%|███████▌  | 2273/3000 [45:36<14:01,  1.16s/it]
Epoch 2287 | postive loss : 0.58, negtive loss : 21.33, worst lambd: 1.63, worst gap: 0.67:  76%|███████▋  | 2288/3000 [46:08<16:06,  1.36s/it]
Epoch 2316 | postive loss : 0.60, negtive loss : 21.38, worst lambd: 1.36, worst gap: 0.42:  77%|███████▋  | 2317/3000 [46:39<14:16,  1.25s/it]
Epoch 2345 | postive loss : 0.60, negtive loss : 21.41, worst lambd: 1.30, worst gap: 0.38:  78%|███████▊  | 2346/3000 [47:10<12:58,  1.19s/it]
Epoch 2373 | postive loss : 0.58, negtive loss : 21.42, worst lambd: 1.25, worst gap: 0.45:  79%|███████▉  | 2374/3000 [47:40<12:02,  1.15s/it]
Epoch 2394 | postive loss : 0.58, negtive loss : 21.49, worst lambd: 1.35, worst gap: 0.56:  80%|███████▉  | 2395/3000 [48:12<12:35,  1.25s/it]
Epoch 2406 | postive loss : 0.63, negtive loss : 21.40, worst lambd: 1.10, worst gap: 0.92:  80%|████████  | 2407/3000 [48:43<14:33,  1.47s/it]
Epoch 2435 | postive loss : 0.60, negtive loss : 21.50, worst lambd: 1.35, worst gap: 0.60:  81%|████████  | 2436/3000 [49:13<12:23,  1.32s/it]
Epoch 2454 | postive loss : 0.59, negtive loss : 21.55, worst lambd: 1.17, worst gap: 1.01:  82%|████████▏ | 2455/3000 [49:44<12:37,  1.39s/it]
Epoch 2464 | postive loss : 0.60, negtive loss : 21.58, worst lambd: 1.17, worst gap: 0.69:  82%|████████▏ | 2465/3000 [50:15<14:55,  1.67s/it]
Epoch 2487 | postive loss : 0.60, negtive loss : 21.57, worst lambd: 1.08, worst gap: 0.97:  83%|████████▎ | 2488/3000 [50:45<13:13,  1.55s/it]
Epoch 2516 | postive loss : 0.60, negtive loss : 21.67, worst lambd: 1.26, worst gap: 0.69:  84%|████████▍ | 2517/3000 [51:16<10:58,  1.36s/it]
Epoch 2545 | postive loss : 0.63, negtive loss : 21.57, worst lambd: 1.14, worst gap: 0.64:  85%|████████▍ | 2546/3000 [51:47<09:30,  1.26s/it]
Epoch 2573 | postive loss : 0.61, negtive loss : 21.72, worst lambd: 1.15, worst gap: 0.98:  86%|████████▌ | 2574/3000 [52:17<08:29,  1.20s/it]
Epoch 2597 | postive loss : 0.60, negtive loss : 21.78, worst lambd: 1.26, worst gap: 0.89:  87%|████████▋ | 2598/3000 [52:48<08:11,  1.22s/it]
Epoch 2609 | postive loss : 0.61, negtive loss : 21.76, worst lambd: 1.25, worst gap: 0.04:  87%|████████▋ | 2610/3000 [53:21<09:36,  1.48s/it]
Epoch 2617 | postive loss : 0.65, negtive loss : 21.71, worst lambd: 1.25, worst gap: 0.30:  87%|████████▋ | 2618/3000 [53:57<12:05,  1.90s/it]
Epoch 2646 | postive loss : 0.61, negtive loss : 21.74, worst lambd: 1.13, worst gap: 1.18:  88%|████████▊ | 2647/3000 [54:28<09:07,  1.55s/it]
Epoch 2675 | postive loss : 0.60, negtive loss : 21.84, worst lambd: 1.19, worst gap: 0.53:  89%|████████▉ | 2676/3000 [54:59<07:24,  1.37s/it]
Epoch 2704 | postive loss : 0.62, negtive loss : 21.78, worst lambd: 1.16, worst gap: 1.09:  90%|█████████ | 2705/3000 [55:30<06:13,  1.27s/it]
Epoch 2725 | postive loss : 0.62, negtive loss : 21.87, worst lambd: 1.06, worst gap: 0.69:  91%|█████████ | 2726/3000 [56:01<06:02,  1.32s/it]
Epoch 2746 | postive loss : 0.61, negtive loss : 21.90, worst lambd: 1.08, worst gap: 0.43:  92%|█████████▏| 2747/3000 [56:32<05:44,  1.36s/it]
Epoch 2767 | postive loss : 0.62, negtive loss : 21.89, worst lambd: 1.09, worst gap: 1.05:  92%|█████████▏| 2768/3000 [57:03<05:23,  1.39s/it]
Epoch 2788 | postive loss : 0.63, negtive loss : 21.94, worst lambd: 1.15, worst gap: 0.77:  93%|█████████▎| 2789/3000 [57:34<04:59,  1.42s/it]
Epoch 2812 | postive loss : 0.64, negtive loss : 21.88, worst lambd: 1.24, worst gap: 0.59:  94%|█████████▍| 2813/3000 [58:05<04:16,  1.37s/it]
Epoch 2841 | postive loss : 0.63, negtive loss : 21.99, worst lambd: 1.18, worst gap: 0.89:  95%|█████████▍| 2842/3000 [58:36<03:19,  1.27s/it]
Epoch 2870 | postive loss : 0.63, negtive loss : 21.97, worst lambd: 1.15, worst gap: 0.60:  96%|█████████▌| 2871/3000 [59:06<02:34,  1.20s/it]
Epoch 2899 | postive loss : 0.64, negtive loss : 21.99, worst lambd: 1.09, worst gap: 0.77:  97%|█████████▋| 2900/3000 [59:37<01:55,  1.15s/it]
Epoch 2928 | postive loss : 0.66, negtive loss : 21.94, worst lambd: 1.25, worst gap: 0.10:  98%|█████████▊| 2929/3000 [1:00:08<01:19,  1.13s/it]
Epoch 2957 | postive loss : 0.64, negtive loss : 22.01, worst lambd: 1.18, worst gap: 0.62:  99%|█████████▊| 2958/3000 [1:00:39<00:46,  1.11s/it]
Epoch 2980 | postive loss : 0.63, negtive loss : 22.03, worst lambd: 1.09, worst gap: 1.17:  99%|█████████▉| 2981/3000 [1:01:10<00:22,  1.17s/it]
Epoch 2999 | postive loss : 0.62, negtive loss : 22.16, worst lambd: 1.20, worst gap: 0.54: 100%|██████████| 3000/3000 [1:01:38<00:00,  1.23s/it]