2023-03-13 11:05:58
alpha: 0.1    batchsize: 128    dim: 64    epoch: 500    gapMax_defi: -1    gapMax_prim: -0.5    lambdaMax: 0.5    learningrate: 0.002    lrdecay: 1    lrdecayEpoch: 250    modelname: SN2E    momentum: 0    negtsamplenum: 100    optimizer: Adam    vmax: 100    vmin: 0.01    weightdecay: 0    
INFO -- prepare : Init model SN2E
INFO -- prepare : set model cuda: 0
INFO -- prepare : Model initialization complete
INFO -- prepare : Init optimizer
INFO -- prepare : Finish preparing Optimizer...
Info -- : start model training

  0%|          | 0/500 [00:00<?, ?it/s]
Epoch 9 | postive loss : 10588.87, negtive prim loss : 895.72, negtive defi loss : 1081.28, worst lambd: 19793.73, worst prim gap: 151.93, worst defi gap: 168.34:   2%|▏         | 10/500 [00:18<15:20,  1.88s/it]
Epoch 15 | postive loss : 6743.02, negtive prim loss : 782.55, negtive defi loss : 946.60, worst lambd: 14193.17, worst prim gap: 41.46, worst defi gap: 57.73:   2%|▏         | 10/500 [00:30<15:20,  1.88s/it]   
Epoch 16 | postive loss : 6317.60, negtive prim loss : 765.29, negtive defi loss : 926.54, worst lambd: 13732.37, worst prim gap: 33.78, worst defi gap: 46.22:   3%|▎         | 17/500 [00:31<15:00,  1.86s/it]
Epoch 17 | postive loss : 5933.98, negtive prim loss : 748.61, negtive defi loss : 906.12, worst lambd: 13242.30, worst prim gap: 19.65, worst defi gap: 42.33:   4%|▎         | 18/500 [00:33<14:58,  1.86s/it]
Epoch 18 | postive loss : 5587.55, negtive prim loss : 732.55, negtive defi loss : 887.66, worst lambd: 12541.05, worst prim gap: 28.95, worst defi gap: 34.28:   4%|▍         | 19/500 [00:35<14:55,  1.86s/it]
Epoch 19 | postive loss : 5273.29, negtive prim loss : 716.56, negtive defi loss : 869.47, worst lambd: 12249.02, worst prim gap: 21.60, worst defi gap: 32.30:   4%|▍         | 20/500 [00:37<14:52,  1.86s/it]
Epoch 20 | postive loss : 4988.65, negtive prim loss : 700.92, negtive defi loss : 850.95, worst lambd: 11843.47, worst prim gap: 19.91, worst defi gap: 26.28:   4%|▍         | 21/500 [00:39<14:50,  1.86s/it]
Epoch 21 | postive loss : 4729.49, negtive prim loss : 686.27, negtive defi loss : 832.70, worst lambd: 11262.41, worst prim gap: 12.92, worst defi gap: 13.51:   4%|▍         | 22/500 [00:41<14:47,  1.86s/it]
Epoch 22 | postive loss : 4492.32, negtive prim loss : 671.28, negtive defi loss : 816.84, worst lambd: 10984.69, worst prim gap: 10.24, worst defi gap: 15.85:   5%|▍         | 23/500 [00:42<14:45,  1.86s/it]
Epoch 23 | postive loss : 4275.58, negtive prim loss : 657.16, negtive defi loss : 799.69, worst lambd: 10485.03, worst prim gap: 12.97, worst defi gap: 13.25:   5%|▍         | 24/500 [00:44<14:41,  1.85s/it]
Epoch 24 | postive loss : 4076.89, negtive prim loss : 642.78, negtive defi loss : 783.47, worst lambd: 10145.88, worst prim gap: 6.70, worst defi gap: 13.49:   5%|▌         | 25/500 [00:46<14:38,  1.85s/it] 
Epoch 25 | postive loss : 3893.47, negtive prim loss : 629.31, negtive defi loss : 766.87, worst lambd: 9762.66, worst prim gap: 5.51, worst defi gap: 8.89:   5%|▌         | 26/500 [00:48<14:37,  1.85s/it]  
Epoch 26 | postive loss : 3724.48, negtive prim loss : 615.95, negtive defi loss : 751.39, worst lambd: 9565.62, worst prim gap: 4.02, worst defi gap: 8.02:   5%|▌         | 27/500 [00:50<14:34,  1.85s/it]
Epoch 27 | postive loss : 3567.67, negtive prim loss : 603.09, negtive defi loss : 736.67, worst lambd: 9218.82, worst prim gap: 2.91, worst defi gap: 6.51:   6%|▌         | 28/500 [00:52<14:32,  1.85s/it]
Epoch 28 | postive loss : 3422.43, negtive prim loss : 590.04, negtive defi loss : 721.28, worst lambd: 8857.92, worst prim gap: 2.65, worst defi gap: 3.72:   6%|▌         | 29/500 [00:53<14:30,  1.85s/it]
Epoch 29 | postive loss : 3287.05, negtive prim loss : 577.94, negtive defi loss : 706.92, worst lambd: 8641.05, worst prim gap: 3.45, worst defi gap: 7.35:   6%|▌         | 30/500 [00:55<14:29,  1.85s/it]
Epoch 30 | postive loss : 3160.93, negtive prim loss : 565.42, negtive defi loss : 692.77, worst lambd: 8415.14, worst prim gap: 2.75, worst defi gap: 4.05:   6%|▌         | 31/500 [00:57<14:27,  1.85s/it]
Epoch 31 | postive loss : 3042.86, negtive prim loss : 553.44, negtive defi loss : 678.94, worst lambd: 8019.07, worst prim gap: 2.81, worst defi gap: 4.51:   6%|▋         | 32/500 [00:59<14:24,  1.85s/it]
Epoch 32 | postive loss : 2932.06, negtive prim loss : 541.92, negtive defi loss : 665.12, worst lambd: 7860.48, worst prim gap: 1.22, worst defi gap: 2.68:   7%|▋         | 33/500 [01:01<14:23,  1.85s/it]
Epoch 33 | postive loss : 2828.16, negtive prim loss : 530.59, negtive defi loss : 652.10, worst lambd: 7540.48, worst prim gap: 1.25, worst defi gap: 3.51:   7%|▋         | 34/500 [01:03<14:21,  1.85s/it]
Epoch 34 | postive loss : 2729.96, negtive prim loss : 519.32, negtive defi loss : 638.86, worst lambd: 7390.74, worst prim gap: 0.94, worst defi gap: 1.92:   7%|▋         | 35/500 [01:05<14:18,  1.85s/it]
Epoch 35 | postive loss : 2637.22, negtive prim loss : 508.98, negtive defi loss : 626.85, worst lambd: 7109.86, worst prim gap: 0.76, worst defi gap: 2.62:   7%|▋         | 36/500 [01:06<14:17,  1.85s/it]
Epoch 36 | postive loss : 2549.43, negtive prim loss : 498.09, negtive defi loss : 613.60, worst lambd: 6955.92, worst prim gap: 0.85, worst defi gap: 1.05:   7%|▋         | 37/500 [01:08<14:15,  1.85s/it]
Epoch 37 | postive loss : 2466.04, negtive prim loss : 487.32, negtive defi loss : 601.69, worst lambd: 6760.32, worst prim gap: 0.64, worst defi gap: 1.16:   8%|▊         | 38/500 [01:10<14:14,  1.85s/it]
Epoch 38 | postive loss : 2386.90, negtive prim loss : 477.33, negtive defi loss : 589.53, worst lambd: 6460.51, worst prim gap: 0.60, worst defi gap: 0.68:   8%|▊         | 39/500 [01:12<14:12,  1.85s/it]
Epoch 39 | postive loss : 2311.34, negtive prim loss : 467.50, negtive defi loss : 577.97, worst lambd: 6272.29, worst prim gap: 0.51, worst defi gap: 0.70:   8%|▊         | 40/500 [01:14<14:09,  1.85s/it]
Epoch 40 | postive loss : 2239.19, negtive prim loss : 457.58, negtive defi loss : 566.93, worst lambd: 6064.67, worst prim gap: 0.51, worst defi gap: 0.78:   8%|▊         | 41/500 [01:16<14:07,  1.85s/it]
Epoch 41 | postive loss : 2170.29, negtive prim loss : 448.20, negtive defi loss : 555.85, worst lambd: 5983.21, worst prim gap: 0.48, worst defi gap: 0.49:   8%|▊         | 42/500 [01:17<14:09,  1.85s/it]
Epoch 42 | postive loss : 2104.32, negtive prim loss : 438.67, negtive defi loss : 544.79, worst lambd: 5704.30, worst prim gap: 0.50, worst defi gap: 0.73:   9%|▊         | 43/500 [01:19<14:05,  1.85s/it]
Epoch 43 | postive loss : 2041.02, negtive prim loss : 429.35, negtive defi loss : 534.30, worst lambd: 5542.58, worst prim gap: 0.31, worst defi gap: 0.52:   9%|▉         | 44/500 [01:21<14:03,  1.85s/it]
Epoch 44 | postive loss : 1980.26, negtive prim loss : 420.67, negtive defi loss : 523.70, worst lambd: 5455.73, worst prim gap: 0.40, worst defi gap: 0.47:   9%|▉         | 45/500 [01:23<14:01,  1.85s/it]
Epoch 45 | postive loss : 1921.73, negtive prim loss : 411.92, negtive defi loss : 514.30, worst lambd: 5240.03, worst prim gap: 0.29, worst defi gap: 0.30:   9%|▉         | 46/500 [01:25<13:59,  1.85s/it]
Epoch 46 | postive loss : 1865.47, negtive prim loss : 403.34, negtive defi loss : 503.60, worst lambd: 5044.82, worst prim gap: 0.34, worst defi gap: 0.27:   9%|▉         | 47/500 [01:27<13:57,  1.85s/it]
Epoch 47 | postive loss : 1811.34, negtive prim loss : 394.82, negtive defi loss : 493.92, worst lambd: 4900.44, worst prim gap: 0.27, worst defi gap: 0.38:  10%|▉         | 48/500 [01:29<13:55,  1.85s/it]
Epoch 48 | postive loss : 1758.94, negtive prim loss : 387.02, negtive defi loss : 484.44, worst lambd: 4777.50, worst prim gap: 0.34, worst defi gap: 0.22:  10%|▉         | 49/500 [01:30<13:53,  1.85s/it]
Epoch 49 | postive loss : 1708.43, negtive prim loss : 378.72, negtive defi loss : 474.77, worst lambd: 4661.46, worst prim gap: 0.24, worst defi gap: 0.25:  10%|█         | 50/500 [01:32<13:53,  1.85s/it]
Epoch 50 | postive loss : 1659.49, negtive prim loss : 370.83, negtive defi loss : 465.57, worst lambd: 4474.06, worst prim gap: 0.14, worst defi gap: 0.35:  10%|█         | 51/500 [01:34<13:50,  1.85s/it]
Epoch 51 | postive loss : 1612.36, negtive prim loss : 363.23, negtive defi loss : 456.57, worst lambd: 4351.40, worst prim gap: 0.24, worst defi gap: 0.35:  10%|█         | 52/500 [01:36<13:48,  1.85s/it]
Epoch 52 | postive loss : 1566.56, negtive prim loss : 355.48, negtive defi loss : 447.56, worst lambd: 4219.10, worst prim gap: 0.23, worst defi gap: 0.26:  11%|█         | 53/500 [01:38<13:46,  1.85s/it]
Epoch 53 | postive loss : 1522.22, negtive prim loss : 347.89, negtive defi loss : 439.40, worst lambd: 4077.16, worst prim gap: 0.25, worst defi gap: 0.17:  11%|█         | 54/500 [01:40<13:45,  1.85s/it]
Epoch 54 | postive loss : 1479.25, negtive prim loss : 341.01, negtive defi loss : 430.36, worst lambd: 3990.77, worst prim gap: 0.18, worst defi gap: 0.22:  11%|█         | 55/500 [01:42<13:43,  1.85s/it]
Epoch 55 | postive loss : 1437.57, negtive prim loss : 333.67, negtive defi loss : 421.73, worst lambd: 3829.80, worst prim gap: 0.19, worst defi gap: 0.20:  11%|█         | 56/500 [01:43<13:40,  1.85s/it]
Epoch 56 | postive loss : 1397.07, negtive prim loss : 326.96, negtive defi loss : 414.17, worst lambd: 3718.02, worst prim gap: 0.15, worst defi gap: 0.23:  11%|█▏        | 57/500 [01:45<13:38,  1.85s/it]
Epoch 57 | postive loss : 1357.76, negtive prim loss : 320.19, negtive defi loss : 406.50, worst lambd: 3635.47, worst prim gap: 0.16, worst defi gap: 0.20:  12%|█▏        | 58/500 [01:47<13:35,  1.85s/it]
Epoch 58 | postive loss : 1319.46, negtive prim loss : 313.50, negtive defi loss : 398.43, worst lambd: 3508.44, worst prim gap: 0.11, worst defi gap: 0.20:  12%|█▏        | 59/500 [01:49<13:36,  1.85s/it]
Epoch 59 | postive loss : 1282.27, negtive prim loss : 306.95, negtive defi loss : 390.87, worst lambd: 3417.48, worst prim gap: 0.14, worst defi gap: 0.15:  12%|█▏        | 60/500 [01:51<13:32,  1.85s/it]
Epoch 60 | postive loss : 1246.06, negtive prim loss : 300.68, negtive defi loss : 383.09, worst lambd: 3308.20, worst prim gap: 0.16, worst defi gap: 0.17:  12%|█▏        | 61/500 [01:53<13:30,  1.85s/it]
Epoch 61 | postive loss : 1210.89, negtive prim loss : 294.36, negtive defi loss : 376.36, worst lambd: 3213.32, worst prim gap: 0.16, worst defi gap: 0.19:  12%|█▏        | 62/500 [01:54<13:28,  1.85s/it]
Epoch 62 | postive loss : 1176.69, negtive prim loss : 288.44, negtive defi loss : 368.76, worst lambd: 3113.75, worst prim gap: 0.11, worst defi gap: 0.17:  13%|█▎        | 63/500 [01:56<13:26,  1.85s/it]
Epoch 63 | postive loss : 1143.31, negtive prim loss : 282.43, negtive defi loss : 361.94, worst lambd: 2988.51, worst prim gap: 0.10, worst defi gap: 0.15:  13%|█▎        | 64/500 [01:58<13:24,  1.84s/it]
Epoch 64 | postive loss : 1110.81, negtive prim loss : 276.47, negtive defi loss : 355.25, worst lambd: 2912.97, worst prim gap: 0.07, worst defi gap: 0.16:  13%|█▎        | 65/500 [02:00<13:21,  1.84s/it]
Epoch 65 | postive loss : 1079.21, negtive prim loss : 270.94, negtive defi loss : 348.50, worst lambd: 2827.39, worst prim gap: 0.10, worst defi gap: 0.17:  13%|█▎        | 66/500 [02:02<13:19,  1.84s/it]
Epoch 66 | postive loss : 1048.46, negtive prim loss : 265.28, negtive defi loss : 342.38, worst lambd: 2760.21, worst prim gap: 0.10, worst defi gap: 0.13:  13%|█▎        | 67/500 [02:04<13:17,  1.84s/it]
Epoch 67 | postive loss : 1018.49, negtive prim loss : 259.92, negtive defi loss : 335.28, worst lambd: 2689.08, worst prim gap: 0.09, worst defi gap: 0.11:  14%|█▎        | 68/500 [02:05<13:15,  1.84s/it]
Epoch 68 | postive loss : 989.38, negtive prim loss : 254.50, negtive defi loss : 329.34, worst lambd: 2618.31, worst prim gap: 0.10, worst defi gap: 0.16:  14%|█▍        | 69/500 [02:07<13:13,  1.84s/it] 
Epoch 69 | postive loss : 960.95, negtive prim loss : 249.45, negtive defi loss : 322.85, worst lambd: 2549.92, worst prim gap: 0.07, worst defi gap: 0.13:  14%|█▍        | 70/500 [02:09<13:12,  1.84s/it]
Epoch 70 | postive loss : 933.29, negtive prim loss : 244.39, negtive defi loss : 317.67, worst lambd: 2475.84, worst prim gap: 0.06, worst defi gap: 0.11:  14%|█▍        | 71/500 [02:11<13:12,  1.85s/it]
Epoch 71 | postive loss : 906.22, negtive prim loss : 239.27, negtive defi loss : 311.36, worst lambd: 2398.60, worst prim gap: 0.07, worst defi gap: 0.09:  14%|█▍        | 72/500 [02:13<13:09,  1.84s/it]
Epoch 72 | postive loss : 879.83, negtive prim loss : 234.56, negtive defi loss : 305.99, worst lambd: 2337.62, worst prim gap: 0.05, worst defi gap: 0.07:  15%|█▍        | 73/500 [02:15<13:08,  1.85s/it]
Epoch 73 | postive loss : 854.12, negtive prim loss : 229.67, negtive defi loss : 300.53, worst lambd: 2272.12, worst prim gap: 0.09, worst defi gap: 0.11:  15%|█▍        | 74/500 [02:17<13:06,  1.85s/it]
Epoch 74 | postive loss : 829.06, negtive prim loss : 225.01, negtive defi loss : 294.92, worst lambd: 2226.17, worst prim gap: 0.03, worst defi gap: 0.12:  15%|█▌        | 75/500 [02:18<13:04,  1.85s/it]
Epoch 75 | postive loss : 804.55, negtive prim loss : 220.59, negtive defi loss : 289.80, worst lambd: 2161.73, worst prim gap: 0.05, worst defi gap: 0.10:  15%|█▌        | 76/500 [02:20<13:03,  1.85s/it]
Epoch 76 | postive loss : 780.64, negtive prim loss : 216.23, negtive defi loss : 284.99, worst lambd: 2091.45, worst prim gap: 0.07, worst defi gap: 0.09:  15%|█▌        | 77/500 [02:22<13:01,  1.85s/it]
Epoch 77 | postive loss : 757.31, negtive prim loss : 211.82, negtive defi loss : 279.98, worst lambd: 2033.32, worst prim gap: 0.04, worst defi gap: 0.06:  16%|█▌        | 78/500 [02:24<12:59,  1.85s/it]
Epoch 78 | postive loss : 734.51, negtive prim loss : 207.66, negtive defi loss : 275.25, worst lambd: 1988.34, worst prim gap: 0.04, worst defi gap: 0.08:  16%|█▌        | 79/500 [02:26<12:56,  1.84s/it]
Epoch 79 | postive loss : 712.20, negtive prim loss : 203.59, negtive defi loss : 270.25, worst lambd: 1934.92, worst prim gap: 0.05, worst defi gap: 0.03:  16%|█▌        | 80/500 [02:28<12:54,  1.84s/it]
Epoch 80 | postive loss : 690.41, negtive prim loss : 199.52, negtive defi loss : 266.06, worst lambd: 1870.01, worst prim gap: 0.04, worst defi gap: 0.06:  16%|█▌        | 81/500 [02:29<12:52,  1.84s/it]
Epoch 81 | postive loss : 669.08, negtive prim loss : 195.52, negtive defi loss : 261.56, worst lambd: 1827.09, worst prim gap: 0.05, worst defi gap: 0.06:  16%|█▋        | 82/500 [02:31<12:50,  1.84s/it]
Epoch 82 | postive loss : 648.27, negtive prim loss : 191.67, negtive defi loss : 257.06, worst lambd: 1766.72, worst prim gap: 0.02, worst defi gap: 0.06:  17%|█▋        | 83/500 [02:33<12:48,  1.84s/it]
Epoch 83 | postive loss : 628.11, negtive prim loss : 188.14, negtive defi loss : 252.83, worst lambd: 1726.56, worst prim gap: 0.04, worst defi gap: 0.06:  17%|█▋        | 84/500 [02:35<12:46,  1.84s/it]
Epoch 84 | postive loss : 608.48, negtive prim loss : 184.44, negtive defi loss : 249.05, worst lambd: 1680.08, worst prim gap: 0.04, worst defi gap: 0.04:  17%|█▋        | 85/500 [02:37<12:43,  1.84s/it]
Epoch 85 | postive loss : 589.48, negtive prim loss : 180.88, negtive defi loss : 245.02, worst lambd: 1624.55, worst prim gap: 0.02, worst defi gap: 0.05:  17%|█▋        | 86/500 [02:39<12:42,  1.84s/it]
Epoch 86 | postive loss : 571.01, negtive prim loss : 177.53, negtive defi loss : 241.37, worst lambd: 1588.15, worst prim gap: 0.03, worst defi gap: 0.01:  17%|█▋        | 87/500 [02:41<12:40,  1.84s/it]
Epoch 87 | postive loss : 553.00, negtive prim loss : 174.06, negtive defi loss : 237.59, worst lambd: 1543.14, worst prim gap: 0.02, worst defi gap: 0.04:  18%|█▊        | 88/500 [02:42<12:38,  1.84s/it]
Epoch 88 | postive loss : 535.51, negtive prim loss : 170.83, negtive defi loss : 234.27, worst lambd: 1496.16, worst prim gap: 0.01, worst defi gap: 0.03:  18%|█▊        | 89/500 [02:44<12:35,  1.84s/it]
Epoch 89 | postive loss : 518.62, negtive prim loss : 167.68, negtive defi loss : 230.71, worst lambd: 1456.27, worst prim gap: 0.02, worst defi gap: 0.01:  18%|█▊        | 90/500 [02:46<12:33,  1.84s/it]
Epoch 90 | postive loss : 502.23, negtive prim loss : 164.51, negtive defi loss : 227.42, worst lambd: 1416.86, worst prim gap: 0.02, worst defi gap: 0.04:  18%|█▊        | 91/500 [02:48<12:32,  1.84s/it]
Epoch 91 | postive loss : 486.37, negtive prim loss : 161.49, negtive defi loss : 224.27, worst lambd: 1375.79, worst prim gap: 0.02, worst defi gap: 0.03:  18%|█▊        | 92/500 [02:50<12:31,  1.84s/it]
Epoch 92 | postive loss : 471.02, negtive prim loss : 158.47, negtive defi loss : 221.04, worst lambd: 1329.24, worst prim gap: 0.02, worst defi gap: 0.02:  19%|█▊        | 93/500 [02:52<12:29,  1.84s/it]
Epoch 93 | postive loss : 456.14, negtive prim loss : 155.51, negtive defi loss : 217.96, worst lambd: 1290.87, worst prim gap: 0.03, worst defi gap: 0.02:  19%|█▉        | 94/500 [02:53<12:27,  1.84s/it]
Epoch 94 | postive loss : 441.75, negtive prim loss : 152.67, negtive defi loss : 214.69, worst lambd: 1252.34, worst prim gap: 0.01, worst defi gap: 0.02:  19%|█▉        | 95/500 [02:55<12:25,  1.84s/it]
Epoch 95 | postive loss : 427.85, negtive prim loss : 149.98, negtive defi loss : 211.65, worst lambd: 1226.34, worst prim gap: 0.02, worst defi gap: 0.01:  19%|█▉        | 96/500 [02:57<12:24,  1.84s/it]
Epoch 96 | postive loss : 414.40, negtive prim loss : 147.41, negtive defi loss : 208.53, worst lambd: 1181.07, worst prim gap: 0.00, worst defi gap: 0.02:  19%|█▉        | 97/500 [02:59<12:21,  1.84s/it]
Epoch 97 | postive loss : 401.35, negtive prim loss : 144.62, negtive defi loss : 206.18, worst lambd: 1151.10, worst prim gap: 0.02, worst defi gap: 0.02:  20%|█▉        | 98/500 [03:01<12:19,  1.84s/it]
Epoch 98 | postive loss : 388.73, negtive prim loss : 142.06, negtive defi loss : 203.35, worst lambd: 1112.22, worst prim gap: 0.02, worst defi gap: 0.02:  20%|█▉        | 99/500 [03:03<12:18,  1.84s/it]
Epoch 99 | postive loss : 376.55, negtive prim loss : 139.65, negtive defi loss : 200.61, worst lambd: 1084.47, worst prim gap: 0.01, worst defi gap: 0.01:  20%|██        | 100/500 [03:04<12:15,  1.84s/it]
Epoch 100 | postive loss : 364.80, negtive prim loss : 137.12, negtive defi loss : 197.85, worst lambd: 1052.94, worst prim gap: 0.01, worst defi gap: 0.02:  20%|██        | 101/500 [03:06<12:14,  1.84s/it]
Epoch 101 | postive loss : 353.40, negtive prim loss : 134.73, negtive defi loss : 195.42, worst lambd: 1022.10, worst prim gap: 0.01, worst defi gap: 0.02:  20%|██        | 102/500 [03:08<12:12,  1.84s/it]
Epoch 102 | postive loss : 342.41, negtive prim loss : 132.31, negtive defi loss : 192.76, worst lambd: 992.15, worst prim gap: 0.01, worst defi gap: 0.01:  21%|██        | 103/500 [03:10<12:09,  1.84s/it] 
Epoch 103 | postive loss : 331.73, negtive prim loss : 130.04, negtive defi loss : 190.37, worst lambd: 963.32, worst prim gap: 0.01, worst defi gap: 0.02:  21%|██        | 104/500 [03:12<12:08,  1.84s/it]
Epoch 104 | postive loss : 321.46, negtive prim loss : 127.83, negtive defi loss : 187.76, worst lambd: 935.21, worst prim gap: 0.01, worst defi gap: 0.00:  21%|██        | 105/500 [03:14<12:06,  1.84s/it]
Epoch 105 | postive loss : 311.46, negtive prim loss : 125.62, negtive defi loss : 185.60, worst lambd: 905.59, worst prim gap: 0.01, worst defi gap: 0.00:  21%|██        | 106/500 [03:15<12:05,  1.84s/it]
Epoch 106 | postive loss : 301.80, negtive prim loss : 123.36, negtive defi loss : 182.88, worst lambd: 879.81, worst prim gap: 0.01, worst defi gap: 0.02:  21%|██▏       | 107/500 [03:17<12:03,  1.84s/it]
Epoch 107 | postive loss : 292.42, negtive prim loss : 121.24, negtive defi loss : 180.64, worst lambd: 857.47, worst prim gap: 0.01, worst defi gap: 0.02:  22%|██▏       | 108/500 [03:19<12:01,  1.84s/it]
Epoch 108 | postive loss : 283.36, negtive prim loss : 119.25, negtive defi loss : 178.46, worst lambd: 832.33, worst prim gap: 0.00, worst defi gap: 0.02:  22%|██▏       | 109/500 [03:21<11:59,  1.84s/it]
Epoch 109 | postive loss : 274.56, negtive prim loss : 117.21, negtive defi loss : 176.26, worst lambd: 808.54, worst prim gap: 0.01, worst defi gap: 0.01:  22%|██▏       | 110/500 [03:23<11:59,  1.84s/it]
Epoch 110 | postive loss : 266.05, negtive prim loss : 115.19, negtive defi loss : 174.32, worst lambd: 783.02, worst prim gap: 0.00, worst defi gap: 0.01:  22%|██▏       | 111/500 [03:25<11:57,  1.84s/it]
Epoch 111 | postive loss : 257.80, negtive prim loss : 113.31, negtive defi loss : 171.76, worst lambd: 762.26, worst prim gap: 0.01, worst defi gap: 0.01:  22%|██▏       | 112/500 [03:27<11:55,  1.84s/it]
Epoch 112 | postive loss : 249.82, negtive prim loss : 111.25, negtive defi loss : 169.70, worst lambd: 737.05, worst prim gap: 0.00, worst defi gap: 0.01:  23%|██▎       | 113/500 [03:28<11:53,  1.84s/it]
Epoch 113 | postive loss : 242.05, negtive prim loss : 109.46, negtive defi loss : 167.54, worst lambd: 717.78, worst prim gap: 0.01, worst defi gap: 0.01:  23%|██▎       | 114/500 [03:30<11:53,  1.85s/it]
Epoch 114 | postive loss : 234.52, negtive prim loss : 107.66, negtive defi loss : 165.24, worst lambd: 696.57, worst prim gap: 0.00, worst defi gap: 0.02:  23%|██▎       | 115/500 [03:32<11:51,  1.85s/it]
Epoch 115 | postive loss : 227.17, negtive prim loss : 105.76, negtive defi loss : 163.08, worst lambd: 675.52, worst prim gap: 0.01, worst defi gap: 0.01:  23%|██▎       | 116/500 [03:34<11:49,  1.85s/it]
Epoch 116 | postive loss : 220.04, negtive prim loss : 103.96, negtive defi loss : 161.41, worst lambd: 653.38, worst prim gap: 0.01, worst defi gap: 0.02:  23%|██▎       | 117/500 [03:36<11:46,  1.85s/it]
Epoch 117 | postive loss : 213.14, negtive prim loss : 102.30, negtive defi loss : 159.19, worst lambd: 633.47, worst prim gap: 0.01, worst defi gap: 0.01:  24%|██▎       | 118/500 [03:38<11:44,  1.85s/it]
Epoch 118 | postive loss : 206.42, negtive prim loss : 100.65, negtive defi loss : 157.33, worst lambd: 616.47, worst prim gap: 0.01, worst defi gap: 0.02:  24%|██▍       | 119/500 [03:39<11:42,  1.84s/it]
Epoch 119 | postive loss : 199.93, negtive prim loss : 98.92, negtive defi loss : 155.37, worst lambd: 596.65, worst prim gap: 0.00, worst defi gap: 0.01:  24%|██▍       | 120/500 [03:41<11:41,  1.85s/it] 
Epoch 120 | postive loss : 193.58, negtive prim loss : 97.38, negtive defi loss : 153.40, worst lambd: 578.56, worst prim gap: 0.01, worst defi gap: 0.02:  24%|██▍       | 121/500 [03:43<11:40,  1.85s/it]
Epoch 121 | postive loss : 187.40, negtive prim loss : 95.74, negtive defi loss : 151.45, worst lambd: 562.78, worst prim gap: 0.01, worst defi gap: 0.01:  24%|██▍       | 122/500 [03:45<11:37,  1.85s/it]
Epoch 122 | postive loss : 181.50, negtive prim loss : 94.11, negtive defi loss : 149.51, worst lambd: 544.38, worst prim gap: 0.01, worst defi gap: 0.01:  25%|██▍       | 123/500 [03:47<11:36,  1.85s/it]
Epoch 123 | postive loss : 175.67, negtive prim loss : 92.62, negtive defi loss : 147.76, worst lambd: 528.57, worst prim gap: 0.00, worst defi gap: 0.02:  25%|██▍       | 124/500 [03:49<11:38,  1.86s/it]
Epoch 124 | postive loss : 170.02, negtive prim loss : 91.03, negtive defi loss : 146.11, worst lambd: 516.07, worst prim gap: 0.01, worst defi gap: 0.01:  25%|██▌       | 125/500 [03:51<11:40,  1.87s/it]
Epoch 125 | postive loss : 164.54, negtive prim loss : 89.58, negtive defi loss : 144.34, worst lambd: 500.41, worst prim gap: 0.01, worst defi gap: 0.02:  25%|██▌       | 126/500 [03:53<11:42,  1.88s/it]
Epoch 126 | postive loss : 159.20, negtive prim loss : 88.08, negtive defi loss : 142.62, worst lambd: 486.47, worst prim gap: 0.02, worst defi gap: 0.01:  25%|██▌       | 127/500 [03:54<11:36,  1.87s/it]
Epoch 127 | postive loss : 154.06, negtive prim loss : 86.66, negtive defi loss : 140.50, worst lambd: 474.66, worst prim gap: 0.01, worst defi gap: 0.01:  26%|██▌       | 128/500 [03:56<11:33,  1.86s/it]
Epoch 128 | postive loss : 149.10, negtive prim loss : 85.29, negtive defi loss : 138.95, worst lambd: 461.24, worst prim gap: 0.00, worst defi gap: 0.02:  26%|██▌       | 129/500 [03:58<11:30,  1.86s/it]
Epoch 129 | postive loss : 144.25, negtive prim loss : 83.89, negtive defi loss : 137.20, worst lambd: 447.50, worst prim gap: 0.01, worst defi gap: 0.02:  26%|██▌       | 130/500 [04:00<11:28,  1.86s/it]
Epoch 130 | postive loss : 139.54, negtive prim loss : 82.58, negtive defi loss : 135.51, worst lambd: 434.67, worst prim gap: 0.00, worst defi gap: 0.00:  26%|██▌       | 131/500 [04:02<11:27,  1.86s/it]
Epoch 131 | postive loss : 135.03, negtive prim loss : 81.20, negtive defi loss : 133.83, worst lambd: 423.21, worst prim gap: 0.00, worst defi gap: 0.02:  26%|██▋       | 132/500 [04:04<11:26,  1.87s/it]
Epoch 132 | postive loss : 130.57, negtive prim loss : 79.91, negtive defi loss : 132.12, worst lambd: 410.70, worst prim gap: 0.00, worst defi gap: 0.01:  27%|██▋       | 133/500 [04:06<11:22,  1.86s/it]
Epoch 133 | postive loss : 126.22, negtive prim loss : 78.59, negtive defi loss : 130.50, worst lambd: 398.79, worst prim gap: 0.00, worst defi gap: 0.03:  27%|██▋       | 134/500 [04:07<11:21,  1.86s/it]
Epoch 134 | postive loss : 122.13, negtive prim loss : 77.32, negtive defi loss : 128.82, worst lambd: 386.93, worst prim gap: 0.01, worst defi gap: 0.01:  27%|██▋       | 135/500 [04:09<11:20,  1.86s/it]
Epoch 135 | postive loss : 118.08, negtive prim loss : 76.04, negtive defi loss : 127.23, worst lambd: 376.00, worst prim gap: 0.01, worst defi gap: 0.01:  27%|██▋       | 136/500 [04:11<11:20,  1.87s/it]
Epoch 136 | postive loss : 114.15, negtive prim loss : 74.81, negtive defi loss : 125.63, worst lambd: 365.03, worst prim gap: 0.01, worst defi gap: 0.01:  27%|██▋       | 137/500 [04:13<11:17,  1.87s/it]
Epoch 137 | postive loss : 110.38, negtive prim loss : 73.62, negtive defi loss : 124.22, worst lambd: 353.72, worst prim gap: 0.01, worst defi gap: 0.02:  28%|██▊       | 138/500 [04:15<11:14,  1.86s/it]
Epoch 138 | postive loss : 106.65, negtive prim loss : 72.44, negtive defi loss : 122.61, worst lambd: 343.21, worst prim gap: 0.01, worst defi gap: 0.01:  28%|██▊       | 139/500 [04:17<11:12,  1.86s/it]
Epoch 139 | postive loss : 103.11, negtive prim loss : 71.28, negtive defi loss : 121.06, worst lambd: 332.63, worst prim gap: 0.01, worst defi gap: 0.01:  28%|██▊       | 140/500 [04:19<11:09,  1.86s/it]
Epoch 140 | postive loss : 99.72, negtive prim loss : 70.17, negtive defi loss : 119.42, worst lambd: 322.99, worst prim gap: 0.00, worst defi gap: 0.00:  28%|██▊       | 141/500 [04:20<11:07,  1.86s/it] 
Epoch 141 | postive loss : 96.36, negtive prim loss : 68.99, negtive defi loss : 117.94, worst lambd: 313.21, worst prim gap: 0.01, worst defi gap: 0.00:  28%|██▊       | 142/500 [04:22<11:03,  1.85s/it]
Epoch 142 | postive loss : 93.10, negtive prim loss : 67.88, negtive defi loss : 116.26, worst lambd: 303.54, worst prim gap: 0.00, worst defi gap: 0.02:  29%|██▊       | 143/500 [04:24<11:00,  1.85s/it]
Epoch 143 | postive loss : 89.99, negtive prim loss : 66.81, negtive defi loss : 114.80, worst lambd: 295.32, worst prim gap: 0.00, worst defi gap: 0.01:  29%|██▉       | 144/500 [04:26<10:57,  1.85s/it]
Epoch 144 | postive loss : 86.91, negtive prim loss : 65.70, negtive defi loss : 113.29, worst lambd: 285.34, worst prim gap: 0.01, worst defi gap: 0.02:  29%|██▉       | 145/500 [04:28<10:56,  1.85s/it]
Epoch 145 | postive loss : 83.91, negtive prim loss : 64.65, negtive defi loss : 111.83, worst lambd: 276.87, worst prim gap: 0.00, worst defi gap: 0.01:  29%|██▉       | 146/500 [04:30<10:54,  1.85s/it]
Epoch 146 | postive loss : 81.09, negtive prim loss : 63.53, negtive defi loss : 110.32, worst lambd: 268.63, worst prim gap: 0.01, worst defi gap: 0.01:  29%|██▉       | 147/500 [04:32<10:53,  1.85s/it]
Epoch 147 | postive loss : 78.35, negtive prim loss : 62.51, negtive defi loss : 108.98, worst lambd: 259.48, worst prim gap: 0.01, worst defi gap: 0.02:  30%|██▉       | 148/500 [04:33<10:54,  1.86s/it]
Epoch 148 | postive loss : 76.00, negtive prim loss : 61.52, negtive defi loss : 107.27, worst lambd: 252.39, worst prim gap: 0.00, worst defi gap: 0.02:  30%|██▉       | 149/500 [04:35<10:53,  1.86s/it]
Epoch 149 | postive loss : 73.21, negtive prim loss : 60.43, negtive defi loss : 105.88, worst lambd: 244.87, worst prim gap: 0.00, worst defi gap: 0.01:  30%|███       | 150/500 [04:37<10:50,  1.86s/it]
Epoch 150 | postive loss : 70.59, negtive prim loss : 59.49, negtive defi loss : 104.41, worst lambd: 237.31, worst prim gap: 0.01, worst defi gap: 0.02:  30%|███       | 151/500 [04:39<10:49,  1.86s/it]
Epoch 151 | postive loss : 68.17, negtive prim loss : 58.50, negtive defi loss : 102.91, worst lambd: 229.48, worst prim gap: 0.01, worst defi gap: 0.01:  30%|███       | 152/500 [04:41<10:47,  1.86s/it]
Epoch 152 | postive loss : 65.78, negtive prim loss : 57.49, negtive defi loss : 101.50, worst lambd: 223.29, worst prim gap: 0.01, worst defi gap: 0.01:  31%|███       | 153/500 [04:43<10:43,  1.85s/it]
Epoch 153 | postive loss : 63.46, negtive prim loss : 56.56, negtive defi loss : 100.24, worst lambd: 215.45, worst prim gap: 0.01, worst defi gap: 0.02:  31%|███       | 154/500 [04:45<10:41,  1.85s/it]
Epoch 154 | postive loss : 61.25, negtive prim loss : 55.62, negtive defi loss : 98.80, worst lambd: 208.41, worst prim gap: 0.00, worst defi gap: 0.01:  31%|███       | 155/500 [04:46<10:39,  1.85s/it] 
Epoch 155 | postive loss : 59.12, negtive prim loss : 54.70, negtive defi loss : 97.51, worst lambd: 202.17, worst prim gap: 0.00, worst defi gap: 0.01:  31%|███       | 156/500 [04:48<10:36,  1.85s/it]
Epoch 156 | postive loss : 57.05, negtive prim loss : 53.78, negtive defi loss : 96.18, worst lambd: 196.20, worst prim gap: 0.01, worst defi gap: 0.00:  31%|███▏      | 157/500 [04:50<10:34,  1.85s/it]
Epoch 157 | postive loss : 55.05, negtive prim loss : 52.88, negtive defi loss : 94.63, worst lambd: 189.24, worst prim gap: 0.01, worst defi gap: 0.01:  32%|███▏      | 158/500 [04:52<10:31,  1.85s/it]
Epoch 158 | postive loss : 53.14, negtive prim loss : 51.94, negtive defi loss : 93.33, worst lambd: 183.56, worst prim gap: 0.00, worst defi gap: 0.03:  32%|███▏      | 159/500 [04:54<10:32,  1.85s/it]
Epoch 159 | postive loss : 51.26, negtive prim loss : 51.03, negtive defi loss : 92.05, worst lambd: 177.55, worst prim gap: 0.01, worst defi gap: 0.01:  32%|███▏      | 160/500 [04:56<10:30,  1.85s/it]
Epoch 160 | postive loss : 49.44, negtive prim loss : 50.17, negtive defi loss : 90.61, worst lambd: 172.46, worst prim gap: 0.01, worst defi gap: 0.01:  32%|███▏      | 161/500 [04:58<10:29,  1.86s/it]
Epoch 161 | postive loss : 47.70, negtive prim loss : 49.32, negtive defi loss : 89.21, worst lambd: 167.10, worst prim gap: 0.00, worst defi gap: 0.00:  32%|███▏      | 162/500 [04:59<10:28,  1.86s/it]
Epoch 162 | postive loss : 45.95, negtive prim loss : 48.42, negtive defi loss : 87.84, worst lambd: 160.82, worst prim gap: 0.01, worst defi gap: 0.01:  33%|███▎      | 163/500 [05:01<10:26,  1.86s/it]
Epoch 163 | postive loss : 44.38, negtive prim loss : 47.63, negtive defi loss : 86.61, worst lambd: 155.64, worst prim gap: 0.01, worst defi gap: 0.00:  33%|███▎      | 164/500 [05:03<10:25,  1.86s/it]
Epoch 164 | postive loss : 42.80, negtive prim loss : 46.79, negtive defi loss : 85.19, worst lambd: 150.68, worst prim gap: 0.00, worst defi gap: 0.03:  33%|███▎      | 165/500 [05:05<10:24,  1.86s/it]
Epoch 165 | postive loss : 41.26, negtive prim loss : 45.98, negtive defi loss : 83.91, worst lambd: 146.16, worst prim gap: 0.00, worst defi gap: 0.02:  33%|███▎      | 166/500 [05:07<10:20,  1.86s/it]
Epoch 166 | postive loss : 39.84, negtive prim loss : 45.14, negtive defi loss : 82.62, worst lambd: 141.07, worst prim gap: 0.00, worst defi gap: 0.02:  33%|███▎      | 167/500 [05:09<10:18,  1.86s/it]
Epoch 167 | postive loss : 38.41, negtive prim loss : 44.37, negtive defi loss : 81.52, worst lambd: 136.37, worst prim gap: 0.00, worst defi gap: 0.03:  34%|███▎      | 168/500 [05:11<10:16,  1.86s/it]
Epoch 168 | postive loss : 37.00, negtive prim loss : 43.55, negtive defi loss : 80.16, worst lambd: 131.61, worst prim gap: 0.01, worst defi gap: 0.02:  34%|███▍      | 169/500 [05:12<10:15,  1.86s/it]
Epoch 169 | postive loss : 35.70, negtive prim loss : 42.78, negtive defi loss : 78.87, worst lambd: 127.35, worst prim gap: 0.00, worst defi gap: 0.01:  34%|███▍      | 170/500 [05:14<10:13,  1.86s/it]
Epoch 170 | postive loss : 34.43, negtive prim loss : 42.01, negtive defi loss : 77.60, worst lambd: 122.74, worst prim gap: 0.01, worst defi gap: 0.01:  34%|███▍      | 171/500 [05:16<10:11,  1.86s/it]
Epoch 171 | postive loss : 33.12, negtive prim loss : 41.17, negtive defi loss : 76.47, worst lambd: 118.69, worst prim gap: 0.01, worst defi gap: 0.02:  34%|███▍      | 172/500 [05:18<10:11,  1.86s/it]
Epoch 172 | postive loss : 31.97, negtive prim loss : 40.47, negtive defi loss : 75.12, worst lambd: 114.56, worst prim gap: 0.00, worst defi gap: 0.02:  35%|███▍      | 173/500 [05:20<10:08,  1.86s/it]
Epoch 173 | postive loss : 30.80, negtive prim loss : 39.75, negtive defi loss : 73.95, worst lambd: 110.97, worst prim gap: 0.01, worst defi gap: 0.01:  35%|███▍      | 174/500 [05:22<10:07,  1.86s/it]
Epoch 174 | postive loss : 29.67, negtive prim loss : 38.99, negtive defi loss : 72.67, worst lambd: 107.20, worst prim gap: 0.00, worst defi gap: 0.01:  35%|███▌      | 175/500 [05:24<10:06,  1.87s/it]
Epoch 175 | postive loss : 28.70, negtive prim loss : 38.26, negtive defi loss : 71.41, worst lambd: 103.32, worst prim gap: 0.00, worst defi gap: 0.01:  35%|███▌      | 176/500 [05:25<10:05,  1.87s/it]
Epoch 176 | postive loss : 27.57, negtive prim loss : 37.51, negtive defi loss : 70.19, worst lambd: 99.88, worst prim gap: 0.01, worst defi gap: 0.01:  35%|███▌      | 177/500 [05:27<10:03,  1.87s/it] 
Epoch 177 | postive loss : 26.56, negtive prim loss : 36.86, negtive defi loss : 69.07, worst lambd: 96.25, worst prim gap: 0.00, worst defi gap: 0.02:  36%|███▌      | 178/500 [05:29<10:01,  1.87s/it]
Epoch 178 | postive loss : 25.61, negtive prim loss : 36.14, negtive defi loss : 67.84, worst lambd: 92.23, worst prim gap: 0.01, worst defi gap: 0.01:  36%|███▌      | 179/500 [05:31<09:59,  1.87s/it]
Epoch 179 | postive loss : 24.71, negtive prim loss : 35.46, negtive defi loss : 66.71, worst lambd: 89.77, worst prim gap: 0.01, worst defi gap: 0.01:  36%|███▌      | 180/500 [05:33<09:57,  1.87s/it]
Epoch 180 | postive loss : 23.85, negtive prim loss : 34.76, negtive defi loss : 65.61, worst lambd: 85.74, worst prim gap: 0.00, worst defi gap: 0.00:  36%|███▌      | 181/500 [05:35<09:55,  1.87s/it]
Epoch 181 | postive loss : 22.91, negtive prim loss : 34.06, negtive defi loss : 64.38, worst lambd: 83.09, worst prim gap: 0.00, worst defi gap: 0.02:  36%|███▋      | 182/500 [05:37<09:53,  1.87s/it]
Epoch 182 | postive loss : 22.12, negtive prim loss : 33.44, negtive defi loss : 63.20, worst lambd: 80.12, worst prim gap: 0.00, worst defi gap: 0.02:  37%|███▋      | 183/500 [05:39<09:51,  1.87s/it]
Epoch 183 | postive loss : 21.31, negtive prim loss : 32.78, negtive defi loss : 62.22, worst lambd: 76.72, worst prim gap: 0.01, worst defi gap: 0.01:  37%|███▋      | 184/500 [05:40<09:50,  1.87s/it]
Epoch 184 | postive loss : 20.51, negtive prim loss : 32.17, negtive defi loss : 61.07, worst lambd: 73.43, worst prim gap: 0.01, worst defi gap: 0.02:  37%|███▋      | 185/500 [05:42<09:47,  1.86s/it]
Epoch 185 | postive loss : 19.87, negtive prim loss : 31.46, negtive defi loss : 59.91, worst lambd: 71.63, worst prim gap: 0.00, worst defi gap: 0.02:  37%|███▋      | 186/500 [05:44<09:44,  1.86s/it]
Epoch 186 | postive loss : 19.13, negtive prim loss : 30.85, negtive defi loss : 58.75, worst lambd: 68.67, worst prim gap: 0.00, worst defi gap: 0.00:  37%|███▋      | 187/500 [05:46<09:42,  1.86s/it]
Epoch 187 | postive loss : 18.48, negtive prim loss : 30.24, negtive defi loss : 57.76, worst lambd: 66.80, worst prim gap: 0.00, worst defi gap: 0.01:  38%|███▊      | 188/500 [05:48<09:41,  1.86s/it]
Epoch 188 | postive loss : 17.77, negtive prim loss : 29.64, negtive defi loss : 56.63, worst lambd: 63.54, worst prim gap: 0.00, worst defi gap: 0.04:  38%|███▊      | 189/500 [05:50<09:39,  1.86s/it]
Epoch 189 | postive loss : 17.14, negtive prim loss : 29.05, negtive defi loss : 55.58, worst lambd: 61.25, worst prim gap: 0.00, worst defi gap: 0.01:  38%|███▊      | 190/500 [05:52<09:37,  1.86s/it]
Epoch 190 | postive loss : 16.51, negtive prim loss : 28.43, negtive defi loss : 54.52, worst lambd: 58.95, worst prim gap: 0.00, worst defi gap: 0.01:  38%|███▊      | 191/500 [05:53<09:38,  1.87s/it]
Epoch 191 | postive loss : 15.90, negtive prim loss : 27.86, negtive defi loss : 53.55, worst lambd: 56.76, worst prim gap: 0.00, worst defi gap: 0.02:  38%|███▊      | 192/500 [05:55<09:35,  1.87s/it]
Epoch 192 | postive loss : 15.37, negtive prim loss : 27.30, negtive defi loss : 52.51, worst lambd: 54.36, worst prim gap: 0.01, worst defi gap: 0.02:  39%|███▊      | 193/500 [05:57<09:32,  1.87s/it]
Epoch 193 | postive loss : 14.79, negtive prim loss : 26.74, negtive defi loss : 51.51, worst lambd: 52.67, worst prim gap: 0.01, worst defi gap: 0.03:  39%|███▉      | 194/500 [05:59<09:30,  1.87s/it]
Epoch 194 | postive loss : 14.25, negtive prim loss : 26.16, negtive defi loss : 50.55, worst lambd: 50.21, worst prim gap: 0.00, worst defi gap: 0.02:  39%|███▉      | 195/500 [06:01<09:28,  1.86s/it]
Epoch 195 | postive loss : 13.76, negtive prim loss : 25.62, negtive defi loss : 49.55, worst lambd: 48.63, worst prim gap: 0.01, worst defi gap: 0.01:  39%|███▉      | 196/500 [06:03<09:26,  1.86s/it]
Epoch 196 | postive loss : 13.26, negtive prim loss : 25.10, negtive defi loss : 48.62, worst lambd: 46.91, worst prim gap: 0.01, worst defi gap: 0.02:  39%|███▉      | 197/500 [06:05<09:24,  1.86s/it]
Epoch 197 | postive loss : 12.90, negtive prim loss : 24.57, negtive defi loss : 47.59, worst lambd: 45.40, worst prim gap: 0.00, worst defi gap: 0.02:  40%|███▉      | 198/500 [06:06<09:22,  1.86s/it]
Epoch 198 | postive loss : 12.47, negtive prim loss : 24.03, negtive defi loss : 46.61, worst lambd: 43.60, worst prim gap: 0.01, worst defi gap: 0.01:  40%|███▉      | 199/500 [06:08<09:21,  1.87s/it]
Epoch 199 | postive loss : 12.03, negtive prim loss : 23.49, negtive defi loss : 45.71, worst lambd: 42.21, worst prim gap: 0.00, worst defi gap: 0.03:  40%|████      | 200/500 [06:10<09:20,  1.87s/it]
Epoch 200 | postive loss : 11.53, negtive prim loss : 23.01, negtive defi loss : 44.75, worst lambd: 39.86, worst prim gap: 0.00, worst defi gap: 0.02:  40%|████      | 201/500 [06:12<09:19,  1.87s/it]
Epoch 201 | postive loss : 11.20, negtive prim loss : 22.51, negtive defi loss : 43.91, worst lambd: 38.22, worst prim gap: 0.01, worst defi gap: 0.01:  40%|████      | 202/500 [06:14<09:19,  1.88s/it]
Epoch 202 | postive loss : 10.75, negtive prim loss : 22.01, negtive defi loss : 42.94, worst lambd: 36.70, worst prim gap: 0.00, worst defi gap: 0.02:  41%|████      | 203/500 [06:16<09:17,  1.88s/it]
Epoch 203 | postive loss : 10.57, negtive prim loss : 21.49, negtive defi loss : 42.08, worst lambd: 35.16, worst prim gap: 0.00, worst defi gap: 0.01:  41%|████      | 204/500 [06:18<09:15,  1.88s/it]
Epoch 204 | postive loss : 10.15, negtive prim loss : 21.01, negtive defi loss : 41.09, worst lambd: 33.57, worst prim gap: 0.00, worst defi gap: 0.02:  41%|████      | 205/500 [06:20<09:13,  1.88s/it]
Epoch 205 | postive loss : 9.70, negtive prim loss : 20.53, negtive defi loss : 40.24, worst lambd: 32.94, worst prim gap: 0.00, worst defi gap: 0.01:  41%|████      | 206/500 [06:22<09:12,  1.88s/it] 
Epoch 206 | postive loss : 9.39, negtive prim loss : 20.10, negtive defi loss : 39.48, worst lambd: 30.73, worst prim gap: 0.00, worst defi gap: 0.02:  41%|████▏     | 207/500 [06:23<09:10,  1.88s/it]
Epoch 207 | postive loss : 9.14, negtive prim loss : 19.67, negtive defi loss : 38.61, worst lambd: 30.09, worst prim gap: 0.00, worst defi gap: 0.02:  42%|████▏     | 208/500 [06:25<09:07,  1.88s/it]
Epoch 208 | postive loss : 8.75, negtive prim loss : 19.21, negtive defi loss : 37.78, worst lambd: 28.53, worst prim gap: 0.00, worst defi gap: 0.02:  42%|████▏     | 209/500 [06:27<09:04,  1.87s/it]
Epoch 209 | postive loss : 8.50, negtive prim loss : 18.79, negtive defi loss : 37.01, worst lambd: 27.51, worst prim gap: 0.00, worst defi gap: 0.03:  42%|████▏     | 210/500 [06:29<09:04,  1.88s/it]
Epoch 210 | postive loss : 8.21, negtive prim loss : 18.36, negtive defi loss : 36.22, worst lambd: 26.73, worst prim gap: 0.01, worst defi gap: 0.02:  42%|████▏     | 211/500 [06:31<09:02,  1.88s/it]
Epoch 211 | postive loss : 7.92, negtive prim loss : 17.95, negtive defi loss : 35.43, worst lambd: 25.16, worst prim gap: 0.00, worst defi gap: 0.03:  42%|████▏     | 212/500 [06:33<09:03,  1.89s/it]
Epoch 212 | postive loss : 7.71, negtive prim loss : 17.54, negtive defi loss : 34.74, worst lambd: 24.52, worst prim gap: 0.00, worst defi gap: 0.01:  43%|████▎     | 213/500 [06:35<09:00,  1.88s/it]
Epoch 213 | postive loss : 7.46, negtive prim loss : 17.15, negtive defi loss : 33.94, worst lambd: 22.84, worst prim gap: 0.00, worst defi gap: 0.04:  43%|████▎     | 214/500 [06:37<08:57,  1.88s/it]
Epoch 214 | postive loss : 7.20, negtive prim loss : 16.75, negtive defi loss : 33.21, worst lambd: 22.27, worst prim gap: 0.01, worst defi gap: 0.01:  43%|████▎     | 215/500 [06:38<08:55,  1.88s/it]
Epoch 215 | postive loss : 7.00, negtive prim loss : 16.37, negtive defi loss : 32.49, worst lambd: 21.43, worst prim gap: 0.00, worst defi gap: 0.01:  43%|████▎     | 216/500 [06:40<08:52,  1.87s/it]
Epoch 216 | postive loss : 6.83, negtive prim loss : 16.00, negtive defi loss : 31.76, worst lambd: 20.03, worst prim gap: 0.00, worst defi gap: 0.00:  43%|████▎     | 217/500 [06:42<08:49,  1.87s/it]
Epoch 217 | postive loss : 6.59, negtive prim loss : 15.62, negtive defi loss : 31.06, worst lambd: 20.15, worst prim gap: 0.00, worst defi gap: 0.02:  44%|████▎     | 218/500 [06:44<08:47,  1.87s/it]
Epoch 218 | postive loss : 6.34, negtive prim loss : 15.24, negtive defi loss : 30.38, worst lambd: 18.51, worst prim gap: 0.00, worst defi gap: 0.01:  44%|████▍     | 219/500 [06:46<08:44,  1.87s/it]
Epoch 219 | postive loss : 6.25, negtive prim loss : 14.87, negtive defi loss : 29.68, worst lambd: 17.59, worst prim gap: 0.00, worst defi gap: 0.03:  44%|████▍     | 220/500 [06:48<08:43,  1.87s/it]
Epoch 220 | postive loss : 5.97, negtive prim loss : 14.53, negtive defi loss : 28.99, worst lambd: 16.89, worst prim gap: 0.00, worst defi gap: 0.01:  44%|████▍     | 221/500 [06:50<08:41,  1.87s/it]
Epoch 221 | postive loss : 5.88, negtive prim loss : 14.20, negtive defi loss : 28.34, worst lambd: 16.77, worst prim gap: 0.00, worst defi gap: 0.04:  44%|████▍     | 222/500 [06:51<08:39,  1.87s/it]
Epoch 222 | postive loss : 5.64, negtive prim loss : 13.86, negtive defi loss : 27.69, worst lambd: 15.70, worst prim gap: 0.00, worst defi gap: 0.02:  45%|████▍     | 223/500 [06:53<08:37,  1.87s/it]
Epoch 223 | postive loss : 5.54, negtive prim loss : 13.53, negtive defi loss : 27.08, worst lambd: 14.55, worst prim gap: 0.00, worst defi gap: 0.01:  45%|████▍     | 224/500 [06:55<08:35,  1.87s/it]
Epoch 224 | postive loss : 5.35, negtive prim loss : 13.18, negtive defi loss : 26.45, worst lambd: 14.42, worst prim gap: 0.00, worst defi gap: 0.01:  45%|████▌     | 225/500 [06:57<08:33,  1.87s/it]
Epoch 225 | postive loss : 5.26, negtive prim loss : 12.87, negtive defi loss : 25.85, worst lambd: 13.99, worst prim gap: 0.00, worst defi gap: 0.05:  45%|████▌     | 226/500 [06:59<08:30,  1.86s/it]
Epoch 226 | postive loss : 5.04, negtive prim loss : 12.54, negtive defi loss : 25.21, worst lambd: 13.48, worst prim gap: 0.00, worst defi gap: 0.03:  45%|████▌     | 227/500 [07:01<08:28,  1.86s/it]
Epoch 227 | postive loss : 4.92, negtive prim loss : 12.24, negtive defi loss : 24.65, worst lambd: 12.98, worst prim gap: 0.00, worst defi gap: 0.04:  46%|████▌     | 228/500 [07:03<08:26,  1.86s/it]
Epoch 228 | postive loss : 4.81, negtive prim loss : 11.96, negtive defi loss : 24.08, worst lambd: 12.48, worst prim gap: 0.00, worst defi gap: 0.03:  46%|████▌     | 229/500 [07:05<08:24,  1.86s/it]
Epoch 229 | postive loss : 4.71, negtive prim loss : 11.66, negtive defi loss : 23.48, worst lambd: 11.42, worst prim gap: 0.00, worst defi gap: 0.02:  46%|████▌     | 230/500 [07:06<08:22,  1.86s/it]
Epoch 230 | postive loss : 4.51, negtive prim loss : 11.36, negtive defi loss : 22.91, worst lambd: 10.51, worst prim gap: 0.00, worst defi gap: 0.01:  46%|████▌     | 231/500 [07:08<08:21,  1.86s/it]
Epoch 231 | postive loss : 4.43, negtive prim loss : 11.09, negtive defi loss : 22.41, worst lambd: 10.80, worst prim gap: 0.01, worst defi gap: 0.03:  46%|████▋     | 232/500 [07:10<08:18,  1.86s/it]
Epoch 232 | postive loss : 4.30, negtive prim loss : 10.83, negtive defi loss : 21.88, worst lambd: 10.18, worst prim gap: 0.00, worst defi gap: 0.05:  47%|████▋     | 233/500 [07:12<08:16,  1.86s/it]
Epoch 233 | postive loss : 4.21, negtive prim loss : 10.56, negtive defi loss : 21.35, worst lambd: 10.20, worst prim gap: 0.00, worst defi gap: 0.02:  47%|████▋     | 234/500 [07:14<08:13,  1.86s/it]
Epoch 234 | postive loss : 4.04, negtive prim loss : 10.29, negtive defi loss : 20.88, worst lambd: 9.45, worst prim gap: 0.01, worst defi gap: 0.05:  47%|████▋     | 235/500 [07:16<08:12,  1.86s/it] 
Epoch 235 | postive loss : 4.04, negtive prim loss : 10.05, negtive defi loss : 20.40, worst lambd: 9.19, worst prim gap: 0.00, worst defi gap: 0.01:  47%|████▋     | 236/500 [07:18<08:10,  1.86s/it]
Epoch 236 | postive loss : 3.88, negtive prim loss : 9.80, negtive defi loss : 19.89, worst lambd: 9.17, worst prim gap: 0.00, worst defi gap: 0.05:  47%|████▋     | 237/500 [07:19<08:08,  1.86s/it] 
Epoch 237 | postive loss : 3.87, negtive prim loss : 9.54, negtive defi loss : 19.40, worst lambd: 9.34, worst prim gap: 0.00, worst defi gap: 0.04:  48%|████▊     | 238/500 [07:21<08:06,  1.86s/it]
Epoch 238 | postive loss : 3.79, negtive prim loss : 9.31, negtive defi loss : 18.90, worst lambd: 8.92, worst prim gap: 0.00, worst defi gap: 0.03:  48%|████▊     | 239/500 [07:23<08:04,  1.86s/it]
Epoch 239 | postive loss : 3.65, negtive prim loss : 9.07, negtive defi loss : 18.47, worst lambd: 8.75, worst prim gap: 0.01, worst defi gap: 0.02:  48%|████▊     | 240/500 [07:25<08:02,  1.86s/it]
Epoch 240 | postive loss : 3.57, negtive prim loss : 8.84, negtive defi loss : 18.01, worst lambd: 8.59, worst prim gap: 0.00, worst defi gap: 0.01:  48%|████▊     | 241/500 [07:27<08:01,  1.86s/it]
Epoch 241 | postive loss : 3.70, negtive prim loss : 8.58, negtive defi loss : 17.52, worst lambd: 8.65, worst prim gap: 0.00, worst defi gap: 0.05:  48%|████▊     | 242/500 [07:29<07:59,  1.86s/it]
Epoch 242 | postive loss : 3.49, negtive prim loss : 8.34, negtive defi loss : 17.01, worst lambd: 8.32, worst prim gap: 0.00, worst defi gap: 0.04:  49%|████▊     | 243/500 [07:31<07:57,  1.86s/it]
Epoch 243 | postive loss : 3.42, negtive prim loss : 8.13, negtive defi loss : 16.58, worst lambd: 8.01, worst prim gap: 0.00, worst defi gap: 0.01:  49%|████▉     | 244/500 [07:32<07:56,  1.86s/it]
Epoch 244 | postive loss : 3.25, negtive prim loss : 7.90, negtive defi loss : 16.18, worst lambd: 7.53, worst prim gap: 0.00, worst defi gap: 0.05:  49%|████▉     | 245/500 [07:34<07:54,  1.86s/it]
Epoch 245 | postive loss : 3.21, negtive prim loss : 7.73, negtive defi loss : 15.83, worst lambd: 8.03, worst prim gap: 0.00, worst defi gap: 0.04:  49%|████▉     | 246/500 [07:36<07:51,  1.86s/it]
Epoch 246 | postive loss : 3.16, negtive prim loss : 7.54, negtive defi loss : 15.45, worst lambd: 7.46, worst prim gap: 0.00, worst defi gap: 0.05:  49%|████▉     | 247/500 [07:38<07:51,  1.86s/it]
Epoch 247 | postive loss : 3.04, negtive prim loss : 7.35, negtive defi loss : 15.11, worst lambd: 7.19, worst prim gap: 0.00, worst defi gap: 0.04:  50%|████▉     | 248/500 [07:40<07:49,  1.86s/it]
Epoch 248 | postive loss : 3.02, negtive prim loss : 7.19, negtive defi loss : 14.74, worst lambd: 7.26, worst prim gap: 0.00, worst defi gap: 0.04:  50%|████▉     | 249/500 [07:42<07:47,  1.86s/it]
Epoch 249 | postive loss : 2.97, negtive prim loss : 7.01, negtive defi loss : 14.40, worst lambd: 6.76, worst prim gap: 0.00, worst defi gap: 0.06:  50%|█████     | 250/500 [07:44<07:44,  1.86s/it]
Epoch 250 | postive loss : 2.90, negtive prim loss : 6.84, negtive defi loss : 14.10, worst lambd: 7.13, worst prim gap: 0.01, worst defi gap: 0.01:  50%|█████     | 251/500 [07:45<07:42,  1.86s/it]
Epoch 251 | postive loss : 2.79, negtive prim loss : 6.68, negtive defi loss : 13.77, worst lambd: 6.79, worst prim gap: 0.00, worst defi gap: 0.02:  50%|█████     | 252/500 [07:47<07:41,  1.86s/it]
Epoch 252 | postive loss : 2.79, negtive prim loss : 6.53, negtive defi loss : 13.47, worst lambd: 6.93, worst prim gap: 0.00, worst defi gap: 0.05:  51%|█████     | 253/500 [07:49<07:39,  1.86s/it]
Epoch 253 | postive loss : 2.80, negtive prim loss : 6.38, negtive defi loss : 13.16, worst lambd: 6.56, worst prim gap: 0.00, worst defi gap: 0.02:  51%|█████     | 254/500 [07:51<07:38,  1.87s/it]
Epoch 254 | postive loss : 2.72, negtive prim loss : 6.21, negtive defi loss : 12.83, worst lambd: 6.07, worst prim gap: 0.00, worst defi gap: 0.05:  51%|█████     | 255/500 [07:53<07:37,  1.87s/it]
Epoch 255 | postive loss : 2.66, negtive prim loss : 6.07, negtive defi loss : 12.55, worst lambd: 6.20, worst prim gap: 0.00, worst defi gap: 0.05:  51%|█████     | 256/500 [07:55<07:34,  1.86s/it]
Epoch 256 | postive loss : 2.62, negtive prim loss : 5.93, negtive defi loss : 12.28, worst lambd: 6.03, worst prim gap: 0.00, worst defi gap: 0.05:  51%|█████▏    | 257/500 [07:57<07:32,  1.86s/it]
Epoch 257 | postive loss : 2.59, negtive prim loss : 5.79, negtive defi loss : 12.01, worst lambd: 6.10, worst prim gap: 0.01, worst defi gap: 0.06:  52%|█████▏    | 258/500 [07:58<07:31,  1.87s/it]
Epoch 258 | postive loss : 2.53, negtive prim loss : 5.65, negtive defi loss : 11.73, worst lambd: 5.54, worst prim gap: 0.00, worst defi gap: 0.06:  52%|█████▏    | 259/500 [08:00<07:28,  1.86s/it]
Epoch 259 | postive loss : 2.52, negtive prim loss : 5.53, negtive defi loss : 11.48, worst lambd: 5.92, worst prim gap: 0.00, worst defi gap: 0.06:  52%|█████▏    | 260/500 [08:02<07:26,  1.86s/it]
Epoch 260 | postive loss : 2.49, negtive prim loss : 5.40, negtive defi loss : 11.22, worst lambd: 5.35, worst prim gap: 0.00, worst defi gap: 0.05:  52%|█████▏    | 261/500 [08:04<07:24,  1.86s/it]
Epoch 261 | postive loss : 2.44, negtive prim loss : 5.28, negtive defi loss : 10.98, worst lambd: 5.43, worst prim gap: 0.00, worst defi gap: 0.06:  52%|█████▏    | 262/500 [08:06<07:22,  1.86s/it]
Epoch 262 | postive loss : 2.39, negtive prim loss : 5.16, negtive defi loss : 10.73, worst lambd: 5.17, worst prim gap: 0.00, worst defi gap: 0.04:  53%|█████▎    | 263/500 [08:08<07:21,  1.86s/it]
Epoch 263 | postive loss : 2.38, negtive prim loss : 5.06, negtive defi loss : 10.53, worst lambd: 5.20, worst prim gap: 0.00, worst defi gap: 0.05:  53%|█████▎    | 264/500 [08:10<07:19,  1.86s/it]
Epoch 264 | postive loss : 2.34, negtive prim loss : 4.95, negtive defi loss : 10.31, worst lambd: 4.98, worst prim gap: 0.01, worst defi gap: 0.06:  53%|█████▎    | 265/500 [08:12<07:17,  1.86s/it]
Epoch 265 | postive loss : 2.32, negtive prim loss : 4.85, negtive defi loss : 10.10, worst lambd: 4.98, worst prim gap: 0.00, worst defi gap: 0.05:  53%|█████▎    | 266/500 [08:13<07:15,  1.86s/it]
Epoch 266 | postive loss : 2.25, negtive prim loss : 4.75, negtive defi loss : 9.90, worst lambd: 4.76, worst prim gap: 0.01, worst defi gap: 0.05:  53%|█████▎    | 267/500 [08:15<07:14,  1.86s/it] 
Epoch 267 | postive loss : 2.25, negtive prim loss : 4.66, negtive defi loss : 9.72, worst lambd: 4.61, worst prim gap: 0.00, worst defi gap: 0.07:  54%|█████▎    | 268/500 [08:17<07:11,  1.86s/it]
Epoch 268 | postive loss : 2.21, negtive prim loss : 4.56, negtive defi loss : 9.54, worst lambd: 4.91, worst prim gap: 0.00, worst defi gap: 0.05:  54%|█████▍    | 269/500 [08:19<07:09,  1.86s/it]
Epoch 269 | postive loss : 2.20, negtive prim loss : 4.48, negtive defi loss : 9.36, worst lambd: 4.69, worst prim gap: 0.00, worst defi gap: 0.03:  54%|█████▍    | 270/500 [08:21<07:08,  1.86s/it]
Epoch 270 | postive loss : 2.15, negtive prim loss : 4.40, negtive defi loss : 9.21, worst lambd: 4.63, worst prim gap: 0.00, worst defi gap: 0.05:  54%|█████▍    | 271/500 [08:23<07:06,  1.86s/it]
Epoch 271 | postive loss : 2.14, negtive prim loss : 4.32, negtive defi loss : 9.04, worst lambd: 4.61, worst prim gap: 0.00, worst defi gap: 0.03:  54%|█████▍    | 272/500 [08:25<07:04,  1.86s/it]
Epoch 272 | postive loss : 2.13, negtive prim loss : 4.24, negtive defi loss : 8.90, worst lambd: 4.98, worst prim gap: 0.00, worst defi gap: 0.07:  55%|█████▍    | 273/500 [08:26<07:02,  1.86s/it]
Epoch 273 | postive loss : 2.15, negtive prim loss : 4.16, negtive defi loss : 8.74, worst lambd: 4.45, worst prim gap: 0.01, worst defi gap: 0.04:  55%|█████▍    | 274/500 [08:28<07:00,  1.86s/it]
Epoch 274 | postive loss : 2.07, negtive prim loss : 4.08, negtive defi loss : 8.57, worst lambd: 4.50, worst prim gap: 0.00, worst defi gap: 0.06:  55%|█████▌    | 275/500 [08:30<06:58,  1.86s/it]
Epoch 275 | postive loss : 2.07, negtive prim loss : 4.02, negtive defi loss : 8.44, worst lambd: 4.53, worst prim gap: 0.01, worst defi gap: 0.05:  55%|█████▌    | 276/500 [08:32<06:58,  1.87s/it]
Epoch 276 | postive loss : 2.04, negtive prim loss : 3.96, negtive defi loss : 8.32, worst lambd: 4.31, worst prim gap: 0.00, worst defi gap: 0.05:  55%|█████▌    | 277/500 [08:34<06:58,  1.88s/it]
Epoch 277 | postive loss : 2.03, negtive prim loss : 3.90, negtive defi loss : 8.21, worst lambd: 4.56, worst prim gap: 0.00, worst defi gap: 0.04:  56%|█████▌    | 278/500 [08:36<06:56,  1.88s/it]
Epoch 278 | postive loss : 2.02, negtive prim loss : 3.84, negtive defi loss : 8.08, worst lambd: 4.22, worst prim gap: 0.00, worst defi gap: 0.05:  56%|█████▌    | 279/500 [08:38<06:56,  1.89s/it]
Epoch 279 | postive loss : 2.01, negtive prim loss : 3.78, negtive defi loss : 7.94, worst lambd: 4.15, worst prim gap: 0.00, worst defi gap: 0.01:  56%|█████▌    | 280/500 [08:40<06:52,  1.88s/it]
Epoch 280 | postive loss : 1.99, negtive prim loss : 3.73, negtive defi loss : 7.85, worst lambd: 4.12, worst prim gap: 0.01, worst defi gap: 0.07:  56%|█████▌    | 281/500 [08:41<06:49,  1.87s/it]
Epoch 281 | postive loss : 1.95, negtive prim loss : 3.68, negtive defi loss : 7.75, worst lambd: 3.87, worst prim gap: 0.00, worst defi gap: 0.04:  56%|█████▋    | 282/500 [08:43<06:48,  1.87s/it]
Epoch 282 | postive loss : 1.96, negtive prim loss : 3.64, negtive defi loss : 7.67, worst lambd: 4.53, worst prim gap: 0.00, worst defi gap: 0.06:  57%|█████▋    | 283/500 [08:45<06:45,  1.87s/it]
Epoch 283 | postive loss : 1.92, negtive prim loss : 3.59, negtive defi loss : 7.59, worst lambd: 4.07, worst prim gap: 0.00, worst defi gap: 0.05:  57%|█████▋    | 284/500 [08:47<06:43,  1.87s/it]
Epoch 284 | postive loss : 1.89, negtive prim loss : 3.55, negtive defi loss : 7.50, worst lambd: 4.25, worst prim gap: 0.00, worst defi gap: 0.05:  57%|█████▋    | 285/500 [08:49<06:41,  1.87s/it]
Epoch 285 | postive loss : 1.91, negtive prim loss : 3.51, negtive defi loss : 7.41, worst lambd: 4.11, worst prim gap: 0.01, worst defi gap: 0.04:  57%|█████▋    | 286/500 [08:51<06:38,  1.86s/it]
Epoch 286 | postive loss : 1.89, negtive prim loss : 3.47, negtive defi loss : 7.33, worst lambd: 3.97, worst prim gap: 0.00, worst defi gap: 0.02:  57%|█████▋    | 287/500 [08:53<06:37,  1.87s/it]
Epoch 287 | postive loss : 1.87, negtive prim loss : 3.43, negtive defi loss : 7.26, worst lambd: 3.98, worst prim gap: 0.00, worst defi gap: 0.04:  58%|█████▊    | 288/500 [08:54<06:35,  1.86s/it]
Epoch 288 | postive loss : 1.87, negtive prim loss : 3.40, negtive defi loss : 7.19, worst lambd: 4.37, worst prim gap: 0.00, worst defi gap: 0.02:  58%|█████▊    | 289/500 [08:56<06:32,  1.86s/it]
Epoch 289 | postive loss : 1.87, negtive prim loss : 3.36, negtive defi loss : 7.11, worst lambd: 3.89, worst prim gap: 0.00, worst defi gap: 0.04:  58%|█████▊    | 290/500 [08:58<06:31,  1.86s/it]
Epoch 290 | postive loss : 1.87, negtive prim loss : 3.34, negtive defi loss : 7.06, worst lambd: 4.35, worst prim gap: 0.00, worst defi gap: 0.06:  58%|█████▊    | 291/500 [09:00<06:29,  1.86s/it]
Epoch 291 | postive loss : 1.82, negtive prim loss : 3.30, negtive defi loss : 6.98, worst lambd: 3.72, worst prim gap: 0.00, worst defi gap: 0.07:  58%|█████▊    | 292/500 [09:02<06:29,  1.87s/it]
Epoch 292 | postive loss : 1.87, negtive prim loss : 3.28, negtive defi loss : 6.95, worst lambd: 4.01, worst prim gap: 0.00, worst defi gap: 0.05:  59%|█████▊    | 293/500 [09:04<06:26,  1.87s/it]
Epoch 293 | postive loss : 1.83, negtive prim loss : 3.24, negtive defi loss : 6.86, worst lambd: 3.93, worst prim gap: 0.00, worst defi gap: 0.04:  59%|█████▉    | 294/500 [09:06<06:24,  1.87s/it]
Epoch 294 | postive loss : 1.81, negtive prim loss : 3.21, negtive defi loss : 6.82, worst lambd: 4.34, worst prim gap: 0.00, worst defi gap: 0.06:  59%|█████▉    | 295/500 [09:08<06:22,  1.87s/it]
Epoch 295 | postive loss : 1.82, negtive prim loss : 3.19, negtive defi loss : 6.78, worst lambd: 4.08, worst prim gap: 0.00, worst defi gap: 0.02:  59%|█████▉    | 296/500 [09:09<06:20,  1.86s/it]
Epoch 296 | postive loss : 1.79, negtive prim loss : 3.17, negtive defi loss : 6.72, worst lambd: 3.79, worst prim gap: 0.01, worst defi gap: 0.05:  59%|█████▉    | 297/500 [09:11<06:18,  1.86s/it]
Epoch 297 | postive loss : 1.79, negtive prim loss : 3.15, negtive defi loss : 6.69, worst lambd: 3.95, worst prim gap: 0.01, worst defi gap: 0.02:  60%|█████▉    | 298/500 [09:13<06:16,  1.86s/it]
Epoch 298 | postive loss : 1.76, negtive prim loss : 3.13, negtive defi loss : 6.64, worst lambd: 3.73, worst prim gap: 0.00, worst defi gap: 0.05:  60%|█████▉    | 299/500 [09:15<06:14,  1.86s/it]
Epoch 299 | postive loss : 1.76, negtive prim loss : 3.11, negtive defi loss : 6.61, worst lambd: 4.03, worst prim gap: 0.00, worst defi gap: 0.03:  60%|██████    | 300/500 [09:17<06:12,  1.86s/it]
Epoch 300 | postive loss : 1.74, negtive prim loss : 3.09, negtive defi loss : 6.56, worst lambd: 4.01, worst prim gap: 0.00, worst defi gap: 0.03:  60%|██████    | 301/500 [09:19<06:10,  1.86s/it]
Epoch 301 | postive loss : 1.77, negtive prim loss : 3.07, negtive defi loss : 6.52, worst lambd: 3.84, worst prim gap: 0.00, worst defi gap: 0.02:  60%|██████    | 302/500 [09:21<06:08,  1.86s/it]
Epoch 302 | postive loss : 1.76, negtive prim loss : 3.05, negtive defi loss : 6.47, worst lambd: 3.96, worst prim gap: 0.00, worst defi gap: 0.04:  61%|██████    | 303/500 [09:22<06:06,  1.86s/it]
Epoch 303 | postive loss : 1.75, negtive prim loss : 3.03, negtive defi loss : 6.45, worst lambd: 3.85, worst prim gap: 0.00, worst defi gap: 0.01:  61%|██████    | 304/500 [09:24<06:04,  1.86s/it]
Epoch 304 | postive loss : 1.73, negtive prim loss : 3.02, negtive defi loss : 6.41, worst lambd: 3.87, worst prim gap: 0.01, worst defi gap: 0.06:  61%|██████    | 305/500 [09:26<06:02,  1.86s/it]
Epoch 305 | postive loss : 1.73, negtive prim loss : 3.00, negtive defi loss : 6.38, worst lambd: 4.21, worst prim gap: 0.00, worst defi gap: 0.05:  61%|██████    | 306/500 [09:28<06:01,  1.86s/it]
Epoch 306 | postive loss : 1.72, negtive prim loss : 2.98, negtive defi loss : 6.35, worst lambd: 3.88, worst prim gap: 0.00, worst defi gap: 0.02:  61%|██████▏   | 307/500 [09:30<06:00,  1.87s/it]
Epoch 307 | postive loss : 1.73, negtive prim loss : 2.97, negtive defi loss : 6.32, worst lambd: 3.67, worst prim gap: 0.00, worst defi gap: 0.07:  62%|██████▏   | 308/500 [09:32<05:58,  1.87s/it]
Epoch 308 | postive loss : 1.70, negtive prim loss : 2.95, negtive defi loss : 6.29, worst lambd: 3.70, worst prim gap: 0.00, worst defi gap: 0.04:  62%|██████▏   | 309/500 [09:34<05:57,  1.87s/it]
Epoch 309 | postive loss : 1.71, negtive prim loss : 2.93, negtive defi loss : 6.26, worst lambd: 3.90, worst prim gap: 0.01, worst defi gap: 0.06:  62%|██████▏   | 310/500 [09:36<05:56,  1.88s/it]
Epoch 310 | postive loss : 1.69, negtive prim loss : 2.92, negtive defi loss : 6.22, worst lambd: 4.10, worst prim gap: 0.00, worst defi gap: 0.02:  62%|██████▏   | 311/500 [09:37<05:54,  1.88s/it]
Epoch 311 | postive loss : 1.71, negtive prim loss : 2.91, negtive defi loss : 6.20, worst lambd: 3.99, worst prim gap: 0.00, worst defi gap: 0.03:  62%|██████▏   | 312/500 [09:39<05:52,  1.88s/it]
Epoch 312 | postive loss : 1.66, negtive prim loss : 2.89, negtive defi loss : 6.16, worst lambd: 3.74, worst prim gap: 0.00, worst defi gap: 0.04:  63%|██████▎   | 313/500 [09:41<05:49,  1.87s/it]
Epoch 313 | postive loss : 1.67, negtive prim loss : 2.88, negtive defi loss : 6.14, worst lambd: 3.74, worst prim gap: 0.01, worst defi gap: 0.03:  63%|██████▎   | 314/500 [09:43<05:47,  1.87s/it]
Epoch 314 | postive loss : 1.67, negtive prim loss : 2.87, negtive defi loss : 6.12, worst lambd: 3.86, worst prim gap: 0.00, worst defi gap: 0.02:  63%|██████▎   | 315/500 [09:45<05:45,  1.87s/it]
Epoch 315 | postive loss : 1.66, negtive prim loss : 2.86, negtive defi loss : 6.09, worst lambd: 3.75, worst prim gap: 0.01, worst defi gap: 0.04:  63%|██████▎   | 316/500 [09:47<05:43,  1.87s/it]
Epoch 316 | postive loss : 1.64, negtive prim loss : 2.85, negtive defi loss : 6.08, worst lambd: 3.75, worst prim gap: 0.01, worst defi gap: 0.06:  63%|██████▎   | 317/500 [09:49<05:41,  1.87s/it]
Epoch 317 | postive loss : 1.67, negtive prim loss : 2.84, negtive defi loss : 6.04, worst lambd: 3.47, worst prim gap: 0.01, worst defi gap: 0.05:  64%|██████▎   | 318/500 [09:50<05:39,  1.87s/it]
Epoch 318 | postive loss : 1.68, negtive prim loss : 2.82, negtive defi loss : 6.01, worst lambd: 3.74, worst prim gap: 0.00, worst defi gap: 0.05:  64%|██████▍   | 319/500 [09:52<05:37,  1.86s/it]
Epoch 319 | postive loss : 1.69, negtive prim loss : 2.80, negtive defi loss : 5.97, worst lambd: 3.64, worst prim gap: 0.00, worst defi gap: 0.07:  64%|██████▍   | 320/500 [09:54<05:35,  1.86s/it]
Epoch 320 | postive loss : 1.68, negtive prim loss : 2.78, negtive defi loss : 5.93, worst lambd: 3.76, worst prim gap: 0.00, worst defi gap: 0.04:  64%|██████▍   | 321/500 [09:56<05:33,  1.86s/it]
Epoch 321 | postive loss : 1.65, negtive prim loss : 2.76, negtive defi loss : 5.90, worst lambd: 3.57, worst prim gap: 0.00, worst defi gap: 0.04:  64%|██████▍   | 322/500 [09:58<05:31,  1.86s/it]
Epoch 322 | postive loss : 1.68, negtive prim loss : 2.75, negtive defi loss : 5.86, worst lambd: 3.83, worst prim gap: 0.00, worst defi gap: 0.04:  65%|██████▍   | 323/500 [10:00<05:29,  1.86s/it]
Epoch 323 | postive loss : 1.64, negtive prim loss : 2.74, negtive defi loss : 5.84, worst lambd: 3.56, worst prim gap: 0.01, worst defi gap: 0.04:  65%|██████▍   | 324/500 [10:02<05:26,  1.86s/it]
Epoch 324 | postive loss : 1.64, negtive prim loss : 2.73, negtive defi loss : 5.81, worst lambd: 3.68, worst prim gap: 0.00, worst defi gap: 0.02:  65%|██████▌   | 325/500 [10:03<05:25,  1.86s/it]
Epoch 325 | postive loss : 1.64, negtive prim loss : 2.72, negtive defi loss : 5.80, worst lambd: 3.59, worst prim gap: 0.00, worst defi gap: 0.05:  65%|██████▌   | 326/500 [10:05<05:23,  1.86s/it]
Epoch 326 | postive loss : 1.62, negtive prim loss : 2.71, negtive defi loss : 5.78, worst lambd: 3.65, worst prim gap: 0.00, worst defi gap: 0.01:  65%|██████▌   | 327/500 [10:07<05:21,  1.86s/it]
Epoch 327 | postive loss : 1.62, negtive prim loss : 2.70, negtive defi loss : 5.76, worst lambd: 3.59, worst prim gap: 0.00, worst defi gap: 0.02:  66%|██████▌   | 328/500 [10:09<05:19,  1.86s/it]
Epoch 328 | postive loss : 1.60, negtive prim loss : 2.69, negtive defi loss : 5.74, worst lambd: 3.61, worst prim gap: 0.00, worst defi gap: 0.02:  66%|██████▌   | 329/500 [10:11<05:17,  1.86s/it]
Epoch 329 | postive loss : 1.63, negtive prim loss : 2.69, negtive defi loss : 5.72, worst lambd: 3.37, worst prim gap: 0.00, worst defi gap: 0.03:  66%|██████▌   | 330/500 [10:13<05:15,  1.86s/it]
Epoch 330 | postive loss : 1.58, negtive prim loss : 2.67, negtive defi loss : 5.70, worst lambd: 3.75, worst prim gap: 0.01, worst defi gap: 0.02:  66%|██████▌   | 331/500 [10:15<05:14,  1.86s/it]
Epoch 331 | postive loss : 1.61, negtive prim loss : 2.66, negtive defi loss : 5.68, worst lambd: 4.00, worst prim gap: 0.01, worst defi gap: 0.06:  66%|██████▋   | 332/500 [10:16<05:12,  1.86s/it]
Epoch 332 | postive loss : 1.62, negtive prim loss : 2.66, negtive defi loss : 5.65, worst lambd: 3.72, worst prim gap: 0.00, worst defi gap: 0.06:  67%|██████▋   | 333/500 [10:18<05:10,  1.86s/it]
Epoch 333 | postive loss : 1.59, negtive prim loss : 2.65, negtive defi loss : 5.64, worst lambd: 3.73, worst prim gap: 0.00, worst defi gap: 0.04:  67%|██████▋   | 334/500 [10:20<05:08,  1.86s/it]
Epoch 334 | postive loss : 1.58, negtive prim loss : 2.63, negtive defi loss : 5.63, worst lambd: 3.83, worst prim gap: 0.00, worst defi gap: 0.05:  67%|██████▋   | 335/500 [10:22<05:06,  1.86s/it]
Epoch 335 | postive loss : 1.59, negtive prim loss : 2.62, negtive defi loss : 5.60, worst lambd: 3.56, worst prim gap: 0.01, worst defi gap: 0.04:  67%|██████▋   | 336/500 [10:24<05:05,  1.86s/it]
Epoch 336 | postive loss : 1.59, negtive prim loss : 2.61, negtive defi loss : 5.58, worst lambd: 3.67, worst prim gap: 0.00, worst defi gap: 0.04:  67%|██████▋   | 337/500 [10:26<05:03,  1.86s/it]
Epoch 337 | postive loss : 1.56, negtive prim loss : 2.60, negtive defi loss : 5.55, worst lambd: 3.67, worst prim gap: 0.01, worst defi gap: 0.01:  68%|██████▊   | 338/500 [10:28<05:01,  1.86s/it]
Epoch 338 | postive loss : 1.56, negtive prim loss : 2.59, negtive defi loss : 5.55, worst lambd: 3.58, worst prim gap: 0.00, worst defi gap: 0.06:  68%|██████▊   | 339/500 [10:29<04:59,  1.86s/it]
Epoch 339 | postive loss : 1.59, negtive prim loss : 2.59, negtive defi loss : 5.52, worst lambd: 3.58, worst prim gap: 0.00, worst defi gap: 0.04:  68%|██████▊   | 340/500 [10:31<04:57,  1.86s/it]
Epoch 340 | postive loss : 1.57, negtive prim loss : 2.57, negtive defi loss : 5.49, worst lambd: 3.51, worst prim gap: 0.01, worst defi gap: 0.05:  68%|██████▊   | 341/500 [10:33<04:55,  1.86s/it]
Epoch 341 | postive loss : 1.54, negtive prim loss : 2.56, negtive defi loss : 5.47, worst lambd: 3.81, worst prim gap: 0.00, worst defi gap: 0.03:  68%|██████▊   | 342/500 [10:35<04:54,  1.86s/it]
Epoch 342 | postive loss : 1.54, negtive prim loss : 2.56, negtive defi loss : 5.46, worst lambd: 3.68, worst prim gap: 0.00, worst defi gap: 0.07:  69%|██████▊   | 343/500 [10:37<04:52,  1.86s/it]
Epoch 343 | postive loss : 1.53, negtive prim loss : 2.55, negtive defi loss : 5.44, worst lambd: 3.50, worst prim gap: 0.00, worst defi gap: 0.06:  69%|██████▉   | 344/500 [10:39<04:50,  1.86s/it]
Epoch 344 | postive loss : 1.54, negtive prim loss : 2.54, negtive defi loss : 5.42, worst lambd: 3.41, worst prim gap: 0.01, worst defi gap: 0.02:  69%|██████▉   | 345/500 [10:41<04:49,  1.87s/it]
Epoch 345 | postive loss : 1.52, negtive prim loss : 2.53, negtive defi loss : 5.41, worst lambd: 3.60, worst prim gap: 0.00, worst defi gap: 0.06:  69%|██████▉   | 346/500 [10:43<04:47,  1.87s/it]
Epoch 346 | postive loss : 1.53, negtive prim loss : 2.53, negtive defi loss : 5.40, worst lambd: 3.88, worst prim gap: 0.00, worst defi gap: 0.05:  69%|██████▉   | 347/500 [10:44<04:45,  1.86s/it]
Epoch 347 | postive loss : 1.51, negtive prim loss : 2.52, negtive defi loss : 5.37, worst lambd: 3.52, worst prim gap: 0.00, worst defi gap: 0.03:  70%|██████▉   | 348/500 [10:46<04:43,  1.86s/it]
Epoch 348 | postive loss : 1.53, negtive prim loss : 2.51, negtive defi loss : 5.35, worst lambd: 3.39, worst prim gap: 0.00, worst defi gap: 0.04:  70%|██████▉   | 349/500 [10:48<04:41,  1.87s/it]
Epoch 349 | postive loss : 1.50, negtive prim loss : 2.50, negtive defi loss : 5.33, worst lambd: 3.59, worst prim gap: 0.00, worst defi gap: 0.05:  70%|███████   | 350/500 [10:50<04:40,  1.87s/it]
Epoch 350 | postive loss : 1.52, negtive prim loss : 2.49, negtive defi loss : 5.32, worst lambd: 3.35, worst prim gap: 0.00, worst defi gap: 0.03:  70%|███████   | 351/500 [10:52<04:38,  1.87s/it]
Epoch 351 | postive loss : 1.52, negtive prim loss : 2.47, negtive defi loss : 5.29, worst lambd: 3.60, worst prim gap: 0.00, worst defi gap: 0.05:  70%|███████   | 352/500 [10:54<04:36,  1.87s/it]
Epoch 352 | postive loss : 1.54, negtive prim loss : 2.47, negtive defi loss : 5.27, worst lambd: 3.76, worst prim gap: 0.00, worst defi gap: 0.07:  71%|███████   | 353/500 [10:56<04:34,  1.87s/it]
Epoch 353 | postive loss : 1.52, negtive prim loss : 2.46, negtive defi loss : 5.25, worst lambd: 3.59, worst prim gap: 0.00, worst defi gap: 0.03:  71%|███████   | 354/500 [10:57<04:32,  1.86s/it]
Epoch 354 | postive loss : 1.51, negtive prim loss : 2.45, negtive defi loss : 5.22, worst lambd: 3.34, worst prim gap: 0.00, worst defi gap: 0.05:  71%|███████   | 355/500 [10:59<04:30,  1.86s/it]
Epoch 355 | postive loss : 1.50, negtive prim loss : 2.44, negtive defi loss : 5.22, worst lambd: 3.35, worst prim gap: 0.00, worst defi gap: 0.07:  71%|███████   | 356/500 [11:01<04:29,  1.87s/it]
Epoch 356 | postive loss : 1.51, negtive prim loss : 2.43, negtive defi loss : 5.20, worst lambd: 3.40, worst prim gap: 0.00, worst defi gap: 0.04:  71%|███████▏  | 357/500 [11:03<04:27,  1.87s/it]
Epoch 357 | postive loss : 1.50, negtive prim loss : 2.42, negtive defi loss : 5.18, worst lambd: 3.31, worst prim gap: 0.00, worst defi gap: 0.02:  72%|███████▏  | 358/500 [11:05<04:26,  1.87s/it]
Epoch 358 | postive loss : 1.48, negtive prim loss : 2.42, negtive defi loss : 5.16, worst lambd: 3.17, worst prim gap: 0.00, worst defi gap: 0.06:  72%|███████▏  | 359/500 [11:07<04:25,  1.88s/it]
Epoch 359 | postive loss : 1.48, negtive prim loss : 2.41, negtive defi loss : 5.14, worst lambd: 3.40, worst prim gap: 0.00, worst defi gap: 0.03:  72%|███████▏  | 360/500 [11:09<04:23,  1.88s/it]
Epoch 360 | postive loss : 1.50, negtive prim loss : 2.41, negtive defi loss : 5.13, worst lambd: 3.62, worst prim gap: 0.00, worst defi gap: 0.02:  72%|███████▏  | 361/500 [11:11<04:21,  1.88s/it]
Epoch 361 | postive loss : 1.47, negtive prim loss : 2.40, negtive defi loss : 5.11, worst lambd: 3.15, worst prim gap: 0.01, worst defi gap: 0.03:  72%|███████▏  | 362/500 [11:12<04:19,  1.88s/it]
Epoch 362 | postive loss : 1.49, negtive prim loss : 2.39, negtive defi loss : 5.09, worst lambd: 3.34, worst prim gap: 0.00, worst defi gap: 0.03:  73%|███████▎  | 363/500 [11:14<04:16,  1.88s/it]
Epoch 363 | postive loss : 1.49, negtive prim loss : 2.38, negtive defi loss : 5.07, worst lambd: 3.39, worst prim gap: 0.01, worst defi gap: 0.01:  73%|███████▎  | 364/500 [11:16<04:15,  1.88s/it]
Epoch 364 | postive loss : 1.48, negtive prim loss : 2.37, negtive defi loss : 5.05, worst lambd: 3.43, worst prim gap: 0.00, worst defi gap: 0.04:  73%|███████▎  | 365/500 [11:18<04:13,  1.88s/it]
Epoch 365 | postive loss : 1.46, negtive prim loss : 2.36, negtive defi loss : 5.04, worst lambd: 3.43, worst prim gap: 0.00, worst defi gap: 0.05:  73%|███████▎  | 366/500 [11:20<04:11,  1.88s/it]
Epoch 366 | postive loss : 1.44, negtive prim loss : 2.36, negtive defi loss : 5.03, worst lambd: 3.38, worst prim gap: 0.01, worst defi gap: 0.05:  73%|███████▎  | 367/500 [11:22<04:08,  1.87s/it]
Epoch 367 | postive loss : 1.45, negtive prim loss : 2.35, negtive defi loss : 5.01, worst lambd: 3.25, worst prim gap: 0.00, worst defi gap: 0.05:  74%|███████▎  | 368/500 [11:24<04:06,  1.87s/it]
Epoch 368 | postive loss : 1.47, negtive prim loss : 2.35, negtive defi loss : 5.00, worst lambd: 3.18, worst prim gap: 0.00, worst defi gap: 0.01:  74%|███████▍  | 369/500 [11:26<04:04,  1.86s/it]
Epoch 369 | postive loss : 1.43, negtive prim loss : 2.34, negtive defi loss : 4.98, worst lambd: 3.12, worst prim gap: 0.00, worst defi gap: 0.04:  74%|███████▍  | 370/500 [11:27<04:02,  1.87s/it]
Epoch 370 | postive loss : 1.45, negtive prim loss : 2.34, negtive defi loss : 4.97, worst lambd: 3.19, worst prim gap: 0.01, worst defi gap: 0.04:  74%|███████▍  | 371/500 [11:29<04:00,  1.86s/it]
Epoch 371 | postive loss : 1.43, negtive prim loss : 2.33, negtive defi loss : 4.95, worst lambd: 3.21, worst prim gap: 0.00, worst defi gap: 0.01:  74%|███████▍  | 372/500 [11:31<03:58,  1.86s/it]
Epoch 372 | postive loss : 1.46, negtive prim loss : 2.32, negtive defi loss : 4.93, worst lambd: 3.38, worst prim gap: 0.01, worst defi gap: 0.01:  75%|███████▍  | 373/500 [11:33<03:57,  1.87s/it]
Epoch 373 | postive loss : 1.46, negtive prim loss : 2.31, negtive defi loss : 4.92, worst lambd: 3.19, worst prim gap: 0.00, worst defi gap: 0.07:  75%|███████▍  | 374/500 [11:35<03:54,  1.86s/it]
Epoch 374 | postive loss : 1.46, negtive prim loss : 2.31, negtive defi loss : 4.91, worst lambd: 3.50, worst prim gap: 0.00, worst defi gap: 0.03:  75%|███████▌  | 375/500 [11:37<03:53,  1.86s/it]
Epoch 375 | postive loss : 1.42, negtive prim loss : 2.29, negtive defi loss : 4.89, worst lambd: 3.18, worst prim gap: 0.01, worst defi gap: 0.03:  75%|███████▌  | 376/500 [11:39<03:51,  1.86s/it]
Epoch 376 | postive loss : 1.43, negtive prim loss : 2.29, negtive defi loss : 4.87, worst lambd: 3.38, worst prim gap: 0.00, worst defi gap: 0.04:  75%|███████▌  | 377/500 [11:40<03:49,  1.86s/it]
Epoch 377 | postive loss : 1.39, negtive prim loss : 2.28, negtive defi loss : 4.86, worst lambd: 3.03, worst prim gap: 0.01, worst defi gap: 0.02:  76%|███████▌  | 378/500 [11:42<03:47,  1.86s/it]
Epoch 378 | postive loss : 1.42, negtive prim loss : 2.28, negtive defi loss : 4.85, worst lambd: 3.27, worst prim gap: 0.01, worst defi gap: 0.05:  76%|███████▌  | 379/500 [11:44<03:45,  1.86s/it]
Epoch 379 | postive loss : 1.41, negtive prim loss : 2.27, negtive defi loss : 4.83, worst lambd: 3.27, worst prim gap: 0.01, worst defi gap: 0.04:  76%|███████▌  | 380/500 [11:46<03:43,  1.86s/it]
Epoch 380 | postive loss : 1.43, negtive prim loss : 2.27, negtive defi loss : 4.82, worst lambd: 3.25, worst prim gap: 0.00, worst defi gap: 0.06:  76%|███████▌  | 381/500 [11:48<03:41,  1.86s/it]
Epoch 381 | postive loss : 1.41, negtive prim loss : 2.26, negtive defi loss : 4.80, worst lambd: 3.32, worst prim gap: 0.01, worst defi gap: 0.04:  76%|███████▋  | 382/500 [11:50<03:40,  1.87s/it]
Epoch 382 | postive loss : 1.40, negtive prim loss : 2.25, negtive defi loss : 4.79, worst lambd: 3.17, worst prim gap: 0.00, worst defi gap: 0.01:  77%|███████▋  | 383/500 [11:52<03:38,  1.86s/it]
Epoch 383 | postive loss : 1.40, negtive prim loss : 2.24, negtive defi loss : 4.77, worst lambd: 3.35, worst prim gap: 0.01, worst defi gap: 0.04:  77%|███████▋  | 384/500 [11:54<03:36,  1.86s/it]
Epoch 384 | postive loss : 1.42, negtive prim loss : 2.24, negtive defi loss : 4.75, worst lambd: 3.30, worst prim gap: 0.00, worst defi gap: 0.02:  77%|███████▋  | 385/500 [11:55<03:34,  1.86s/it]
Epoch 385 | postive loss : 1.43, negtive prim loss : 2.23, negtive defi loss : 4.74, worst lambd: 3.63, worst prim gap: 0.00, worst defi gap: 0.04:  77%|███████▋  | 386/500 [11:57<03:32,  1.86s/it]
Epoch 386 | postive loss : 1.45, negtive prim loss : 2.22, negtive defi loss : 4.73, worst lambd: 3.26, worst prim gap: 0.00, worst defi gap: 0.03:  77%|███████▋  | 387/500 [11:59<03:30,  1.86s/it]
Epoch 387 | postive loss : 1.43, negtive prim loss : 2.21, negtive defi loss : 4.71, worst lambd: 3.43, worst prim gap: 0.00, worst defi gap: 0.08:  78%|███████▊  | 388/500 [12:01<03:28,  1.86s/it]
Epoch 388 | postive loss : 1.42, negtive prim loss : 2.21, negtive defi loss : 4.70, worst lambd: 3.31, worst prim gap: 0.00, worst defi gap: 0.03:  78%|███████▊  | 389/500 [12:03<03:27,  1.87s/it]
Epoch 389 | postive loss : 1.40, negtive prim loss : 2.20, negtive defi loss : 4.68, worst lambd: 3.08, worst prim gap: 0.01, worst defi gap: 0.02:  78%|███████▊  | 390/500 [12:05<03:25,  1.87s/it]
Epoch 390 | postive loss : 1.39, negtive prim loss : 2.20, negtive defi loss : 4.67, worst lambd: 3.18, worst prim gap: 0.01, worst defi gap: 0.03:  78%|███████▊  | 391/500 [12:07<03:23,  1.87s/it]
Epoch 391 | postive loss : 1.38, negtive prim loss : 2.19, negtive defi loss : 4.66, worst lambd: 3.08, worst prim gap: 0.00, worst defi gap: 0.04:  78%|███████▊  | 392/500 [12:08<03:21,  1.86s/it]
Epoch 392 | postive loss : 1.36, negtive prim loss : 2.19, negtive defi loss : 4.65, worst lambd: 2.96, worst prim gap: 0.00, worst defi gap: 0.02:  79%|███████▊  | 393/500 [12:10<03:19,  1.86s/it]
Epoch 393 | postive loss : 1.42, negtive prim loss : 2.18, negtive defi loss : 4.63, worst lambd: 3.12, worst prim gap: 0.00, worst defi gap: 0.05:  79%|███████▉  | 394/500 [12:12<03:18,  1.87s/it]
Epoch 394 | postive loss : 1.39, negtive prim loss : 2.17, negtive defi loss : 4.62, worst lambd: 2.98, worst prim gap: 0.00, worst defi gap: 0.05:  79%|███████▉  | 395/500 [12:14<03:16,  1.87s/it]
Epoch 395 | postive loss : 1.39, negtive prim loss : 2.17, negtive defi loss : 4.61, worst lambd: 3.40, worst prim gap: 0.00, worst defi gap: 0.07:  79%|███████▉  | 396/500 [12:16<03:14,  1.87s/it]
Epoch 396 | postive loss : 1.42, negtive prim loss : 2.16, negtive defi loss : 4.59, worst lambd: 3.55, worst prim gap: 0.00, worst defi gap: 0.04:  79%|███████▉  | 397/500 [12:18<03:12,  1.87s/it]
Epoch 397 | postive loss : 1.40, negtive prim loss : 2.16, negtive defi loss : 4.58, worst lambd: 3.34, worst prim gap: 0.00, worst defi gap: 0.06:  80%|███████▉  | 398/500 [12:20<03:10,  1.87s/it]
Epoch 398 | postive loss : 1.35, negtive prim loss : 2.15, negtive defi loss : 4.56, worst lambd: 3.44, worst prim gap: 0.01, worst defi gap: 0.04:  80%|███████▉  | 399/500 [12:22<03:08,  1.86s/it]
Epoch 399 | postive loss : 1.39, negtive prim loss : 2.15, negtive defi loss : 4.56, worst lambd: 3.38, worst prim gap: 0.00, worst defi gap: 0.06:  80%|████████  | 400/500 [12:23<03:06,  1.86s/it]
Epoch 400 | postive loss : 1.38, negtive prim loss : 2.14, negtive defi loss : 4.54, worst lambd: 3.22, worst prim gap: 0.00, worst defi gap: 0.05:  80%|████████  | 401/500 [12:25<03:04,  1.86s/it]
Epoch 401 | postive loss : 1.39, negtive prim loss : 2.13, negtive defi loss : 4.52, worst lambd: 2.97, worst prim gap: 0.00, worst defi gap: 0.05:  80%|████████  | 402/500 [12:27<03:02,  1.86s/it]
Epoch 402 | postive loss : 1.42, negtive prim loss : 2.12, negtive defi loss : 4.50, worst lambd: 3.49, worst prim gap: 0.00, worst defi gap: 0.03:  81%|████████  | 403/500 [12:29<03:00,  1.86s/it]
Epoch 403 | postive loss : 1.40, negtive prim loss : 2.12, negtive defi loss : 4.48, worst lambd: 3.14, worst prim gap: 0.01, worst defi gap: 0.03:  81%|████████  | 404/500 [12:31<02:58,  1.86s/it]
Epoch 404 | postive loss : 1.40, negtive prim loss : 2.11, negtive defi loss : 4.48, worst lambd: 3.70, worst prim gap: 0.00, worst defi gap: 0.04:  81%|████████  | 405/500 [12:33<02:57,  1.86s/it]
Epoch 405 | postive loss : 1.39, negtive prim loss : 2.11, negtive defi loss : 4.47, worst lambd: 3.16, worst prim gap: 0.00, worst defi gap: 0.05:  81%|████████  | 406/500 [12:35<02:55,  1.86s/it]
Epoch 406 | postive loss : 1.41, negtive prim loss : 2.11, negtive defi loss : 4.46, worst lambd: 3.09, worst prim gap: 0.00, worst defi gap: 0.08:  81%|████████▏ | 407/500 [12:36<02:53,  1.86s/it]
Epoch 407 | postive loss : 1.36, negtive prim loss : 2.10, negtive defi loss : 4.44, worst lambd: 3.43, worst prim gap: 0.01, worst defi gap: 0.06:  82%|████████▏ | 408/500 [12:38<02:51,  1.86s/it]
Epoch 408 | postive loss : 1.36, negtive prim loss : 2.09, negtive defi loss : 4.44, worst lambd: 3.03, worst prim gap: 0.00, worst defi gap: 0.03:  82%|████████▏ | 409/500 [12:40<02:49,  1.87s/it]
Epoch 409 | postive loss : 1.40, negtive prim loss : 2.09, negtive defi loss : 4.44, worst lambd: 3.34, worst prim gap: 0.00, worst defi gap: 0.06:  82%|████████▏ | 410/500 [12:42<02:47,  1.87s/it]
Epoch 410 | postive loss : 1.37, negtive prim loss : 2.09, negtive defi loss : 4.41, worst lambd: 2.99, worst prim gap: 0.00, worst defi gap: 0.02:  82%|████████▏ | 411/500 [12:44<02:45,  1.86s/it]
Epoch 411 | postive loss : 1.37, negtive prim loss : 2.08, negtive defi loss : 4.41, worst lambd: 2.99, worst prim gap: 0.00, worst defi gap: 0.04:  82%|████████▏ | 412/500 [12:46<02:44,  1.87s/it]
Epoch 412 | postive loss : 1.34, negtive prim loss : 2.08, negtive defi loss : 4.40, worst lambd: 3.00, worst prim gap: 0.00, worst defi gap: 0.03:  83%|████████▎ | 413/500 [12:48<02:41,  1.86s/it]
Epoch 413 | postive loss : 1.35, negtive prim loss : 2.07, negtive defi loss : 4.39, worst lambd: 3.09, worst prim gap: 0.00, worst defi gap: 0.03:  83%|████████▎ | 414/500 [12:49<02:39,  1.86s/it]
Epoch 414 | postive loss : 1.33, negtive prim loss : 2.07, negtive defi loss : 4.37, worst lambd: 3.29, worst prim gap: 0.01, worst defi gap: 0.02:  83%|████████▎ | 415/500 [12:51<02:37,  1.86s/it]
Epoch 415 | postive loss : 1.35, negtive prim loss : 2.07, negtive defi loss : 4.36, worst lambd: 3.48, worst prim gap: 0.00, worst defi gap: 0.01:  83%|████████▎ | 416/500 [12:53<02:36,  1.86s/it]
Epoch 416 | postive loss : 1.39, negtive prim loss : 2.06, negtive defi loss : 4.35, worst lambd: 3.17, worst prim gap: 0.00, worst defi gap: 0.02:  83%|████████▎ | 417/500 [12:55<02:34,  1.86s/it]
Epoch 417 | postive loss : 1.36, negtive prim loss : 2.05, negtive defi loss : 4.34, worst lambd: 3.25, worst prim gap: 0.01, worst defi gap: 0.03:  84%|████████▎ | 418/500 [12:57<02:32,  1.86s/it]
Epoch 418 | postive loss : 1.34, negtive prim loss : 2.05, negtive defi loss : 4.33, worst lambd: 3.32, worst prim gap: 0.01, worst defi gap: 0.02:  84%|████████▍ | 419/500 [12:59<02:30,  1.86s/it]
Epoch 419 | postive loss : 1.36, negtive prim loss : 2.05, negtive defi loss : 4.32, worst lambd: 3.07, worst prim gap: 0.00, worst defi gap: 0.04:  84%|████████▍ | 420/500 [13:01<02:28,  1.86s/it]
Epoch 420 | postive loss : 1.35, negtive prim loss : 2.04, negtive defi loss : 4.30, worst lambd: 3.21, worst prim gap: 0.01, worst defi gap: 0.00:  84%|████████▍ | 421/500 [13:02<02:26,  1.86s/it]
Epoch 421 | postive loss : 1.40, negtive prim loss : 2.03, negtive defi loss : 4.28, worst lambd: 3.16, worst prim gap: 0.00, worst defi gap: 0.06:  84%|████████▍ | 422/500 [13:04<02:25,  1.86s/it]
Epoch 422 | postive loss : 1.34, negtive prim loss : 2.02, negtive defi loss : 4.26, worst lambd: 3.00, worst prim gap: 0.01, worst defi gap: 0.04:  85%|████████▍ | 423/500 [13:06<02:24,  1.88s/it]
Epoch 423 | postive loss : 1.37, negtive prim loss : 2.02, negtive defi loss : 4.25, worst lambd: 3.14, worst prim gap: 0.00, worst defi gap: 0.03:  85%|████████▍ | 424/500 [13:08<02:22,  1.87s/it]
Epoch 424 | postive loss : 1.33, negtive prim loss : 2.01, negtive defi loss : 4.24, worst lambd: 3.05, worst prim gap: 0.00, worst defi gap: 0.06:  85%|████████▌ | 425/500 [13:10<02:20,  1.88s/it]
Epoch 425 | postive loss : 1.33, negtive prim loss : 2.01, negtive defi loss : 4.24, worst lambd: 2.93, worst prim gap: 0.00, worst defi gap: 0.01:  85%|████████▌ | 426/500 [13:12<02:18,  1.87s/it]
Epoch 426 | postive loss : 1.34, negtive prim loss : 2.01, negtive defi loss : 4.22, worst lambd: 2.95, worst prim gap: 0.01, worst defi gap: 0.01:  85%|████████▌ | 427/500 [13:14<02:16,  1.87s/it]
Epoch 427 | postive loss : 1.32, negtive prim loss : 2.00, negtive defi loss : 4.21, worst lambd: 2.87, worst prim gap: 0.00, worst defi gap: 0.04:  86%|████████▌ | 428/500 [13:16<02:14,  1.87s/it]
Epoch 428 | postive loss : 1.30, negtive prim loss : 2.00, negtive defi loss : 4.20, worst lambd: 2.81, worst prim gap: 0.00, worst defi gap: 0.01:  86%|████████▌ | 429/500 [13:17<02:12,  1.86s/it]
Epoch 429 | postive loss : 1.32, negtive prim loss : 1.99, negtive defi loss : 4.19, worst lambd: 2.92, worst prim gap: 0.01, worst defi gap: 0.04:  86%|████████▌ | 430/500 [13:19<02:10,  1.87s/it]
Epoch 430 | postive loss : 1.31, negtive prim loss : 1.99, negtive defi loss : 4.18, worst lambd: 2.93, worst prim gap: 0.01, worst defi gap: 0.03:  86%|████████▌ | 431/500 [13:21<02:09,  1.87s/it]
Epoch 431 | postive loss : 1.29, negtive prim loss : 1.99, negtive defi loss : 4.17, worst lambd: 2.68, worst prim gap: 0.01, worst defi gap: 0.02:  86%|████████▋ | 432/500 [13:23<02:06,  1.87s/it]
Epoch 432 | postive loss : 1.32, negtive prim loss : 1.99, negtive defi loss : 4.17, worst lambd: 3.02, worst prim gap: 0.00, worst defi gap: 0.03:  87%|████████▋ | 433/500 [13:25<02:04,  1.86s/it]
Epoch 433 | postive loss : 1.31, negtive prim loss : 1.98, negtive defi loss : 4.16, worst lambd: 3.12, worst prim gap: 0.01, worst defi gap: 0.03:  87%|████████▋ | 434/500 [13:27<02:02,  1.86s/it]
Epoch 434 | postive loss : 1.31, negtive prim loss : 1.97, negtive defi loss : 4.14, worst lambd: 2.97, worst prim gap: 0.00, worst defi gap: 0.06:  87%|████████▋ | 435/500 [13:29<02:00,  1.86s/it]
Epoch 435 | postive loss : 1.30, negtive prim loss : 1.97, negtive defi loss : 4.14, worst lambd: 3.15, worst prim gap: 0.01, worst defi gap: 0.04:  87%|████████▋ | 436/500 [13:30<01:59,  1.86s/it]
Epoch 436 | postive loss : 1.29, negtive prim loss : 1.96, negtive defi loss : 4.12, worst lambd: 2.99, worst prim gap: 0.00, worst defi gap: 0.04:  87%|████████▋ | 437/500 [13:32<01:57,  1.86s/it]
Epoch 437 | postive loss : 1.33, negtive prim loss : 1.96, negtive defi loss : 4.12, worst lambd: 3.19, worst prim gap: 0.00, worst defi gap: 0.02:  88%|████████▊ | 438/500 [13:34<01:55,  1.86s/it]
Epoch 438 | postive loss : 1.32, negtive prim loss : 1.95, negtive defi loss : 4.10, worst lambd: 3.15, worst prim gap: 0.00, worst defi gap: 0.01:  88%|████████▊ | 439/500 [13:36<01:53,  1.86s/it]
Epoch 439 | postive loss : 1.30, negtive prim loss : 1.95, negtive defi loss : 4.10, worst lambd: 3.04, worst prim gap: 0.00, worst defi gap: 0.04:  88%|████████▊ | 440/500 [13:38<01:51,  1.86s/it]
Epoch 440 | postive loss : 1.35, negtive prim loss : 1.95, negtive defi loss : 4.08, worst lambd: 3.38, worst prim gap: 0.00, worst defi gap: 0.03:  88%|████████▊ | 441/500 [13:40<01:49,  1.86s/it]
Epoch 441 | postive loss : 1.32, negtive prim loss : 1.94, negtive defi loss : 4.07, worst lambd: 3.28, worst prim gap: 0.00, worst defi gap: 0.03:  88%|████████▊ | 442/500 [13:42<01:47,  1.86s/it]
Epoch 442 | postive loss : 1.32, negtive prim loss : 1.94, negtive defi loss : 4.06, worst lambd: 3.16, worst prim gap: 0.01, worst defi gap: 0.03:  89%|████████▊ | 443/500 [13:44<01:46,  1.86s/it]
Epoch 443 | postive loss : 1.31, negtive prim loss : 1.93, negtive defi loss : 4.05, worst lambd: 2.84, worst prim gap: 0.00, worst defi gap: 0.04:  89%|████████▉ | 444/500 [13:45<01:44,  1.86s/it]
Epoch 444 | postive loss : 1.32, negtive prim loss : 1.93, negtive defi loss : 4.04, worst lambd: 3.42, worst prim gap: 0.00, worst defi gap: 0.01:  89%|████████▉ | 445/500 [13:47<01:42,  1.86s/it]
Epoch 445 | postive loss : 1.32, negtive prim loss : 1.92, negtive defi loss : 4.03, worst lambd: 2.99, worst prim gap: 0.00, worst defi gap: 0.07:  89%|████████▉ | 446/500 [13:49<01:40,  1.86s/it]
Epoch 446 | postive loss : 1.29, negtive prim loss : 1.92, negtive defi loss : 4.02, worst lambd: 3.27, worst prim gap: 0.00, worst defi gap: 0.04:  89%|████████▉ | 447/500 [13:51<01:38,  1.87s/it]
Epoch 447 | postive loss : 1.30, negtive prim loss : 1.91, negtive defi loss : 4.02, worst lambd: 3.01, worst prim gap: 0.00, worst defi gap: 0.04:  90%|████████▉ | 448/500 [13:53<01:36,  1.86s/it]
Epoch 448 | postive loss : 1.33, negtive prim loss : 1.92, negtive defi loss : 4.01, worst lambd: 3.05, worst prim gap: 0.00, worst defi gap: 0.03:  90%|████████▉ | 449/500 [13:55<01:35,  1.86s/it]
Epoch 449 | postive loss : 1.30, negtive prim loss : 1.91, negtive defi loss : 3.99, worst lambd: 3.06, worst prim gap: 0.01, worst defi gap: 0.03:  90%|█████████ | 450/500 [13:57<01:33,  1.87s/it]
Epoch 450 | postive loss : 1.31, negtive prim loss : 1.91, negtive defi loss : 3.99, worst lambd: 3.04, worst prim gap: 0.00, worst defi gap: 0.02:  90%|█████████ | 451/500 [13:58<01:31,  1.86s/it]
Epoch 451 | postive loss : 1.31, negtive prim loss : 1.90, negtive defi loss : 3.97, worst lambd: 2.82, worst prim gap: 0.00, worst defi gap: 0.05:  90%|█████████ | 452/500 [14:00<01:29,  1.86s/it]
Epoch 452 | postive loss : 1.29, negtive prim loss : 1.89, negtive defi loss : 3.96, worst lambd: 3.07, worst prim gap: 0.00, worst defi gap: 0.04:  91%|█████████ | 453/500 [14:02<01:27,  1.86s/it]
Epoch 453 | postive loss : 1.30, negtive prim loss : 1.89, negtive defi loss : 3.95, worst lambd: 2.95, worst prim gap: 0.01, worst defi gap: 0.04:  91%|█████████ | 454/500 [14:04<01:25,  1.87s/it]
Epoch 454 | postive loss : 1.31, negtive prim loss : 1.89, negtive defi loss : 3.96, worst lambd: 3.46, worst prim gap: 0.00, worst defi gap: 0.04:  91%|█████████ | 455/500 [14:06<01:23,  1.86s/it]
Epoch 455 | postive loss : 1.28, negtive prim loss : 1.89, negtive defi loss : 3.94, worst lambd: 3.00, worst prim gap: 0.01, worst defi gap: 0.02:  91%|█████████ | 456/500 [14:08<01:21,  1.86s/it]
Epoch 456 | postive loss : 1.26, negtive prim loss : 1.88, negtive defi loss : 3.93, worst lambd: 3.08, worst prim gap: 0.01, worst defi gap: 0.05:  91%|█████████▏| 457/500 [14:10<01:20,  1.86s/it]
Epoch 457 | postive loss : 1.27, negtive prim loss : 1.88, negtive defi loss : 3.94, worst lambd: 3.26, worst prim gap: 0.00, worst defi gap: 0.04:  92%|█████████▏| 458/500 [14:11<01:18,  1.87s/it]
Epoch 458 | postive loss : 1.27, negtive prim loss : 1.88, negtive defi loss : 3.93, worst lambd: 3.05, worst prim gap: 0.00, worst defi gap: 0.02:  92%|█████████▏| 459/500 [14:13<01:16,  1.87s/it]
Epoch 459 | postive loss : 1.29, negtive prim loss : 1.88, negtive defi loss : 3.91, worst lambd: 2.95, worst prim gap: 0.00, worst defi gap: 0.04:  92%|█████████▏| 460/500 [14:15<01:14,  1.86s/it]
Epoch 460 | postive loss : 1.28, negtive prim loss : 1.87, negtive defi loss : 3.91, worst lambd: 3.38, worst prim gap: 0.00, worst defi gap: 0.03:  92%|█████████▏| 461/500 [14:17<01:12,  1.86s/it]
Epoch 461 | postive loss : 1.26, negtive prim loss : 1.87, negtive defi loss : 3.90, worst lambd: 3.21, worst prim gap: 0.00, worst defi gap: 0.03:  92%|█████████▏| 462/500 [14:19<01:10,  1.86s/it]
Epoch 462 | postive loss : 1.28, negtive prim loss : 1.87, negtive defi loss : 3.89, worst lambd: 3.22, worst prim gap: 0.01, worst defi gap: 0.05:  93%|█████████▎| 463/500 [14:21<01:09,  1.89s/it]
Epoch 463 | postive loss : 1.26, negtive prim loss : 1.86, negtive defi loss : 3.89, worst lambd: 3.00, worst prim gap: 0.00, worst defi gap: 0.02:  93%|█████████▎| 464/500 [14:23<01:07,  1.88s/it]
Epoch 464 | postive loss : 1.30, negtive prim loss : 1.86, negtive defi loss : 3.87, worst lambd: 3.17, worst prim gap: 0.00, worst defi gap: 0.01:  93%|█████████▎| 465/500 [14:25<01:05,  1.87s/it]
Epoch 465 | postive loss : 1.25, negtive prim loss : 1.85, negtive defi loss : 3.86, worst lambd: 2.92, worst prim gap: 0.00, worst defi gap: 0.03:  93%|█████████▎| 466/500 [14:26<01:03,  1.87s/it]
Epoch 466 | postive loss : 1.26, negtive prim loss : 1.85, negtive defi loss : 3.86, worst lambd: 2.88, worst prim gap: 0.01, worst defi gap: 0.03:  93%|█████████▎| 467/500 [14:28<01:01,  1.87s/it]
Epoch 467 | postive loss : 1.27, negtive prim loss : 1.85, negtive defi loss : 3.85, worst lambd: 2.81, worst prim gap: 0.00, worst defi gap: 0.02:  94%|█████████▎| 468/500 [14:30<00:59,  1.87s/it]
Epoch 468 | postive loss : 1.29, negtive prim loss : 1.85, negtive defi loss : 3.85, worst lambd: 3.06, worst prim gap: 0.00, worst defi gap: 0.05:  94%|█████████▍| 469/500 [14:32<00:57,  1.87s/it]
Epoch 469 | postive loss : 1.38, negtive prim loss : 1.84, negtive defi loss : 3.83, worst lambd: 3.23, worst prim gap: 0.00, worst defi gap: 0.02:  94%|█████████▍| 470/500 [14:34<00:56,  1.87s/it]
Epoch 470 | postive loss : 1.34, negtive prim loss : 1.83, negtive defi loss : 3.81, worst lambd: 2.99, worst prim gap: 0.01, worst defi gap: 0.05:  94%|█████████▍| 471/500 [14:36<00:54,  1.87s/it]
Epoch 471 | postive loss : 1.31, negtive prim loss : 1.83, negtive defi loss : 3.80, worst lambd: 2.83, worst prim gap: 0.00, worst defi gap: 0.04:  94%|█████████▍| 472/500 [14:38<00:52,  1.87s/it]
Epoch 472 | postive loss : 1.27, negtive prim loss : 1.82, negtive defi loss : 3.79, worst lambd: 2.87, worst prim gap: 0.00, worst defi gap: 0.04:  95%|█████████▍| 473/500 [14:40<00:50,  1.87s/it]
Epoch 473 | postive loss : 1.29, negtive prim loss : 1.82, negtive defi loss : 3.79, worst lambd: 2.94, worst prim gap: 0.01, worst defi gap: 0.02:  95%|█████████▍| 474/500 [14:41<00:48,  1.87s/it]
Epoch 474 | postive loss : 1.28, negtive prim loss : 1.82, negtive defi loss : 3.78, worst lambd: 3.17, worst prim gap: 0.01, worst defi gap: 0.06:  95%|█████████▌| 475/500 [14:43<00:46,  1.87s/it]
Epoch 475 | postive loss : 1.26, negtive prim loss : 1.82, negtive defi loss : 3.78, worst lambd: 2.84, worst prim gap: 0.01, worst defi gap: 0.05:  95%|█████████▌| 476/500 [14:45<00:44,  1.87s/it]
Epoch 476 | postive loss : 1.27, negtive prim loss : 1.82, negtive defi loss : 3.78, worst lambd: 2.83, worst prim gap: 0.00, worst defi gap: 0.02:  95%|█████████▌| 477/500 [14:47<00:42,  1.86s/it]
Epoch 477 | postive loss : 1.29, negtive prim loss : 1.82, negtive defi loss : 3.77, worst lambd: 2.98, worst prim gap: 0.00, worst defi gap: 0.01:  96%|█████████▌| 478/500 [14:49<00:40,  1.86s/it]
Epoch 478 | postive loss : 1.26, negtive prim loss : 1.81, negtive defi loss : 3.76, worst lambd: 3.22, worst prim gap: 0.01, worst defi gap: 0.02:  96%|█████████▌| 479/500 [14:51<00:39,  1.87s/it]
Epoch 479 | postive loss : 1.25, negtive prim loss : 1.81, negtive defi loss : 3.75, worst lambd: 2.82, worst prim gap: 0.01, worst defi gap: 0.02:  96%|█████████▌| 480/500 [14:53<00:37,  1.87s/it]
Epoch 480 | postive loss : 1.24, negtive prim loss : 1.80, negtive defi loss : 3.74, worst lambd: 2.87, worst prim gap: 0.01, worst defi gap: 0.04:  96%|█████████▌| 481/500 [14:54<00:35,  1.86s/it]
Epoch 481 | postive loss : 1.26, negtive prim loss : 1.80, negtive defi loss : 3.74, worst lambd: 2.82, worst prim gap: 0.00, worst defi gap: 0.01:  96%|█████████▋| 482/500 [14:56<00:33,  1.86s/it]
Epoch 482 | postive loss : 1.26, negtive prim loss : 1.80, negtive defi loss : 3.74, worst lambd: 2.83, worst prim gap: 0.00, worst defi gap: 0.05:  97%|█████████▋| 483/500 [14:58<00:31,  1.87s/it]
Epoch 483 | postive loss : 1.25, negtive prim loss : 1.80, negtive defi loss : 3.74, worst lambd: 3.01, worst prim gap: 0.01, worst defi gap: 0.07:  97%|█████████▋| 484/500 [15:00<00:30,  1.90s/it]
Epoch 484 | postive loss : 1.24, negtive prim loss : 1.80, negtive defi loss : 3.73, worst lambd: 2.74, worst prim gap: 0.01, worst defi gap: 0.06:  97%|█████████▋| 485/500 [15:02<00:28,  1.90s/it]
Epoch 485 | postive loss : 1.24, negtive prim loss : 1.79, negtive defi loss : 3.73, worst lambd: 3.09, worst prim gap: 0.00, worst defi gap: 0.04:  97%|█████████▋| 486/500 [15:04<00:26,  1.90s/it]
Epoch 486 | postive loss : 1.28, negtive prim loss : 1.79, negtive defi loss : 3.72, worst lambd: 3.02, worst prim gap: 0.00, worst defi gap: 0.01:  97%|█████████▋| 487/500 [15:06<00:24,  1.89s/it]
Epoch 487 | postive loss : 1.31, negtive prim loss : 1.78, negtive defi loss : 3.69, worst lambd: 3.02, worst prim gap: 0.00, worst defi gap: 0.02:  98%|█████████▊| 488/500 [15:08<00:22,  1.91s/it]
Epoch 488 | postive loss : 1.30, negtive prim loss : 1.78, negtive defi loss : 3.68, worst lambd: 3.05, worst prim gap: 0.01, worst defi gap: 0.03:  98%|█████████▊| 489/500 [15:10<00:20,  1.89s/it]
Epoch 489 | postive loss : 1.28, negtive prim loss : 1.77, negtive defi loss : 3.67, worst lambd: 2.97, worst prim gap: 0.01, worst defi gap: 0.03:  98%|█████████▊| 490/500 [15:11<00:18,  1.89s/it]
Epoch 490 | postive loss : 1.25, negtive prim loss : 1.77, negtive defi loss : 3.67, worst lambd: 2.88, worst prim gap: 0.00, worst defi gap: 0.03:  98%|█████████▊| 491/500 [15:13<00:16,  1.89s/it]
Epoch 491 | postive loss : 1.32, negtive prim loss : 1.77, negtive defi loss : 3.67, worst lambd: 2.97, worst prim gap: 0.01, worst defi gap: 0.07:  98%|█████████▊| 492/500 [15:15<00:15,  1.88s/it]
Epoch 492 | postive loss : 1.29, negtive prim loss : 1.77, negtive defi loss : 3.66, worst lambd: 3.20, worst prim gap: 0.00, worst defi gap: 0.05:  99%|█████████▊| 493/500 [15:17<00:13,  1.88s/it]
Epoch 493 | postive loss : 1.27, negtive prim loss : 1.77, negtive defi loss : 3.66, worst lambd: 2.80, worst prim gap: 0.00, worst defi gap: 0.04:  99%|█████████▉| 494/500 [15:19<00:11,  1.89s/it]
Epoch 494 | postive loss : 1.25, negtive prim loss : 1.76, negtive defi loss : 3.65, worst lambd: 3.02, worst prim gap: 0.00, worst defi gap: 0.02:  99%|█████████▉| 495/500 [15:21<00:09,  1.89s/it]
Epoch 495 | postive loss : 1.25, negtive prim loss : 1.76, negtive defi loss : 3.65, worst lambd: 3.01, worst prim gap: 0.00, worst defi gap: 0.03:  99%|█████████▉| 496/500 [15:23<00:07,  1.89s/it]
Epoch 496 | postive loss : 1.22, negtive prim loss : 1.76, negtive defi loss : 3.65, worst lambd: 2.82, worst prim gap: 0.00, worst defi gap: 0.02:  99%|█████████▉| 497/500 [15:25<00:05,  1.89s/it]
Epoch 497 | postive loss : 1.25, negtive prim loss : 1.76, negtive defi loss : 3.65, worst lambd: 3.21, worst prim gap: 0.00, worst defi gap: 0.04: 100%|█████████▉| 498/500 [15:27<00:03,  1.88s/it]
Epoch 498 | postive loss : 1.23, negtive prim loss : 1.76, negtive defi loss : 3.64, worst lambd: 2.97, worst prim gap: 0.01, worst defi gap: 0.03: 100%|█████████▉| 499/500 [15:28<00:01,  1.88s/it]
Epoch 499 | postive loss : 1.24, negtive prim loss : 1.76, negtive defi loss : 3.64, worst lambd: 3.25, worst prim gap: 0.01, worst defi gap: 0.04: 100%|██████████| 500/500 [15:30<00:00,  1.87s/it]
Epoch 499 | postive loss : 1.24, negtive prim loss : 1.76, negtive defi loss : 3.64, worst lambd: 3.25, worst prim gap: 0.01, worst defi gap: 0.04: 100%|██████████| 500/500 [15:30<00:00,  1.86s/it]
Info : finish model training
Info : save model sucessfully
Info : save sucessfully
