
2023-03-20 11:49:32
alpha: 1    batchsize: 16    dim: 128    epoch: 1000    gapMax: 2    gapmode: gap    lambdaMax: 0.5    learningrate: 0.004    lrdecay: 0.5    lrdecayEpoch: 300    modelname: SN2E    momentum: 0    negtsamplenum: 128    optimizer: Adam    vmax: 1000    vmin: 0.001    weightdecay: 0    
INFO -- prepare : Init model SN2E
INFO -- prepare : set model cuda: 0
INFO -- prepare : Model initialization complete
INFO -- prepare : Init optimizer
INFO -- prepare : Finish preparing Optimizer...
Info -- : start model training

  0%|          | 0/1000 [00:00<?, ?it/s]
Epoch 4 | postive loss : 153.77, negtive loss : 49.54, worst lambd: 268.48, worst gap: 23.74:   0%|          | 5/1000 [00:07<23:21,  1.41s/it]
Epoch 9 | postive loss : 55.20, negtive loss : 18.71, worst lambd: 144.64, worst gap: 7.81:   1%|          | 10/1000 [00:13<22:11,  1.35s/it] 
Epoch 14 | postive loss : 16.07, negtive loss : 6.15, worst lambd: 82.21, worst gap: 1.90:   2%|▏         | 15/1000 [00:20<21:40,  1.32s/it] 
Epoch 19 | postive loss : 5.96, negtive loss : 3.53, worst lambd: 41.66, worst gap: 0.57:   2%|▏         | 20/1000 [00:26<21:20,  1.31s/it] 
Epoch 24 | postive loss : 3.57, negtive loss : 3.91, worst lambd: 30.92, worst gap: 0.11:   2%|▎         | 25/1000 [00:32<21:06,  1.30s/it]
Epoch 29 | postive loss : 2.16, negtive loss : 4.22, worst lambd: 42.51, worst gap: 0.03:   3%|▎         | 30/1000 [00:39<20:55,  1.29s/it]
Epoch 34 | postive loss : 1.54, negtive loss : 4.62, worst lambd: 28.18, worst gap: 0.03:   4%|▎         | 35/1000 [00:45<20:46,  1.29s/it]
Epoch 39 | postive loss : 1.39, negtive loss : 5.21, worst lambd: 13.91, worst gap: 0.02:   4%|▍         | 40/1000 [00:52<20:37,  1.29s/it]
Epoch 44 | postive loss : 1.27, negtive loss : 5.85, worst lambd: 9.20, worst gap: 0.02:   4%|▍         | 45/1000 [00:58<20:30,  1.29s/it] 
Epoch 49 | postive loss : 1.16, negtive loss : 6.49, worst lambd: 10.65, worst gap: 0.02:   5%|▌         | 50/1000 [01:04<20:22,  1.29s/it]
Epoch 54 | postive loss : 1.08, negtive loss : 7.12, worst lambd: 10.22, worst gap: 0.02:   6%|▌         | 55/1000 [01:11<20:15,  1.29s/it]
Epoch 59 | postive loss : 0.97, negtive loss : 7.69, worst lambd: 8.76, worst gap: 0.03:   6%|▌         | 60/1000 [01:17<20:09,  1.29s/it] 
Epoch 64 | postive loss : 0.91, negtive loss : 8.21, worst lambd: 7.70, worst gap: 0.01:   6%|▋         | 65/1000 [01:24<20:02,  1.29s/it]
Epoch 69 | postive loss : 0.88, negtive loss : 8.65, worst lambd: 7.11, worst gap: 0.03:   7%|▋         | 70/1000 [01:30<19:56,  1.29s/it]
Epoch 74 | postive loss : 0.81, negtive loss : 9.07, worst lambd: 8.17, worst gap: 0.01:   8%|▊         | 75/1000 [01:37<19:49,  1.29s/it]
Epoch 79 | postive loss : 0.82, negtive loss : 9.42, worst lambd: 9.42, worst gap: 0.01:   8%|▊         | 80/1000 [01:43<19:43,  1.29s/it]
Epoch 84 | postive loss : 0.79, negtive loss : 9.72, worst lambd: 9.25, worst gap: 0.01:   8%|▊         | 85/1000 [01:50<19:37,  1.29s/it]
Epoch 89 | postive loss : 0.76, negtive loss : 9.96, worst lambd: 12.50, worst gap: 0.03:   9%|▉         | 90/1000 [01:56<19:30,  1.29s/it]
Epoch 94 | postive loss : 0.73, negtive loss : 10.17, worst lambd: 7.07, worst gap: 0.03:  10%|▉         | 95/1000 [02:02<19:23,  1.29s/it]
Epoch 99 | postive loss : 0.72, negtive loss : 10.42, worst lambd: 7.30, worst gap: 0.02:  10%|█         | 100/1000 [02:09<19:17,  1.29s/it]
Epoch 104 | postive loss : 0.69, negtive loss : 10.58, worst lambd: 7.83, worst gap: 0.02:  10%|█         | 105/1000 [02:15<19:10,  1.29s/it]
Epoch 109 | postive loss : 0.72, negtive loss : 10.77, worst lambd: 7.73, worst gap: 0.01:  11%|█         | 110/1000 [02:22<19:04,  1.29s/it]
Epoch 114 | postive loss : 0.67, negtive loss : 10.95, worst lambd: 6.07, worst gap: 0.03:  12%|█▏        | 115/1000 [02:28<18:58,  1.29s/it]
Epoch 119 | postive loss : 0.65, negtive loss : 11.09, worst lambd: 6.79, worst gap: 0.03:  12%|█▏        | 120/1000 [02:34<18:50,  1.28s/it]
Epoch 124 | postive loss : 0.66, negtive loss : 11.23, worst lambd: 7.52, worst gap: 0.02:  12%|█▎        | 125/1000 [02:41<18:42,  1.28s/it]
Epoch 129 | postive loss : 0.66, negtive loss : 11.38, worst lambd: 10.75, worst gap: 0.02:  13%|█▎        | 130/1000 [02:47<18:35,  1.28s/it]
Epoch 134 | postive loss : 0.62, negtive loss : 11.51, worst lambd: 7.01, worst gap: 0.03:  14%|█▎        | 135/1000 [02:54<18:27,  1.28s/it] 
Epoch 139 | postive loss : 0.64, negtive loss : 11.64, worst lambd: 7.16, worst gap: 0.05:  14%|█▍        | 140/1000 [03:00<18:21,  1.28s/it]
Epoch 144 | postive loss : 0.62, negtive loss : 11.72, worst lambd: 6.41, worst gap: 0.03:  14%|█▍        | 145/1000 [03:06<18:13,  1.28s/it]
Epoch 149 | postive loss : 0.60, negtive loss : 11.84, worst lambd: 6.70, worst gap: 0.02:  15%|█▌        | 150/1000 [03:13<18:07,  1.28s/it]
Epoch 154 | postive loss : 0.59, negtive loss : 11.93, worst lambd: 9.57, worst gap: 0.02:  16%|█▌        | 155/1000 [03:19<18:01,  1.28s/it]
Epoch 159 | postive loss : 0.61, negtive loss : 12.03, worst lambd: 7.15, worst gap: 0.04:  16%|█▌        | 160/1000 [03:26<17:54,  1.28s/it]
Epoch 164 | postive loss : 0.56, negtive loss : 12.10, worst lambd: 8.15, worst gap: 0.04:  16%|█▋        | 165/1000 [03:32<17:47,  1.28s/it]
Epoch 169 | postive loss : 0.57, negtive loss : 12.17, worst lambd: 5.82, worst gap: 0.01:  17%|█▋        | 170/1000 [03:38<17:41,  1.28s/it]
Epoch 174 | postive loss : 0.58, negtive loss : 12.23, worst lambd: 10.17, worst gap: 0.05:  18%|█▊        | 175/1000 [03:45<17:34,  1.28s/it]
Epoch 179 | postive loss : 0.56, negtive loss : 12.32, worst lambd: 6.46, worst gap: 0.05:  18%|█▊        | 180/1000 [03:51<17:28,  1.28s/it] 
Epoch 184 | postive loss : 0.54, negtive loss : 12.39, worst lambd: 5.28, worst gap: 0.06:  18%|█▊        | 185/1000 [03:58<17:22,  1.28s/it]
Epoch 189 | postive loss : 0.55, negtive loss : 12.47, worst lambd: 6.15, worst gap: 0.02:  19%|█▉        | 190/1000 [04:04<17:15,  1.28s/it]
Epoch 194 | postive loss : 0.53, negtive loss : 12.54, worst lambd: 11.24, worst gap: 0.04:  20%|█▉        | 195/1000 [04:10<17:09,  1.28s/it]
Epoch 199 | postive loss : 0.52, negtive loss : 12.57, worst lambd: 5.20, worst gap: 0.06:  20%|██        | 200/1000 [04:17<17:03,  1.28s/it] 
Epoch 204 | postive loss : 0.52, negtive loss : 12.66, worst lambd: 4.54, worst gap: 0.07:  20%|██        | 205/1000 [04:23<16:56,  1.28s/it]
Epoch 209 | postive loss : 0.52, negtive loss : 12.69, worst lambd: 6.04, worst gap: 0.02:  21%|██        | 210/1000 [04:30<16:50,  1.28s/it]
Epoch 214 | postive loss : 0.51, negtive loss : 12.73, worst lambd: 4.77, worst gap: 0.05:  22%|██▏       | 215/1000 [04:36<16:43,  1.28s/it]
Epoch 219 | postive loss : 0.51, negtive loss : 12.77, worst lambd: 5.12, worst gap: 0.06:  22%|██▏       | 220/1000 [04:42<16:37,  1.28s/it]
Epoch 224 | postive loss : 0.49, negtive loss : 12.82, worst lambd: 9.85, worst gap: 0.01:  22%|██▎       | 225/1000 [04:49<16:31,  1.28s/it]
Epoch 229 | postive loss : 0.50, negtive loss : 12.84, worst lambd: 5.76, worst gap: 0.06:  23%|██▎       | 230/1000 [04:55<16:28,  1.28s/it]
Epoch 234 | postive loss : 0.49, negtive loss : 12.88, worst lambd: 7.68, worst gap: 0.05:  24%|██▎       | 235/1000 [05:02<16:23,  1.29s/it]
Epoch 239 | postive loss : 0.48, negtive loss : 12.87, worst lambd: 4.58, worst gap: 0.04:  24%|██▍       | 240/1000 [05:08<16:18,  1.29s/it]
Epoch 244 | postive loss : 0.47, negtive loss : 12.89, worst lambd: 4.86, worst gap: 0.04:  24%|██▍       | 245/1000 [05:15<16:13,  1.29s/it]
Epoch 249 | postive loss : 0.46, negtive loss : 12.88, worst lambd: 3.73, worst gap: 0.05:  25%|██▌       | 250/1000 [05:21<16:06,  1.29s/it]
Epoch 254 | postive loss : 0.46, negtive loss : 12.90, worst lambd: 5.06, worst gap: 0.10:  26%|██▌       | 255/1000 [05:27<15:58,  1.29s/it]
Epoch 259 | postive loss : 0.47, negtive loss : 12.91, worst lambd: 6.02, worst gap: 0.03:  26%|██▌       | 260/1000 [05:34<15:51,  1.29s/it]
Epoch 264 | postive loss : 0.46, negtive loss : 12.92, worst lambd: 5.25, worst gap: 0.09:  26%|██▋       | 265/1000 [05:40<15:44,  1.28s/it]
Epoch 269 | postive loss : 0.46, negtive loss : 12.95, worst lambd: 7.27, worst gap: 0.09:  27%|██▋       | 270/1000 [05:47<15:37,  1.28s/it]
Epoch 274 | postive loss : 0.46, negtive loss : 12.95, worst lambd: 4.43, worst gap: 0.07:  28%|██▊       | 275/1000 [05:53<15:30,  1.28s/it]
Epoch 279 | postive loss : 0.46, negtive loss : 12.97, worst lambd: 8.41, worst gap: 0.10:  28%|██▊       | 280/1000 [06:00<15:23,  1.28s/it]
Epoch 284 | postive loss : 0.44, negtive loss : 12.94, worst lambd: 3.56, worst gap: 0.09:  28%|██▊       | 285/1000 [06:06<15:17,  1.28s/it]
Epoch 289 | postive loss : 0.43, negtive loss : 12.96, worst lambd: 5.03, worst gap: 0.11:  29%|██▉       | 290/1000 [06:12<15:11,  1.28s/it]
Epoch 294 | postive loss : 0.44, negtive loss : 12.98, worst lambd: 2.61, worst gap: 0.09:  30%|██▉       | 295/1000 [06:19<15:05,  1.28s/it]
Epoch 299 | postive loss : 0.44, negtive loss : 12.96, worst lambd: 6.35, worst gap: 0.13:  30%|███       | 300/1000 [06:25<14:59,  1.28s/it]
Epoch 304 | postive loss : 0.34, negtive loss : 13.00, worst lambd: 1.89, worst gap: 0.06:  30%|███       | 305/1000 [06:32<14:52,  1.28s/it]
Epoch 309 | postive loss : 0.32, negtive loss : 13.08, worst lambd: 1.69, worst gap: 0.05:  31%|███       | 310/1000 [06:38<14:46,  1.29s/it]
Epoch 314 | postive loss : 0.33, negtive loss : 13.14, worst lambd: 1.62, worst gap: 0.11:  32%|███▏      | 315/1000 [06:45<14:40,  1.29s/it]
Epoch 319 | postive loss : 0.33, negtive loss : 13.22, worst lambd: 1.46, worst gap: 0.07:  32%|███▏      | 320/1000 [06:51<14:34,  1.29s/it]
Epoch 324 | postive loss : 0.33, negtive loss : 13.24, worst lambd: 1.60, worst gap: 0.15:  32%|███▎      | 325/1000 [06:57<14:27,  1.29s/it]
Epoch 329 | postive loss : 0.34, negtive loss : 13.25, worst lambd: 2.33, worst gap: 0.17:  33%|███▎      | 330/1000 [07:04<14:21,  1.29s/it]
Epoch 334 | postive loss : 0.34, negtive loss : 13.27, worst lambd: 1.49, worst gap: 0.05:  34%|███▎      | 335/1000 [07:10<14:15,  1.29s/it]
Epoch 339 | postive loss : 0.33, negtive loss : 13.29, worst lambd: 1.49, worst gap: 0.21:  34%|███▍      | 340/1000 [07:17<14:10,  1.29s/it]
Epoch 344 | postive loss : 0.34, negtive loss : 13.30, worst lambd: 1.77, worst gap: 0.13:  34%|███▍      | 345/1000 [07:23<14:04,  1.29s/it]
Epoch 349 | postive loss : 0.34, negtive loss : 13.35, worst lambd: 1.37, worst gap: 0.12:  35%|███▌      | 350/1000 [07:30<13:58,  1.29s/it]
Epoch 354 | postive loss : 0.34, negtive loss : 13.35, worst lambd: 1.41, worst gap: 0.31:  36%|███▌      | 355/1000 [07:36<13:52,  1.29s/it]
Epoch 359 | postive loss : 0.34, negtive loss : 13.38, worst lambd: 1.48, worst gap: 0.14:  36%|███▌      | 360/1000 [07:43<13:45,  1.29s/it]
Epoch 364 | postive loss : 0.33, negtive loss : 13.39, worst lambd: 1.48, worst gap: 0.03:  36%|███▋      | 365/1000 [07:49<13:38,  1.29s/it]
Epoch 369 | postive loss : 0.34, negtive loss : 13.39, worst lambd: 1.37, worst gap: 0.20:  37%|███▋      | 370/1000 [07:55<13:32,  1.29s/it]
Epoch 374 | postive loss : 0.33, negtive loss : 13.43, worst lambd: 1.77, worst gap: 0.11:  38%|███▊      | 375/1000 [08:02<13:25,  1.29s/it]
Epoch 379 | postive loss : 0.34, negtive loss : 13.46, worst lambd: 1.42, worst gap: 0.21:  38%|███▊      | 380/1000 [08:08<13:19,  1.29s/it]
Epoch 384 | postive loss : 0.33, negtive loss : 13.48, worst lambd: 1.62, worst gap: 0.19:  38%|███▊      | 385/1000 [08:15<13:12,  1.29s/it]
Epoch 389 | postive loss : 0.34, negtive loss : 13.48, worst lambd: 1.49, worst gap: 0.32:  39%|███▉      | 390/1000 [08:21<13:06,  1.29s/it]
Epoch 394 | postive loss : 0.34, negtive loss : 13.50, worst lambd: 1.51, worst gap: 0.24:  40%|███▉      | 395/1000 [08:28<12:59,  1.29s/it]
Epoch 399 | postive loss : 0.34, negtive loss : 13.52, worst lambd: 1.51, worst gap: 0.10:  40%|████      | 400/1000 [08:34<12:53,  1.29s/it]
Epoch 404 | postive loss : 0.33, negtive loss : 13.51, worst lambd: 1.32, worst gap: 0.22:  40%|████      | 405/1000 [08:41<12:48,  1.29s/it]
Epoch 409 | postive loss : 0.34, negtive loss : 13.54, worst lambd: 1.46, worst gap: 0.28:  41%|████      | 410/1000 [08:47<12:42,  1.29s/it]
Epoch 414 | postive loss : 0.34, negtive loss : 13.57, worst lambd: 1.69, worst gap: 0.38:  42%|████▏     | 415/1000 [08:53<12:35,  1.29s/it]
Epoch 419 | postive loss : 0.34, negtive loss : 13.56, worst lambd: 2.12, worst gap: 0.52:  42%|████▏     | 420/1000 [09:00<12:29,  1.29s/it]
Epoch 424 | postive loss : 0.34, negtive loss : 13.54, worst lambd: 1.63, worst gap: 0.30:  42%|████▎     | 425/1000 [09:06<12:22,  1.29s/it]
Epoch 429 | postive loss : 0.33, negtive loss : 13.58, worst lambd: 1.69, worst gap: 0.43:  43%|████▎     | 430/1000 [09:13<12:15,  1.29s/it]
Epoch 434 | postive loss : 0.33, negtive loss : 13.60, worst lambd: 1.25, worst gap: 0.64:  44%|████▎     | 435/1000 [09:19<12:09,  1.29s/it]
Epoch 439 | postive loss : 0.33, negtive loss : 13.62, worst lambd: 1.36, worst gap: 0.09:  44%|████▍     | 440/1000 [09:26<12:02,  1.29s/it]
Epoch 444 | postive loss : 0.33, negtive loss : 13.64, worst lambd: 1.33, worst gap: 0.19:  44%|████▍     | 445/1000 [09:32<11:56,  1.29s/it]
Epoch 449 | postive loss : 0.34, negtive loss : 13.61, worst lambd: 1.41, worst gap: 0.55:  45%|████▌     | 450/1000 [09:39<11:49,  1.29s/it]
Epoch 454 | postive loss : 0.34, negtive loss : 13.66, worst lambd: 1.94, worst gap: 0.68:  46%|████▌     | 455/1000 [09:45<11:43,  1.29s/it]
Epoch 459 | postive loss : 0.33, negtive loss : 13.66, worst lambd: 1.50, worst gap: 0.83:  46%|████▌     | 460/1000 [09:52<11:36,  1.29s/it]
Epoch 464 | postive loss : 0.34, negtive loss : 13.67, worst lambd: 1.24, worst gap: 0.16:  46%|████▋     | 465/1000 [09:58<11:30,  1.29s/it]
Epoch 469 | postive loss : 0.33, negtive loss : 13.65, worst lambd: 1.54, worst gap: 0.21:  47%|████▋     | 470/1000 [10:04<11:24,  1.29s/it]
Epoch 474 | postive loss : 0.33, negtive loss : 13.67, worst lambd: 1.22, worst gap: 0.25:  48%|████▊     | 475/1000 [10:11<11:18,  1.29s/it]
Epoch 479 | postive loss : 0.33, negtive loss : 13.71, worst lambd: 1.54, worst gap: 0.31:  48%|████▊     | 480/1000 [10:17<11:11,  1.29s/it]
Epoch 484 | postive loss : 0.33, negtive loss : 13.72, worst lambd: 1.30, worst gap: 0.28:  48%|████▊     | 485/1000 [10:24<11:05,  1.29s/it]
Epoch 489 | postive loss : 0.34, negtive loss : 13.71, worst lambd: 1.27, worst gap: 0.15:  49%|████▉     | 490/1000 [10:30<10:59,  1.29s/it]
Epoch 494 | postive loss : 0.34, negtive loss : 13.73, worst lambd: 1.37, worst gap: 0.69:  50%|████▉     | 495/1000 [10:37<10:52,  1.29s/it]
Epoch 499 | postive loss : 0.33, negtive loss : 13.73, worst lambd: 1.59, worst gap: 0.57:  50%|█████     | 500/1000 [10:43<10:46,  1.29s/it]
Epoch 504 | postive loss : 0.34, negtive loss : 13.73, worst lambd: 1.30, worst gap: 0.49:  50%|█████     | 505/1000 [10:50<10:40,  1.29s/it]
Epoch 509 | postive loss : 0.33, negtive loss : 13.73, worst lambd: 1.34, worst gap: 0.71:  51%|█████     | 510/1000 [10:56<10:33,  1.29s/it]
Epoch 514 | postive loss : 0.34, negtive loss : 13.76, worst lambd: 1.30, worst gap: 0.27:  52%|█████▏    | 515/1000 [11:03<10:27,  1.29s/it]
Epoch 519 | postive loss : 0.33, negtive loss : 13.76, worst lambd: 1.43, worst gap: 1.00:  52%|█████▏    | 520/1000 [11:09<10:20,  1.29s/it]
Epoch 524 | postive loss : 0.33, negtive loss : 13.78, worst lambd: 1.44, worst gap: 0.65:  52%|█████▎    | 525/1000 [11:16<10:14,  1.29s/it]
Epoch 529 | postive loss : 0.34, negtive loss : 13.79, worst lambd: 1.33, worst gap: 0.26:  53%|█████▎    | 530/1000 [11:22<10:07,  1.29s/it]
Epoch 534 | postive loss : 0.33, negtive loss : 13.80, worst lambd: 1.36, worst gap: 1.03:  54%|█████▎    | 535/1000 [11:29<10:01,  1.29s/it]
Epoch 539 | postive loss : 0.33, negtive loss : 13.79, worst lambd: 1.44, worst gap: 0.76:  54%|█████▍    | 540/1000 [11:35<09:54,  1.29s/it]
Epoch 544 | postive loss : 0.33, negtive loss : 13.82, worst lambd: 1.19, worst gap: 0.56:  55%|█████▍    | 545/1000 [11:41<09:48,  1.29s/it]
Epoch 549 | postive loss : 0.34, negtive loss : 13.86, worst lambd: 1.35, worst gap: 0.47:  55%|█████▌    | 550/1000 [11:48<09:41,  1.29s/it]
Epoch 554 | postive loss : 0.33, negtive loss : 13.83, worst lambd: 1.35, worst gap: 0.26:  56%|█████▌    | 555/1000 [11:54<09:35,  1.29s/it]
Epoch 559 | postive loss : 0.33, negtive loss : 13.83, worst lambd: 1.39, worst gap: 0.25:  56%|█████▌    | 560/1000 [12:01<09:28,  1.29s/it]
Epoch 564 | postive loss : 0.33, negtive loss : 13.88, worst lambd: 1.38, worst gap: 0.10:  56%|█████▋    | 565/1000 [12:07<09:22,  1.29s/it]
Epoch 569 | postive loss : 0.33, negtive loss : 13.85, worst lambd: 1.41, worst gap: 0.72:  57%|█████▋    | 570/1000 [12:14<09:16,  1.29s/it]
Epoch 574 | postive loss : 0.33, negtive loss : 13.87, worst lambd: 1.30, worst gap: 0.75:  57%|█████▊    | 575/1000 [12:20<09:09,  1.29s/it]
Epoch 579 | postive loss : 0.33, negtive loss : 13.85, worst lambd: 1.25, worst gap: 1.19:  58%|█████▊    | 580/1000 [12:27<09:03,  1.29s/it]
Epoch 584 | postive loss : 0.34, negtive loss : 13.89, worst lambd: 1.48, worst gap: 0.51:  58%|█████▊    | 585/1000 [12:33<08:57,  1.30s/it]
Epoch 589 | postive loss : 0.33, negtive loss : 13.86, worst lambd: 1.15, worst gap: 0.76:  59%|█████▉    | 590/1000 [12:40<08:51,  1.30s/it]
Epoch 594 | postive loss : 0.33, negtive loss : 13.88, worst lambd: 1.18, worst gap: 0.94:  60%|█████▉    | 595/1000 [12:46<08:43,  1.29s/it]
Epoch 599 | postive loss : 0.33, negtive loss : 13.88, worst lambd: 1.43, worst gap: 0.96:  60%|██████    | 600/1000 [12:53<08:36,  1.29s/it]
Epoch 604 | postive loss : 0.33, negtive loss : 13.96, worst lambd: 1.13, worst gap: 0.84:  60%|██████    | 605/1000 [12:59<08:29,  1.29s/it]
Epoch 609 | postive loss : 0.33, negtive loss : 13.98, worst lambd: 0.93, worst gap: 0.52:  61%|██████    | 610/1000 [13:05<08:22,  1.29s/it]
Epoch 614 | postive loss : 0.32, negtive loss : 13.97, worst lambd: 0.90, worst gap: 0.59:  62%|██████▏   | 615/1000 [13:12<08:15,  1.29s/it]
Epoch 619 | postive loss : 0.33, negtive loss : 13.97, worst lambd: 0.96, worst gap: 1.11:  62%|██████▏   | 620/1000 [13:18<08:09,  1.29s/it]
Epoch 624 | postive loss : 0.32, negtive loss : 13.97, worst lambd: 0.93, worst gap: 1.38:  62%|██████▎   | 625/1000 [13:25<08:02,  1.29s/it]
Epoch 629 | postive loss : 0.32, negtive loss : 13.99, worst lambd: 0.92, worst gap: 0.92:  63%|██████▎   | 630/1000 [13:31<07:56,  1.29s/it]
Epoch 634 | postive loss : 0.32, negtive loss : 14.01, worst lambd: 0.90, worst gap: 1.22:  64%|██████▎   | 635/1000 [13:38<07:49,  1.29s/it]
Epoch 639 | postive loss : 0.31, negtive loss : 14.01, worst lambd: 0.91, worst gap: 0.64:  64%|██████▍   | 640/1000 [13:44<07:43,  1.29s/it]
Epoch 644 | postive loss : 0.32, negtive loss : 14.00, worst lambd: 0.83, worst gap: 0.47:  64%|██████▍   | 645/1000 [13:50<07:36,  1.29s/it]
Epoch 649 | postive loss : 0.32, negtive loss : 14.02, worst lambd: 0.80, worst gap: 0.97:  65%|██████▌   | 650/1000 [13:57<07:30,  1.29s/it]
Epoch 654 | postive loss : 0.31, negtive loss : 14.04, worst lambd: 0.77, worst gap: 1.02:  66%|██████▌   | 655/1000 [14:03<07:23,  1.29s/it]
Epoch 659 | postive loss : 0.32, negtive loss : 14.06, worst lambd: 0.84, worst gap: 0.72:  66%|██████▌   | 660/1000 [14:10<07:17,  1.29s/it]
Epoch 664 | postive loss : 0.31, negtive loss : 14.05, worst lambd: 0.89, worst gap: 0.77:  66%|██████▋   | 665/1000 [14:16<07:11,  1.29s/it]
Epoch 669 | postive loss : 0.31, negtive loss : 14.04, worst lambd: 0.79, worst gap: 0.96:  67%|██████▋   | 670/1000 [14:23<07:04,  1.29s/it]
Epoch 674 | postive loss : 0.32, negtive loss : 14.08, worst lambd: 1.10, worst gap: 1.04:  68%|██████▊   | 675/1000 [14:29<06:58,  1.29s/it]
Epoch 679 | postive loss : 0.31, negtive loss : 14.06, worst lambd: 0.86, worst gap: 0.77:  68%|██████▊   | 680/1000 [14:36<06:52,  1.29s/it]
Epoch 684 | postive loss : 0.31, negtive loss : 14.06, worst lambd: 0.83, worst gap: 0.81:  68%|██████▊   | 685/1000 [14:42<06:45,  1.29s/it]
Epoch 689 | postive loss : 0.31, negtive loss : 14.04, worst lambd: 0.75, worst gap: 0.47:  69%|██████▉   | 690/1000 [14:48<06:39,  1.29s/it]
Epoch 694 | postive loss : 0.31, negtive loss : 14.06, worst lambd: 0.72, worst gap: 1.00:  70%|██████▉   | 695/1000 [14:55<06:32,  1.29s/it]
Epoch 699 | postive loss : 0.32, negtive loss : 14.09, worst lambd: 0.87, worst gap: 0.93:  70%|███████   | 700/1000 [15:01<06:26,  1.29s/it]
Epoch 704 | postive loss : 0.32, negtive loss : 14.08, worst lambd: 0.75, worst gap: 1.05:  70%|███████   | 705/1000 [15:08<06:19,  1.29s/it]
Epoch 709 | postive loss : 0.32, negtive loss : 14.11, worst lambd: 0.74, worst gap: 1.01:  71%|███████   | 710/1000 [15:14<06:13,  1.29s/it]
Epoch 714 | postive loss : 0.32, negtive loss : 14.11, worst lambd: 0.68, worst gap: 1.13:  72%|███████▏  | 715/1000 [15:21<06:06,  1.29s/it]
Epoch 719 | postive loss : 0.31, negtive loss : 14.10, worst lambd: 0.83, worst gap: 0.88:  72%|███████▏  | 720/1000 [15:27<06:00,  1.29s/it]
Epoch 724 | postive loss : 0.32, negtive loss : 14.15, worst lambd: 0.91, worst gap: 1.45:  72%|███████▎  | 725/1000 [15:33<05:54,  1.29s/it]
Epoch 729 | postive loss : 0.31, negtive loss : 14.13, worst lambd: 0.82, worst gap: 1.31:  73%|███████▎  | 730/1000 [15:40<05:47,  1.29s/it]
Epoch 734 | postive loss : 0.32, negtive loss : 14.12, worst lambd: 0.74, worst gap: 1.15:  74%|███████▎  | 735/1000 [15:46<05:41,  1.29s/it]
Epoch 739 | postive loss : 0.32, negtive loss : 14.13, worst lambd: 0.82, worst gap: 1.38:  74%|███████▍  | 740/1000 [15:53<05:34,  1.29s/it]
Epoch 744 | postive loss : 0.32, negtive loss : 14.10, worst lambd: 0.76, worst gap: 1.60:  74%|███████▍  | 745/1000 [15:59<05:29,  1.29s/it]
Epoch 749 | postive loss : 0.32, negtive loss : 14.16, worst lambd: 0.76, worst gap: 1.36:  75%|███████▌  | 750/1000 [16:06<05:22,  1.29s/it]
Epoch 754 | postive loss : 0.32, negtive loss : 14.12, worst lambd: 0.75, worst gap: 1.04:  76%|███████▌  | 755/1000 [16:12<05:16,  1.29s/it]
Epoch 759 | postive loss : 0.31, negtive loss : 14.14, worst lambd: 0.84, worst gap: 1.00:  76%|███████▌  | 760/1000 [16:19<05:10,  1.29s/it]
Epoch 764 | postive loss : 0.32, negtive loss : 14.15, worst lambd: 0.74, worst gap: 1.27:  76%|███████▋  | 765/1000 [16:25<05:04,  1.29s/it]
Epoch 769 | postive loss : 0.31, negtive loss : 14.16, worst lambd: 0.80, worst gap: 1.25:  77%|███████▋  | 770/1000 [16:32<04:57,  1.30s/it]
Epoch 774 | postive loss : 0.32, negtive loss : 14.17, worst lambd: 0.83, worst gap: 1.20:  78%|███████▊  | 775/1000 [16:38<04:51,  1.29s/it]
Epoch 779 | postive loss : 0.32, negtive loss : 14.20, worst lambd: 0.69, worst gap: 1.28:  78%|███████▊  | 780/1000 [16:45<04:44,  1.29s/it]
Epoch 784 | postive loss : 0.32, negtive loss : 14.20, worst lambd: 0.95, worst gap: 1.12:  78%|███████▊  | 785/1000 [16:51<04:38,  1.30s/it]
Epoch 789 | postive loss : 0.32, negtive loss : 14.19, worst lambd: 0.84, worst gap: 1.58:  79%|███████▉  | 790/1000 [16:58<04:32,  1.30s/it]
Epoch 794 | postive loss : 0.32, negtive loss : 14.18, worst lambd: 0.73, worst gap: 0.18:  80%|███████▉  | 795/1000 [17:04<04:25,  1.30s/it]
Epoch 799 | postive loss : 0.32, negtive loss : 14.21, worst lambd: 0.72, worst gap: 1.13:  80%|████████  | 800/1000 [17:11<04:19,  1.30s/it]
Epoch 804 | postive loss : 0.31, negtive loss : 14.20, worst lambd: 1.00, worst gap: 0.81:  80%|████████  | 805/1000 [17:17<04:13,  1.30s/it]
Epoch 809 | postive loss : 0.32, negtive loss : 14.19, worst lambd: 0.70, worst gap: 1.19:  81%|████████  | 810/1000 [17:24<04:07,  1.30s/it]
Epoch 814 | postive loss : 0.32, negtive loss : 14.18, worst lambd: 0.66, worst gap: 0.86:  82%|████████▏ | 815/1000 [17:30<04:00,  1.30s/it]
Epoch 819 | postive loss : 0.32, negtive loss : 14.20, worst lambd: 0.75, worst gap: 1.48:  82%|████████▏ | 820/1000 [17:37<03:53,  1.30s/it]
Epoch 824 | postive loss : 0.32, negtive loss : 14.20, worst lambd: 0.68, worst gap: 0.87:  82%|████████▎ | 825/1000 [17:43<03:47,  1.30s/it]
Epoch 829 | postive loss : 0.32, negtive loss : 14.21, worst lambd: 0.79, worst gap: 1.17:  83%|████████▎ | 830/1000 [17:50<03:40,  1.30s/it]
Epoch 834 | postive loss : 0.32, negtive loss : 14.24, worst lambd: 0.68, worst gap: 1.21:  84%|████████▎ | 835/1000 [17:56<03:33,  1.30s/it]
Epoch 839 | postive loss : 0.31, negtive loss : 14.22, worst lambd: 0.66, worst gap: 1.31:  84%|████████▍ | 840/1000 [18:02<03:27,  1.30s/it]
Epoch 844 | postive loss : 0.31, negtive loss : 14.24, worst lambd: 0.77, worst gap: 1.08:  84%|████████▍ | 845/1000 [18:09<03:21,  1.30s/it]
Epoch 849 | postive loss : 0.32, negtive loss : 14.23, worst lambd: 0.73, worst gap: 0.68:  85%|████████▌ | 850/1000 [18:15<03:14,  1.30s/it]
Epoch 854 | postive loss : 0.32, negtive loss : 14.23, worst lambd: 0.94, worst gap: 0.40:  86%|████████▌ | 855/1000 [18:22<03:07,  1.29s/it]
Epoch 859 | postive loss : 0.32, negtive loss : 14.23, worst lambd: 0.68, worst gap: 0.60:  86%|████████▌ | 860/1000 [18:28<03:00,  1.29s/it]
Epoch 864 | postive loss : 0.32, negtive loss : 14.25, worst lambd: 0.96, worst gap: 1.40:  86%|████████▋ | 865/1000 [18:35<02:54,  1.29s/it]
Epoch 869 | postive loss : 0.32, negtive loss : 14.24, worst lambd: 0.85, worst gap: 1.29:  87%|████████▋ | 870/1000 [18:41<02:47,  1.29s/it]
Epoch 874 | postive loss : 0.32, negtive loss : 14.25, worst lambd: 0.63, worst gap: 1.48:  88%|████████▊ | 875/1000 [18:48<02:41,  1.29s/it]
Epoch 879 | postive loss : 0.32, negtive loss : 14.25, worst lambd: 0.71, worst gap: 1.15:  88%|████████▊ | 880/1000 [18:54<02:34,  1.29s/it]
Epoch 884 | postive loss : 0.32, negtive loss : 14.27, worst lambd: 0.82, worst gap: 1.43:  88%|████████▊ | 885/1000 [19:00<02:27,  1.29s/it]
Epoch 889 | postive loss : 0.31, negtive loss : 14.28, worst lambd: 0.70, worst gap: 1.50:  89%|████████▉ | 890/1000 [19:07<02:21,  1.28s/it]
Epoch 894 | postive loss : 0.32, negtive loss : 14.28, worst lambd: 0.67, worst gap: 0.93:  90%|████████▉ | 895/1000 [19:13<02:14,  1.28s/it]
Epoch 899 | postive loss : 0.32, negtive loss : 14.29, worst lambd: 0.73, worst gap: 1.11:  90%|█████████ | 900/1000 [19:20<02:08,  1.28s/it]
Epoch 904 | postive loss : 0.33, negtive loss : 14.27, worst lambd: 0.60, worst gap: 1.17:  90%|█████████ | 905/1000 [19:26<02:01,  1.28s/it]
Epoch 909 | postive loss : 0.34, negtive loss : 14.30, worst lambd: 0.59, worst gap: 1.05:  91%|█████████ | 910/1000 [19:33<01:55,  1.28s/it]
Epoch 914 | postive loss : 0.33, negtive loss : 14.32, worst lambd: 0.62, worst gap: 1.09:  92%|█████████▏| 915/1000 [19:39<01:48,  1.28s/it]
Epoch 919 | postive loss : 0.33, negtive loss : 14.32, worst lambd: 0.59, worst gap: 1.32:  92%|█████████▏| 920/1000 [19:45<01:42,  1.28s/it]
Epoch 924 | postive loss : 0.33, negtive loss : 14.34, worst lambd: 0.68, worst gap: 1.45:  92%|█████████▎| 925/1000 [19:52<01:36,  1.28s/it]
Epoch 929 | postive loss : 0.34, negtive loss : 14.34, worst lambd: 0.66, worst gap: 1.57:  93%|█████████▎| 930/1000 [19:58<01:29,  1.28s/it]
Epoch 934 | postive loss : 0.33, negtive loss : 14.35, worst lambd: 0.60, worst gap: 1.54:  94%|█████████▎| 935/1000 [20:05<01:23,  1.28s/it]
Epoch 939 | postive loss : 0.33, negtive loss : 14.35, worst lambd: 0.54, worst gap: 1.23:  94%|█████████▍| 940/1000 [20:11<01:16,  1.28s/it]
Epoch 944 | postive loss : 0.34, negtive loss : 14.33, worst lambd: 0.70, worst gap: 1.40:  94%|█████████▍| 945/1000 [20:17<01:10,  1.28s/it]
Epoch 949 | postive loss : 0.33, negtive loss : 14.33, worst lambd: 0.57, worst gap: 0.79:  95%|█████████▌| 950/1000 [20:24<01:04,  1.28s/it]
Epoch 954 | postive loss : 0.34, negtive loss : 14.34, worst lambd: 0.59, worst gap: 1.50:  96%|█████████▌| 955/1000 [20:30<00:57,  1.28s/it]
Epoch 959 | postive loss : 0.33, negtive loss : 14.34, worst lambd: 0.61, worst gap: 1.08:  96%|█████████▌| 960/1000 [20:37<00:51,  1.28s/it]
Epoch 964 | postive loss : 0.33, negtive loss : 14.33, worst lambd: 0.53, worst gap: 1.78:  96%|█████████▋| 965/1000 [20:43<00:44,  1.28s/it]
Epoch 969 | postive loss : 0.33, negtive loss : 14.35, worst lambd: 0.60, worst gap: 1.75:  97%|█████████▋| 970/1000 [20:49<00:38,  1.28s/it]
Epoch 974 | postive loss : 0.33, negtive loss : 14.37, worst lambd: 0.56, worst gap: 1.60:  98%|█████████▊| 975/1000 [20:56<00:32,  1.28s/it]
Epoch 979 | postive loss : 0.34, negtive loss : 14.35, worst lambd: 0.67, worst gap: 1.14:  98%|█████████▊| 980/1000 [21:02<00:25,  1.29s/it]
Epoch 984 | postive loss : 0.34, negtive loss : 14.36, worst lambd: 0.55, worst gap: 1.85:  98%|█████████▊| 985/1000 [21:09<00:19,  1.29s/it]
Epoch 989 | postive loss : 0.34, negtive loss : 14.34, worst lambd: 0.58, worst gap: 1.43:  99%|█████████▉| 990/1000 [21:15<00:12,  1.29s/it]
Epoch 994 | postive loss : 0.33, negtive loss : 14.35, worst lambd: 0.58, worst gap: 1.70: 100%|█████████▉| 995/1000 [21:22<00:06,  1.29s/it]
Epoch 999 | postive loss : 0.33, negtive loss : 14.38, worst lambd: 0.55, worst gap: 1.73: 100%|██████████| 1000/1000 [21:28<00:00,  1.29s/it]
Epoch 999 | postive loss : 0.33, negtive loss : 14.38, worst lambd: 0.55, worst gap: 1.73: 100%|██████████| 1000/1000 [21:28<00:00,  1.29s/it]
Info : finish model training
Info : save model sucessfully
Info : save sucessfully

2023-03-20 12:22:08
alpha: 1    batchsize: 16    dim: 128    epoch: 1000    gapMax: 2    gapmode: gap    lambdaMax: 0.5    learningrate: 0.001    lrdecay: 0.5    lrdecayEpoch: 300    modelname: SN2E    momentum: 0    negtsamplenum: 128    optimizer: Adam    vmax: 1000    vmin: 0.001    weightdecay: 0    
INFO -- prepare : Init model SN2E
INFO -- prepare : set model cuda: 0
INFO -- prepare : Model loading complete
INFO -- prepare : Init optimizer
INFO -- prepare : Finish preparing Optimizer...
Info -- : start model training

  0%|          | 0/1000 [00:00<?, ?it/s]
Epoch 4 | postive loss : 0.33, negtive loss : 14.32, worst lambd: 0.64, worst gap: 1.40:   0%|          | 5/1000 [00:06<22:15,  1.34s/it]
Epoch 9 | postive loss : 0.33, negtive loss : 14.30, worst lambd: 1.02, worst gap: 1.57:   1%|          | 10/1000 [00:13<21:46,  1.32s/it]
Epoch 14 | postive loss : 0.33, negtive loss : 14.32, worst lambd: 0.72, worst gap: 1.66:   2%|▏         | 15/1000 [00:19<21:37,  1.32s/it]
Epoch 19 | postive loss : 0.33, negtive loss : 14.30, worst lambd: 0.75, worst gap: 0.88:   2%|▏         | 20/1000 [00:26<21:18,  1.30s/it]
Epoch 24 | postive loss : 0.33, negtive loss : 14.31, worst lambd: 0.96, worst gap: 1.11:   2%|▎         | 25/1000 [00:32<21:05,  1.30s/it]
Epoch 29 | postive loss : 0.33, negtive loss : 14.31, worst lambd: 0.71, worst gap: 1.20:   3%|▎         | 30/1000 [00:39<20:55,  1.29s/it]
Epoch 34 | postive loss : 0.32, negtive loss : 14.37, worst lambd: 0.74, worst gap: 1.57:   4%|▎         | 35/1000 [00:45<20:51,  1.30s/it]
Epoch 39 | postive loss : 0.33, negtive loss : 14.31, worst lambd: 0.73, worst gap: 1.46:   4%|▍         | 40/1000 [00:52<20:45,  1.30s/it]
Epoch 44 | postive loss : 0.33, negtive loss : 14.34, worst lambd: 0.63, worst gap: 1.38:   4%|▍         | 45/1000 [00:58<20:42,  1.30s/it]
Epoch 49 | postive loss : 0.32, negtive loss : 14.36, worst lambd: 0.77, worst gap: 1.49:   5%|▌         | 50/1000 [01:05<20:35,  1.30s/it]
Epoch 54 | postive loss : 0.32, negtive loss : 14.36, worst lambd: 0.61, worst gap: 1.41:   6%|▌         | 55/1000 [01:11<20:25,  1.30s/it]
Epoch 59 | postive loss : 0.32, negtive loss : 14.34, worst lambd: 0.65, worst gap: 1.48:   6%|▌         | 60/1000 [01:18<20:16,  1.29s/it]
Epoch 64 | postive loss : 0.33, negtive loss : 14.36, worst lambd: 0.67, worst gap: 1.52:   6%|▋         | 65/1000 [01:24<20:08,  1.29s/it]
Epoch 69 | postive loss : 0.33, negtive loss : 14.36, worst lambd: 0.74, worst gap: 1.30:   7%|▋         | 70/1000 [01:30<20:01,  1.29s/it]
Epoch 74 | postive loss : 0.32, negtive loss : 14.33, worst lambd: 0.68, worst gap: 1.56:   8%|▊         | 75/1000 [01:37<19:55,  1.29s/it]
Epoch 79 | postive loss : 0.32, negtive loss : 14.36, worst lambd: 0.67, worst gap: 1.26:   8%|▊         | 80/1000 [01:43<19:48,  1.29s/it]
Epoch 84 | postive loss : 0.32, negtive loss : 14.37, worst lambd: 0.66, worst gap: 0.90:   8%|▊         | 85/1000 [01:50<19:40,  1.29s/it]
Epoch 89 | postive loss : 0.32, negtive loss : 14.38, worst lambd: 0.68, worst gap: 1.44:   9%|▉         | 90/1000 [01:56<19:33,  1.29s/it]
Epoch 94 | postive loss : 0.32, negtive loss : 14.38, worst lambd: 0.76, worst gap: 1.32:  10%|▉         | 95/1000 [02:03<19:27,  1.29s/it]
Epoch 99 | postive loss : 0.32, negtive loss : 14.37, worst lambd: 0.78, worst gap: 1.45:  10%|█         | 100/1000 [02:09<19:19,  1.29s/it]
Epoch 104 | postive loss : 0.32, negtive loss : 14.37, worst lambd: 0.78, worst gap: 1.38:  10%|█         | 105/1000 [02:16<19:13,  1.29s/it]
Epoch 109 | postive loss : 0.32, negtive loss : 14.41, worst lambd: 0.70, worst gap: 1.60:  11%|█         | 110/1000 [02:22<19:06,  1.29s/it]
Epoch 114 | postive loss : 0.32, negtive loss : 14.41, worst lambd: 0.66, worst gap: 1.45:  12%|█▏        | 115/1000 [02:28<19:00,  1.29s/it]
Epoch 119 | postive loss : 0.32, negtive loss : 14.41, worst lambd: 0.64, worst gap: 1.36:  12%|█▏        | 120/1000 [02:35<18:54,  1.29s/it]
Epoch 124 | postive loss : 0.32, negtive loss : 14.44, worst lambd: 0.64, worst gap: 1.54:  12%|█▎        | 125/1000 [02:41<18:47,  1.29s/it]
Epoch 129 | postive loss : 0.32, negtive loss : 14.44, worst lambd: 0.74, worst gap: 1.51:  13%|█▎        | 130/1000 [02:48<18:41,  1.29s/it]
Epoch 134 | postive loss : 0.32, negtive loss : 14.42, worst lambd: 0.85, worst gap: 1.50:  14%|█▎        | 135/1000 [02:54<18:35,  1.29s/it]
Epoch 139 | postive loss : 0.32, negtive loss : 14.43, worst lambd: 0.66, worst gap: 1.64:  14%|█▍        | 140/1000 [03:01<18:28,  1.29s/it]
Epoch 144 | postive loss : 0.32, negtive loss : 14.40, worst lambd: 0.60, worst gap: 1.38:  14%|█▍        | 145/1000 [03:07<18:22,  1.29s/it]
Epoch 149 | postive loss : 0.32, negtive loss : 14.43, worst lambd: 0.68, worst gap: 1.16:  15%|█▌        | 150/1000 [03:14<18:16,  1.29s/it]
Epoch 154 | postive loss : 0.32, negtive loss : 14.40, worst lambd: 0.62, worst gap: 1.46:  16%|█▌        | 155/1000 [03:20<18:16,  1.30s/it]
Epoch 159 | postive loss : 0.32, negtive loss : 14.42, worst lambd: 0.75, worst gap: 1.21:  16%|█▌        | 160/1000 [03:28<19:35,  1.40s/it]
Epoch 164 | postive loss : 0.32, negtive loss : 14.42, worst lambd: 0.78, worst gap: 1.57:  16%|█▋        | 165/1000 [03:35<19:07,  1.37s/it]
Epoch 169 | postive loss : 0.32, negtive loss : 14.41, worst lambd: 0.62, worst gap: 1.53:  17%|█▋        | 170/1000 [03:41<18:43,  1.35s/it]
Epoch 174 | postive loss : 0.32, negtive loss : 14.41, worst lambd: 0.69, worst gap: 0.99:  18%|█▊        | 175/1000 [03:48<18:23,  1.34s/it]
Epoch 179 | postive loss : 0.32, negtive loss : 14.41, worst lambd: 0.75, worst gap: 1.05:  18%|█▊        | 180/1000 [03:54<18:04,  1.32s/it]
Epoch 184 | postive loss : 0.32, negtive loss : 14.46, worst lambd: 0.75, worst gap: 1.75:  18%|█▊        | 185/1000 [04:01<17:49,  1.31s/it]
Epoch 189 | postive loss : 0.32, negtive loss : 14.45, worst lambd: 0.66, worst gap: 1.54:  19%|█▉        | 190/1000 [04:07<17:37,  1.31s/it]
Epoch 194 | postive loss : 0.32, negtive loss : 14.45, worst lambd: 0.87, worst gap: 1.52:  20%|█▉        | 195/1000 [04:14<17:27,  1.30s/it]
Epoch 199 | postive loss : 0.32, negtive loss : 14.48, worst lambd: 0.67, worst gap: 0.89:  20%|██        | 200/1000 [04:20<17:18,  1.30s/it]
Epoch 204 | postive loss : 0.32, negtive loss : 14.47, worst lambd: 0.66, worst gap: 1.55:  20%|██        | 205/1000 [04:27<17:10,  1.30s/it]
Epoch 209 | postive loss : 0.32, negtive loss : 14.46, worst lambd: 0.71, worst gap: 1.40:  21%|██        | 210/1000 [04:33<17:02,  1.29s/it]
Epoch 214 | postive loss : 0.33, negtive loss : 14.48, worst lambd: 0.73, worst gap: 1.46:  22%|██▏       | 215/1000 [04:40<16:54,  1.29s/it]
Epoch 219 | postive loss : 0.32, negtive loss : 14.50, worst lambd: 0.69, worst gap: 1.13:  22%|██▏       | 220/1000 [04:46<16:47,  1.29s/it]
Epoch 224 | postive loss : 0.31, negtive loss : 14.47, worst lambd: 0.67, worst gap: 1.63:  22%|██▎       | 225/1000 [04:52<16:41,  1.29s/it]
Epoch 229 | postive loss : 0.32, negtive loss : 14.45, worst lambd: 0.66, worst gap: 1.24:  23%|██▎       | 230/1000 [04:59<16:35,  1.29s/it]
Epoch 234 | postive loss : 0.32, negtive loss : 14.51, worst lambd: 0.76, worst gap: 1.50:  24%|██▎       | 235/1000 [05:05<16:32,  1.30s/it]
Epoch 239 | postive loss : 0.32, negtive loss : 14.51, worst lambd: 0.64, worst gap: 0.99:  24%|██▍       | 240/1000 [05:12<16:25,  1.30s/it]
Epoch 244 | postive loss : 0.32, negtive loss : 14.50, worst lambd: 0.76, worst gap: 1.30:  24%|██▍       | 245/1000 [05:18<16:18,  1.30s/it]
Epoch 249 | postive loss : 0.33, negtive loss : 14.50, worst lambd: 0.73, worst gap: 1.51:  25%|██▌       | 250/1000 [05:25<16:11,  1.30s/it]
Epoch 254 | postive loss : 0.33, negtive loss : 14.51, worst lambd: 0.97, worst gap: 0.66:  26%|██▌       | 255/1000 [05:31<16:05,  1.30s/it]
Epoch 259 | postive loss : 0.33, negtive loss : 14.49, worst lambd: 0.70, worst gap: 1.52:  26%|██▌       | 260/1000 [05:38<15:58,  1.30s/it]
Epoch 264 | postive loss : 0.32, negtive loss : 14.49, worst lambd: 0.78, worst gap: 1.43:  26%|██▋       | 265/1000 [05:44<15:52,  1.30s/it]
Epoch 269 | postive loss : 0.32, negtive loss : 14.49, worst lambd: 0.67, worst gap: 1.60:  27%|██▋       | 270/1000 [05:51<15:46,  1.30s/it]
Epoch 274 | postive loss : 0.32, negtive loss : 14.50, worst lambd: 0.72, worst gap: 0.86:  28%|██▊       | 275/1000 [05:57<15:39,  1.30s/it]
Epoch 279 | postive loss : 0.32, negtive loss : 14.52, worst lambd: 0.69, worst gap: 1.65:  28%|██▊       | 280/1000 [06:04<15:33,  1.30s/it]
Epoch 284 | postive loss : 0.32, negtive loss : 14.50, worst lambd: 0.78, worst gap: 1.27:  28%|██▊       | 285/1000 [06:10<15:27,  1.30s/it]
Epoch 289 | postive loss : 0.32, negtive loss : 14.50, worst lambd: 0.72, worst gap: 1.29:  29%|██▉       | 290/1000 [06:17<15:20,  1.30s/it]
Epoch 294 | postive loss : 0.32, negtive loss : 14.48, worst lambd: 0.84, worst gap: 1.43:  30%|██▉       | 295/1000 [06:23<15:14,  1.30s/it]
Epoch 299 | postive loss : 0.32, negtive loss : 14.50, worst lambd: 0.74, worst gap: 1.39:  30%|███       | 300/1000 [06:30<15:07,  1.30s/it]
Epoch 304 | postive loss : 0.33, negtive loss : 14.51, worst lambd: 0.62, worst gap: 1.25:  30%|███       | 305/1000 [06:36<15:00,  1.30s/it]
Epoch 309 | postive loss : 0.34, negtive loss : 14.57, worst lambd: 0.62, worst gap: 1.66:  31%|███       | 310/1000 [06:43<14:54,  1.30s/it]
Epoch 314 | postive loss : 0.33, negtive loss : 14.56, worst lambd: 0.63, worst gap: 1.66:  32%|███▏      | 315/1000 [06:49<14:47,  1.30s/it]
Epoch 319 | postive loss : 0.33, negtive loss : 14.57, worst lambd: 0.60, worst gap: 1.35:  32%|███▏      | 320/1000 [06:56<14:41,  1.30s/it]
Epoch 324 | postive loss : 0.33, negtive loss : 14.56, worst lambd: 0.59, worst gap: 1.43:  32%|███▎      | 325/1000 [07:02<14:34,  1.30s/it]
Epoch 329 | postive loss : 0.33, negtive loss : 14.57, worst lambd: 0.54, worst gap: 1.22:  33%|███▎      | 330/1000 [07:09<14:27,  1.30s/it]
Epoch 334 | postive loss : 0.33, negtive loss : 14.56, worst lambd: 0.55, worst gap: 1.72:  34%|███▎      | 335/1000 [07:15<14:21,  1.30s/it]
Epoch 339 | postive loss : 0.34, negtive loss : 14.59, worst lambd: 0.53, worst gap: 1.20:  34%|███▍      | 340/1000 [07:22<14:15,  1.30s/it]
Epoch 344 | postive loss : 0.33, negtive loss : 14.58, worst lambd: 0.52, worst gap: 1.20:  34%|███▍      | 345/1000 [07:28<14:08,  1.30s/it]
Epoch 349 | postive loss : 0.33, negtive loss : 14.60, worst lambd: 0.58, worst gap: 1.64:  35%|███▌      | 350/1000 [07:35<14:02,  1.30s/it]
Epoch 354 | postive loss : 0.33, negtive loss : 14.59, worst lambd: 0.56, worst gap: 1.69:  36%|███▌      | 355/1000 [07:41<13:56,  1.30s/it]
Epoch 359 | postive loss : 0.33, negtive loss : 14.62, worst lambd: 0.67, worst gap: 1.69:  36%|███▌      | 360/1000 [07:47<13:49,  1.30s/it]
Epoch 364 | postive loss : 0.33, negtive loss : 14.60, worst lambd: 0.58, worst gap: 1.70:  36%|███▋      | 365/1000 [07:54<13:43,  1.30s/it]
Epoch 369 | postive loss : 0.33, negtive loss : 14.58, worst lambd: 0.60, worst gap: 1.70:  37%|███▋      | 370/1000 [08:00<13:36,  1.30s/it]
Epoch 374 | postive loss : 0.33, negtive loss : 14.60, worst lambd: 0.59, worst gap: 1.68:  38%|███▊      | 375/1000 [08:07<13:29,  1.30s/it]
Epoch 379 | postive loss : 0.34, negtive loss : 14.61, worst lambd: 0.60, worst gap: 1.74:  38%|███▊      | 380/1000 [08:13<13:23,  1.30s/it]
Epoch 384 | postive loss : 0.33, negtive loss : 14.60, worst lambd: 0.65, worst gap: 0.91:  38%|███▊      | 385/1000 [08:20<13:16,  1.30s/it]
Epoch 389 | postive loss : 0.33, negtive loss : 14.59, worst lambd: 0.59, worst gap: 1.84:  39%|███▉      | 390/1000 [08:26<13:10,  1.30s/it]
Epoch 394 | postive loss : 0.34, negtive loss : 14.59, worst lambd: 0.60, worst gap: 1.28:  40%|███▉      | 395/1000 [08:33<13:04,  1.30s/it]
Epoch 399 | postive loss : 0.34, negtive loss : 14.63, worst lambd: 0.59, worst gap: 1.71:  40%|████      | 400/1000 [08:39<12:57,  1.30s/it]
Epoch 404 | postive loss : 0.33, negtive loss : 14.60, worst lambd: 0.61, worst gap: 1.78:  40%|████      | 405/1000 [08:46<12:51,  1.30s/it]
Epoch 409 | postive loss : 0.34, negtive loss : 14.61, worst lambd: 0.63, worst gap: 1.43:  41%|████      | 410/1000 [08:52<12:45,  1.30s/it]
Epoch 414 | postive loss : 0.33, negtive loss : 14.62, worst lambd: 0.54, worst gap: 1.52:  42%|████▏     | 415/1000 [08:59<12:38,  1.30s/it]
Epoch 419 | postive loss : 0.33, negtive loss : 14.60, worst lambd: 0.58, worst gap: 1.89:  42%|████▏     | 420/1000 [09:05<12:31,  1.30s/it]
Epoch 424 | postive loss : 0.34, negtive loss : 14.63, worst lambd: 0.57, worst gap: 1.74:  42%|████▎     | 425/1000 [09:12<12:25,  1.30s/it]
Epoch 429 | postive loss : 0.34, negtive loss : 14.62, worst lambd: 0.59, worst gap: 1.59:  43%|████▎     | 430/1000 [09:18<12:18,  1.30s/it]
Epoch 434 | postive loss : 0.34, negtive loss : 14.61, worst lambd: 0.55, worst gap: 1.74:  44%|████▎     | 435/1000 [09:25<12:11,  1.30s/it]
Epoch 439 | postive loss : 0.34, negtive loss : 14.62, worst lambd: 0.59, worst gap: 1.84:  44%|████▍     | 440/1000 [09:31<12:05,  1.30s/it]
Epoch 444 | postive loss : 0.34, negtive loss : 14.62, worst lambd: 0.58, worst gap: 1.81:  44%|████▍     | 445/1000 [09:38<11:58,  1.30s/it]
Epoch 449 | postive loss : 0.34, negtive loss : 14.65, worst lambd: 0.58, worst gap: 1.62:  45%|████▌     | 450/1000 [09:44<11:52,  1.30s/it]
Epoch 454 | postive loss : 0.33, negtive loss : 14.62, worst lambd: 0.55, worst gap: 1.67:  46%|████▌     | 455/1000 [09:51<11:45,  1.29s/it]
Epoch 459 | postive loss : 0.33, negtive loss : 14.64, worst lambd: 0.57, worst gap: 1.83:  46%|████▌     | 460/1000 [09:57<11:39,  1.29s/it]
Epoch 464 | postive loss : 0.34, negtive loss : 14.64, worst lambd: 0.58, worst gap: 1.75:  46%|████▋     | 465/1000 [10:03<11:32,  1.29s/it]
Epoch 469 | postive loss : 0.34, negtive loss : 14.65, worst lambd: 0.59, worst gap: 1.65:  47%|████▋     | 470/1000 [10:10<11:26,  1.29s/it]
Epoch 474 | postive loss : 0.34, negtive loss : 14.63, worst lambd: 0.57, worst gap: 1.77:  48%|████▊     | 475/1000 [10:16<11:19,  1.29s/it]
Epoch 479 | postive loss : 0.34, negtive loss : 14.60, worst lambd: 0.55, worst gap: 1.88:  48%|████▊     | 480/1000 [10:23<11:14,  1.30s/it]
Epoch 484 | postive loss : 0.34, negtive loss : 14.62, worst lambd: 0.58, worst gap: 1.77:  48%|████▊     | 485/1000 [10:29<11:07,  1.30s/it]
Epoch 489 | postive loss : 0.34, negtive loss : 14.62, worst lambd: 0.58, worst gap: 1.78:  49%|████▉     | 490/1000 [10:36<11:00,  1.30s/it]
Epoch 494 | postive loss : 0.33, negtive loss : 14.61, worst lambd: 0.70, worst gap: 1.75:  50%|████▉     | 495/1000 [10:42<10:54,  1.30s/it]
Epoch 499 | postive loss : 0.34, negtive loss : 14.63, worst lambd: 0.55, worst gap: 0.88:  50%|█████     | 500/1000 [10:49<10:47,  1.30s/it]
Epoch 504 | postive loss : 0.34, negtive loss : 14.62, worst lambd: 0.64, worst gap: 1.40:  50%|█████     | 505/1000 [10:55<10:41,  1.30s/it]
Epoch 509 | postive loss : 0.33, negtive loss : 14.63, worst lambd: 0.61, worst gap: 1.86:  51%|█████     | 510/1000 [11:02<10:34,  1.30s/it]
Epoch 514 | postive loss : 0.33, negtive loss : 14.64, worst lambd: 0.55, worst gap: 1.63:  52%|█████▏    | 515/1000 [11:08<10:28,  1.30s/it]
Epoch 519 | postive loss : 0.34, negtive loss : 14.62, worst lambd: 0.54, worst gap: 1.72:  52%|█████▏    | 520/1000 [11:15<10:21,  1.30s/it]
Epoch 524 | postive loss : 0.34, negtive loss : 14.64, worst lambd: 0.60, worst gap: 1.80:  52%|█████▎    | 525/1000 [11:21<10:15,  1.30s/it]
Epoch 529 | postive loss : 0.34, negtive loss : 14.63, worst lambd: 0.58, worst gap: 1.55:  53%|█████▎    | 530/1000 [11:28<10:08,  1.30s/it]
Epoch 534 | postive loss : 0.33, negtive loss : 14.64, worst lambd: 0.54, worst gap: 1.80:  54%|█████▎    | 535/1000 [11:34<10:02,  1.30s/it]
Epoch 539 | postive loss : 0.34, negtive loss : 14.63, worst lambd: 0.67, worst gap: 1.32:  54%|█████▍    | 540/1000 [11:41<09:55,  1.30s/it]
Epoch 544 | postive loss : 0.35, negtive loss : 14.65, worst lambd: 0.59, worst gap: 1.55:  55%|█████▍    | 545/1000 [11:47<09:49,  1.30s/it]
Epoch 549 | postive loss : 0.34, negtive loss : 14.64, worst lambd: 0.57, worst gap: 1.87:  55%|█████▌    | 550/1000 [11:54<09:42,  1.30s/it]
Epoch 554 | postive loss : 0.34, negtive loss : 14.65, worst lambd: 0.56, worst gap: 1.04:  56%|█████▌    | 555/1000 [12:00<09:36,  1.30s/it]
Epoch 559 | postive loss : 0.33, negtive loss : 14.63, worst lambd: 0.54, worst gap: 1.65:  56%|█████▌    | 560/1000 [12:07<09:29,  1.30s/it]
Epoch 564 | postive loss : 0.34, negtive loss : 14.63, worst lambd: 0.59, worst gap: 1.82:  56%|█████▋    | 565/1000 [12:13<09:23,  1.30s/it]
Epoch 569 | postive loss : 0.34, negtive loss : 14.63, worst lambd: 0.57, worst gap: 1.79:  57%|█████▋    | 570/1000 [12:20<09:16,  1.30s/it]
Epoch 574 | postive loss : 0.33, negtive loss : 14.63, worst lambd: 0.59, worst gap: 1.50:  57%|█████▊    | 575/1000 [12:26<09:10,  1.30s/it]
Epoch 579 | postive loss : 0.33, negtive loss : 14.64, worst lambd: 0.57, worst gap: 1.73:  58%|█████▊    | 580/1000 [12:32<09:04,  1.30s/it]
Epoch 584 | postive loss : 0.34, negtive loss : 14.64, worst lambd: 0.58, worst gap: 1.71:  58%|█████▊    | 585/1000 [12:39<08:57,  1.30s/it]
Epoch 589 | postive loss : 0.34, negtive loss : 14.63, worst lambd: 0.59, worst gap: 1.03:  59%|█████▉    | 590/1000 [12:45<08:51,  1.30s/it]
Epoch 594 | postive loss : 0.33, negtive loss : 14.65, worst lambd: 0.58, worst gap: 1.80:  60%|█████▉    | 595/1000 [12:52<08:44,  1.30s/it]
Epoch 599 | postive loss : 0.34, negtive loss : 14.65, worst lambd: 0.68, worst gap: 0.89:  60%|██████    | 600/1000 [12:58<08:38,  1.30s/it]
Epoch 604 | postive loss : 0.35, negtive loss : 14.66, worst lambd: 0.54, worst gap: 1.73:  60%|██████    | 605/1000 [13:05<08:31,  1.30s/it]
Epoch 609 | postive loss : 0.35, negtive loss : 14.65, worst lambd: 0.55, worst gap: 1.34:  61%|██████    | 610/1000 [13:11<08:25,  1.30s/it]
Epoch 614 | postive loss : 0.35, negtive loss : 14.68, worst lambd: 0.51, worst gap: 1.78:  62%|██████▏   | 615/1000 [13:18<08:19,  1.30s/it]
Epoch 619 | postive loss : 0.35, negtive loss : 14.66, worst lambd: 0.51, worst gap: 1.79:  62%|██████▏   | 620/1000 [13:24<08:12,  1.30s/it]
Epoch 624 | postive loss : 0.35, negtive loss : 14.68, worst lambd: 0.57, worst gap: 1.80:  62%|██████▎   | 625/1000 [13:31<08:05,  1.30s/it]
Epoch 629 | postive loss : 0.36, negtive loss : 14.67, worst lambd: 0.58, worst gap: 1.83:  63%|██████▎   | 630/1000 [13:37<07:59,  1.30s/it]
Epoch 634 | postive loss : 0.36, negtive loss : 14.68, worst lambd: 0.52, worst gap: 1.86:  64%|██████▎   | 635/1000 [13:44<07:53,  1.30s/it]
Epoch 639 | postive loss : 0.35, negtive loss : 14.67, worst lambd: 0.52, worst gap: 1.89:  64%|██████▍   | 640/1000 [13:50<07:46,  1.30s/it]
Epoch 644 | postive loss : 0.35, negtive loss : 14.67, worst lambd: 0.54, worst gap: 1.84:  64%|██████▍   | 645/1000 [13:57<07:40,  1.30s/it]
Epoch 649 | postive loss : 0.35, negtive loss : 14.68, worst lambd: 0.56, worst gap: 1.83:  65%|██████▌   | 650/1000 [14:03<07:33,  1.30s/it]
Epoch 654 | postive loss : 0.35, negtive loss : 14.67, worst lambd: 0.56, worst gap: 1.77:  66%|██████▌   | 655/1000 [14:10<07:27,  1.30s/it]
Epoch 659 | postive loss : 0.35, negtive loss : 14.69, worst lambd: 0.50, worst gap: 1.16:  66%|██████▌   | 660/1000 [14:16<07:20,  1.30s/it]
Epoch 664 | postive loss : 0.35, negtive loss : 14.67, worst lambd: 0.53, worst gap: 1.67:  66%|██████▋   | 665/1000 [14:23<07:14,  1.30s/it]
Epoch 669 | postive loss : 0.36, negtive loss : 14.68, worst lambd: 0.54, worst gap: 1.92:  67%|██████▋   | 670/1000 [14:29<07:07,  1.30s/it]
Epoch 674 | postive loss : 0.35, negtive loss : 14.66, worst lambd: 0.51, worst gap: 1.86:  68%|██████▊   | 675/1000 [14:36<07:01,  1.30s/it]
Epoch 679 | postive loss : 0.35, negtive loss : 14.68, worst lambd: 0.52, worst gap: 1.60:  68%|██████▊   | 680/1000 [14:42<06:54,  1.30s/it]
Epoch 684 | postive loss : 0.35, negtive loss : 14.67, worst lambd: 0.52, worst gap: 1.95:  68%|██████▊   | 685/1000 [14:49<06:48,  1.30s/it]
Epoch 689 | postive loss : 0.36, negtive loss : 14.70, worst lambd: 0.51, worst gap: 1.87:  69%|██████▉   | 690/1000 [14:55<06:41,  1.30s/it]
Epoch 694 | postive loss : 0.35, negtive loss : 14.68, worst lambd: 0.50, worst gap: 1.68:  70%|██████▉   | 695/1000 [15:02<06:35,  1.30s/it]
Epoch 699 | postive loss : 0.35, negtive loss : 14.68, worst lambd: 0.55, worst gap: 1.84:  70%|███████   | 700/1000 [15:08<06:28,  1.29s/it]
Epoch 704 | postive loss : 0.36, negtive loss : 14.68, worst lambd: 0.55, worst gap: 1.88:  70%|███████   | 705/1000 [15:14<06:22,  1.29s/it]
Epoch 709 | postive loss : 0.35, negtive loss : 14.67, worst lambd: 0.54, worst gap: 1.75:  71%|███████   | 710/1000 [15:21<06:15,  1.29s/it]
Epoch 714 | postive loss : 0.35, negtive loss : 14.66, worst lambd: 0.50, worst gap: 1.91:  72%|███████▏  | 715/1000 [15:27<06:09,  1.29s/it]
Epoch 719 | postive loss : 0.35, negtive loss : 14.69, worst lambd: 0.50, worst gap: 1.88:  72%|███████▏  | 720/1000 [15:34<06:02,  1.30s/it]
Epoch 724 | postive loss : 0.35, negtive loss : 14.69, worst lambd: 0.51, worst gap: 1.24:  72%|███████▎  | 725/1000 [15:40<05:56,  1.30s/it]
Epoch 729 | postive loss : 0.35, negtive loss : 14.69, worst lambd: 0.55, worst gap: 1.89:  73%|███████▎  | 730/1000 [15:47<05:49,  1.30s/it]
Epoch 734 | postive loss : 0.36, negtive loss : 14.69, worst lambd: 0.52, worst gap: 1.86:  74%|███████▎  | 735/1000 [15:53<05:43,  1.30s/it]
Epoch 739 | postive loss : 0.36, negtive loss : 14.69, worst lambd: 0.55, worst gap: 1.92:  74%|███████▍  | 740/1000 [16:00<05:36,  1.29s/it]
Epoch 744 | postive loss : 0.35, negtive loss : 14.67, worst lambd: 0.53, worst gap: 1.86:  74%|███████▍  | 745/1000 [16:06<05:30,  1.29s/it]
Epoch 749 | postive loss : 0.35, negtive loss : 14.68, worst lambd: 0.53, worst gap: 1.82:  75%|███████▌  | 750/1000 [16:13<05:23,  1.29s/it]
Epoch 754 | postive loss : 0.35, negtive loss : 14.69, worst lambd: 0.51, worst gap: 1.96:  76%|███████▌  | 755/1000 [16:19<05:17,  1.30s/it]
Epoch 759 | postive loss : 0.36, negtive loss : 14.70, worst lambd: 0.52, worst gap: 1.97:  76%|███████▌  | 760/1000 [16:26<05:10,  1.30s/it]
Epoch 764 | postive loss : 0.36, negtive loss : 14.68, worst lambd: 0.51, worst gap: 1.94:  76%|███████▋  | 765/1000 [16:32<05:04,  1.30s/it]
Epoch 769 | postive loss : 0.35, negtive loss : 14.70, worst lambd: 0.54, worst gap: 1.24:  77%|███████▋  | 770/1000 [16:39<04:57,  1.30s/it]
Epoch 774 | postive loss : 0.36, negtive loss : 14.71, worst lambd: 0.53, worst gap: 1.93:  78%|███████▊  | 775/1000 [16:45<04:51,  1.30s/it]
Epoch 779 | postive loss : 0.36, negtive loss : 14.70, worst lambd: 0.51, worst gap: 1.95:  78%|███████▊  | 780/1000 [16:52<04:45,  1.30s/it]
Epoch 784 | postive loss : 0.36, negtive loss : 14.69, worst lambd: 0.55, worst gap: 1.94:  78%|███████▊  | 785/1000 [16:58<04:38,  1.30s/it]
Epoch 789 | postive loss : 0.36, negtive loss : 14.69, worst lambd: 0.55, worst gap: 1.73:  79%|███████▉  | 790/1000 [17:05<04:32,  1.30s/it]
Epoch 794 | postive loss : 0.35, negtive loss : 14.68, worst lambd: 0.52, worst gap: 1.91:  80%|███████▉  | 795/1000 [17:11<04:25,  1.30s/it]
Epoch 799 | postive loss : 0.36, negtive loss : 14.68, worst lambd: 0.52, worst gap: 1.84:  80%|████████  | 800/1000 [17:18<04:19,  1.30s/it]
Epoch 804 | postive loss : 0.35, negtive loss : 14.68, worst lambd: 0.51, worst gap: 1.96:  80%|████████  | 805/1000 [17:24<04:12,  1.30s/it]
Epoch 809 | postive loss : 0.35, negtive loss : 14.69, worst lambd: 0.56, worst gap: 1.30:  81%|████████  | 810/1000 [17:30<04:06,  1.30s/it]
Epoch 814 | postive loss : 0.35, negtive loss : 14.68, worst lambd: 0.51, worst gap: 1.97:  82%|████████▏ | 815/1000 [17:37<03:59,  1.30s/it]
Epoch 819 | postive loss : 0.35, negtive loss : 14.69, worst lambd: 0.55, worst gap: 1.88:  82%|████████▏ | 820/1000 [17:43<03:53,  1.30s/it]
Epoch 824 | postive loss : 0.36, negtive loss : 14.68, worst lambd: 0.55, worst gap: 1.94:  82%|████████▎ | 825/1000 [17:50<03:46,  1.30s/it]
Epoch 829 | postive loss : 0.36, negtive loss : 14.68, worst lambd: 0.53, worst gap: 0.91:  83%|████████▎ | 830/1000 [17:56<03:40,  1.30s/it]
Epoch 834 | postive loss : 0.36, negtive loss : 14.70, worst lambd: 0.50, worst gap: 1.81:  84%|████████▎ | 835/1000 [18:03<03:33,  1.30s/it]
Epoch 839 | postive loss : 0.36, negtive loss : 14.69, worst lambd: 0.55, worst gap: 1.95:  84%|████████▍ | 840/1000 [18:09<03:27,  1.30s/it]
Epoch 844 | postive loss : 0.36, negtive loss : 14.70, worst lambd: 0.52, worst gap: 1.49:  84%|████████▍ | 845/1000 [18:16<03:20,  1.30s/it]
Epoch 849 | postive loss : 0.36, negtive loss : 14.68, worst lambd: 0.53, worst gap: 1.85:  85%|████████▌ | 850/1000 [18:22<03:14,  1.30s/it]
Epoch 854 | postive loss : 0.35, negtive loss : 14.68, worst lambd: 0.49, worst gap: 1.89:  86%|████████▌ | 855/1000 [18:29<03:07,  1.30s/it]
Epoch 859 | postive loss : 0.36, negtive loss : 14.68, worst lambd: 0.50, worst gap: 1.93:  86%|████████▌ | 860/1000 [18:35<03:01,  1.30s/it]
Epoch 864 | postive loss : 0.36, negtive loss : 14.69, worst lambd: 0.53, worst gap: 1.93:  86%|████████▋ | 865/1000 [18:42<02:55,  1.30s/it]
Epoch 869 | postive loss : 0.36, negtive loss : 14.70, worst lambd: 0.53, worst gap: 1.80:  87%|████████▋ | 870/1000 [18:48<02:48,  1.30s/it]
Epoch 874 | postive loss : 0.36, negtive loss : 14.71, worst lambd: 0.51, worst gap: 1.89:  88%|████████▊ | 875/1000 [18:55<02:42,  1.30s/it]
Epoch 879 | postive loss : 0.36, negtive loss : 14.68, worst lambd: 0.58, worst gap: 1.93:  88%|████████▊ | 880/1000 [19:01<02:35,  1.30s/it]
Epoch 884 | postive loss : 0.36, negtive loss : 14.69, worst lambd: 0.52, worst gap: 1.74:  88%|████████▊ | 885/1000 [19:08<02:29,  1.30s/it]
Epoch 889 | postive loss : 0.36, negtive loss : 14.67, worst lambd: 0.53, worst gap: 1.98:  89%|████████▉ | 890/1000 [19:14<02:22,  1.29s/it]
Epoch 894 | postive loss : 0.35, negtive loss : 14.67, worst lambd: 0.52, worst gap: 1.97:  90%|████████▉ | 895/1000 [19:21<02:15,  1.29s/it]
Epoch 899 | postive loss : 0.36, negtive loss : 14.70, worst lambd: 0.57, worst gap: 1.97:  90%|█████████ | 900/1000 [19:27<02:08,  1.29s/it]
Epoch 904 | postive loss : 0.36, negtive loss : 14.69, worst lambd: 0.52, worst gap: 1.99:  90%|█████████ | 905/1000 [19:33<02:02,  1.29s/it]
Epoch 909 | postive loss : 0.37, negtive loss : 14.70, worst lambd: 0.50, worst gap: 1.93:  91%|█████████ | 910/1000 [19:40<01:55,  1.29s/it]
Epoch 914 | postive loss : 0.37, negtive loss : 14.70, worst lambd: 0.51, worst gap: 1.94:  92%|█████████▏| 915/1000 [19:46<01:49,  1.28s/it]
Epoch 919 | postive loss : 0.37, negtive loss : 14.70, worst lambd: 0.50, worst gap: 1.93:  92%|█████████▏| 920/1000 [19:53<01:42,  1.28s/it]
Epoch 924 | postive loss : 0.36, negtive loss : 14.69, worst lambd: 0.49, worst gap: 1.97:  92%|█████████▎| 925/1000 [19:59<01:36,  1.28s/it]
Epoch 929 | postive loss : 0.37, negtive loss : 14.70, worst lambd: 0.51, worst gap: 1.94:  93%|█████████▎| 930/1000 [20:05<01:29,  1.28s/it]
Epoch 934 | postive loss : 0.37, negtive loss : 14.72, worst lambd: 0.50, worst gap: 1.96:  94%|█████████▎| 935/1000 [20:12<01:23,  1.28s/it]
Epoch 939 | postive loss : 0.37, negtive loss : 14.72, worst lambd: 0.50, worst gap: 1.93:  94%|█████████▍| 940/1000 [20:18<01:17,  1.28s/it]
Epoch 944 | postive loss : 0.37, negtive loss : 14.71, worst lambd: 0.54, worst gap: 1.00:  94%|█████████▍| 945/1000 [20:25<01:10,  1.29s/it]
Epoch 949 | postive loss : 0.37, negtive loss : 14.71, worst lambd: 0.51, worst gap: 1.03:  95%|█████████▌| 950/1000 [20:31<01:04,  1.29s/it]
Epoch 954 | postive loss : 0.37, negtive loss : 14.71, worst lambd: 0.51, worst gap: 1.66:  96%|█████████▌| 955/1000 [20:38<00:57,  1.29s/it]
Epoch 959 | postive loss : 0.37, negtive loss : 14.71, worst lambd: 0.50, worst gap: 1.99:  96%|█████████▌| 960/1000 [20:44<00:51,  1.29s/it]
Epoch 964 | postive loss : 0.37, negtive loss : 14.72, worst lambd: 0.51, worst gap: 1.94:  96%|█████████▋| 965/1000 [20:51<00:45,  1.29s/it]
Epoch 969 | postive loss : 0.37, negtive loss : 14.71, worst lambd: 0.51, worst gap: 1.74:  97%|█████████▋| 970/1000 [20:57<00:38,  1.29s/it]
Epoch 974 | postive loss : 0.37, negtive loss : 14.72, worst lambd: 0.50, worst gap: 1.78:  98%|█████████▊| 975/1000 [21:04<00:32,  1.29s/it]
Epoch 979 | postive loss : 0.37, negtive loss : 14.71, worst lambd: 0.50, worst gap: 1.07:  98%|█████████▊| 980/1000 [21:10<00:25,  1.30s/it]
Epoch 984 | postive loss : 0.37, negtive loss : 14.75, worst lambd: 0.50, worst gap: 2.01:  98%|█████████▊| 985/1000 [21:17<00:19,  1.29s/it]
Epoch 989 | postive loss : 0.37, negtive loss : 14.72, worst lambd: 0.50, worst gap: 1.72:  99%|█████████▉| 990/1000 [21:23<00:12,  1.29s/it]
Epoch 994 | postive loss : 0.37, negtive loss : 14.73, worst lambd: 0.51, worst gap: 1.46: 100%|█████████▉| 995/1000 [21:29<00:06,  1.29s/it]
Epoch 999 | postive loss : 0.37, negtive loss : 14.71, worst lambd: 0.50, worst gap: 1.97: 100%|██████████| 1000/1000 [21:36<00:00,  1.29s/it]
Epoch 999 | postive loss : 0.37, negtive loss : 14.71, worst lambd: 0.50, worst gap: 1.97: 100%|██████████| 1000/1000 [21:36<00:00,  1.30s/it]
Info : finish model training
Info : save model sucessfully
Info : save sucessfully






2023-03-20 15:31:55
alpha: 1    batchsize: 16    dim: 128    epoch: 1000    gapMax: 2    gapmode: gap    lambdaMax: 0.5    learningrate: 0.004    lrdecay: 0.5    lrdecayEpoch: 300    modelname: SN2E    momentum: 0    negtsamplenum: 128    optimizer: Adam    vmax: 1000    vmin: 0.001    weightdecay: 0    
INFO -- prepare : Init model SN2E
INFO -- prepare : set model cuda: 1
INFO -- prepare : Model initialization complete
INFO -- prepare : Init optimizer
INFO -- prepare : Finish preparing Optimizer...
Info -- : start model training

  0%|          | 0/1000 [00:00<?, ?it/s]
Epoch 7 | postive loss : 58.71, negtive loss : 22.33, worst lambd: 161.20, worst gap: 1.75:   0%|          | 0/1000 [00:10<?, ?it/s]
Epoch 24 | postive loss : 5.30, negtive loss : 3.72, worst lambd: 29.68, worst gap: 0.23:   2%|▎         | 25/1000 [00:30<19:51,  1.22s/it]
Epoch 49 | postive loss : 2.69, negtive loss : 4.49, worst lambd: 14.90, worst gap: 0.06:   5%|▌         | 50/1000 [01:00<19:15,  1.22s/it]
Epoch 75 | postive loss : 2.13, negtive loss : 5.24, worst lambd: 12.22, worst gap: 0.02:   8%|▊         | 76/1000 [01:31<18:26,  1.20s/it]
Epoch 101 | postive loss : 1.76, negtive loss : 5.96, worst lambd: 11.34, worst gap: 0.08:  10%|█         | 102/1000 [02:01<17:44,  1.19s/it]
Epoch 127 | postive loss : 1.45, negtive loss : 6.68, worst lambd: 12.34, worst gap: 0.09:  13%|█▎        | 128/1000 [02:32<17:08,  1.18s/it]
Epoch 152 | postive loss : 1.19, negtive loss : 7.45, worst lambd: 12.33, worst gap: 0.08:  15%|█▌        | 153/1000 [03:02<16:47,  1.19s/it]
Epoch 177 | postive loss : 0.98, negtive loss : 8.36, worst lambd: 12.37, worst gap: 0.04:  18%|█▊        | 178/1000 [03:32<16:24,  1.20s/it]
Epoch 202 | postive loss : 0.78, negtive loss : 9.26, worst lambd: 12.66, worst gap: 0.08:  20%|██        | 203/1000 [04:03<15:58,  1.20s/it]
Epoch 227 | postive loss : 0.65, negtive loss : 10.10, worst lambd: 12.11, worst gap: 0.07:  23%|██▎       | 228/1000 [04:33<15:30,  1.21s/it]
Epoch 252 | postive loss : 0.58, negtive loss : 10.90, worst lambd: 12.99, worst gap: 0.14:  25%|██▌       | 253/1000 [05:03<15:03,  1.21s/it]
Epoch 277 | postive loss : 0.55, negtive loss : 11.47, worst lambd: 11.95, worst gap: 0.09:  28%|██▊       | 278/1000 [05:34<14:33,  1.21s/it]
Epoch 302 | postive loss : 0.43, negtive loss : 11.92, worst lambd: 10.85, worst gap: 0.11:  30%|███       | 303/1000 [06:04<14:01,  1.21s/it]
Epoch 327 | postive loss : 0.43, negtive loss : 12.53, worst lambd: 10.58, worst gap: 0.07:  33%|███▎      | 328/1000 [06:34<13:33,  1.21s/it]
Epoch 352 | postive loss : 0.42, negtive loss : 12.79, worst lambd: 10.10, worst gap: 0.14:  35%|███▌      | 353/1000 [07:04<13:03,  1.21s/it]
Epoch 377 | postive loss : 0.42, negtive loss : 12.97, worst lambd: 9.36, worst gap: 0.17:  38%|███▊      | 378/1000 [07:35<12:33,  1.21s/it] 
Epoch 402 | postive loss : 0.42, negtive loss : 13.16, worst lambd: 8.38, worst gap: 0.23:  40%|████      | 403/1000 [08:05<12:04,  1.21s/it]
Epoch 427 | postive loss : 0.42, negtive loss : 13.36, worst lambd: 7.27, worst gap: 0.23:  43%|████▎     | 428/1000 [08:36<11:34,  1.21s/it]
Epoch 452 | postive loss : 0.41, negtive loss : 13.51, worst lambd: 6.25, worst gap: 0.23:  45%|████▌     | 453/1000 [09:06<11:03,  1.21s/it]
Epoch 477 | postive loss : 0.41, negtive loss : 13.64, worst lambd: 5.37, worst gap: 0.36:  48%|████▊     | 478/1000 [09:36<10:34,  1.21s/it]
Epoch 502 | postive loss : 0.41, negtive loss : 13.78, worst lambd: 4.94, worst gap: 0.35:  50%|█████     | 503/1000 [10:07<10:04,  1.22s/it]
Epoch 527 | postive loss : 0.40, negtive loss : 13.89, worst lambd: 4.77, worst gap: 0.53:  53%|█████▎    | 528/1000 [10:37<09:34,  1.22s/it]
Epoch 552 | postive loss : 0.41, negtive loss : 14.01, worst lambd: 4.09, worst gap: 0.22:  55%|█████▌    | 553/1000 [11:08<09:04,  1.22s/it]
Epoch 578 | postive loss : 0.40, negtive loss : 14.10, worst lambd: 4.35, worst gap: 0.39:  58%|█████▊    | 579/1000 [11:39<08:30,  1.21s/it]
Epoch 604 | postive loss : 0.39, negtive loss : 14.32, worst lambd: 3.64, worst gap: 0.29:  60%|██████    | 605/1000 [12:10<07:54,  1.20s/it]
Epoch 630 | postive loss : 0.39, negtive loss : 14.49, worst lambd: 3.00, worst gap: 0.27:  63%|██████▎   | 631/1000 [12:40<07:20,  1.19s/it]
Epoch 656 | postive loss : 0.39, negtive loss : 14.57, worst lambd: 2.41, worst gap: 0.35:  66%|██████▌   | 657/1000 [13:11<06:48,  1.19s/it]
Epoch 682 | postive loss : 0.39, negtive loss : 14.63, worst lambd: 2.13, worst gap: 0.08:  68%|██████▊   | 683/1000 [13:41<06:16,  1.19s/it]
Epoch 708 | postive loss : 0.39, negtive loss : 14.72, worst lambd: 2.30, worst gap: 0.20:  71%|███████   | 709/1000 [14:12<05:44,  1.18s/it]
Epoch 734 | postive loss : 0.39, negtive loss : 14.80, worst lambd: 2.19, worst gap: 0.29:  74%|███████▎  | 735/1000 [14:43<05:13,  1.18s/it]
Epoch 760 | postive loss : 0.39, negtive loss : 14.87, worst lambd: 2.15, worst gap: 0.27:  76%|███████▌  | 761/1000 [15:13<04:41,  1.18s/it]
Epoch 786 | postive loss : 0.40, negtive loss : 14.96, worst lambd: 2.14, worst gap: 0.42:  79%|███████▊  | 787/1000 [15:44<04:10,  1.18s/it]
Epoch 812 | postive loss : 0.39, negtive loss : 15.03, worst lambd: 2.18, worst gap: 0.41:  81%|████████▏ | 813/1000 [16:14<03:40,  1.18s/it]
Epoch 838 | postive loss : 0.39, negtive loss : 15.11, worst lambd: 2.15, worst gap: 0.52:  84%|████████▍ | 839/1000 [16:45<03:09,  1.18s/it]
Epoch 863 | postive loss : 0.39, negtive loss : 15.16, worst lambd: 2.08, worst gap: 0.40:  86%|████████▋ | 864/1000 [17:16<02:42,  1.19s/it]
Epoch 889 | postive loss : 0.39, negtive loss : 15.28, worst lambd: 2.09, worst gap: 0.53:  89%|████████▉ | 890/1000 [17:46<02:10,  1.19s/it]
Epoch 915 | postive loss : 0.40, negtive loss : 15.41, worst lambd: 1.69, worst gap: 0.26:  92%|█████████▏| 916/1000 [18:17<01:39,  1.18s/it]
Epoch 941 | postive loss : 0.41, negtive loss : 15.50, worst lambd: 1.76, worst gap: 0.30:  94%|█████████▍| 942/1000 [18:47<01:08,  1.18s/it]
Epoch 967 | postive loss : 0.40, negtive loss : 15.53, worst lambd: 1.61, worst gap: 0.28:  97%|█████████▋| 968/1000 [19:18<00:37,  1.18s/it]
Epoch 993 | postive loss : 0.40, negtive loss : 15.56, worst lambd: 1.55, worst gap: 0.20:  99%|█████████▉| 994/1000 [19:49<00:07,  1.18s/it]
Epoch 999 | postive loss : 0.41, negtive loss : 15.58, worst lambd: 1.53, worst gap: 0.50: 100%|██████████| 1000/1000 [19:56<00:00,  1.20s/it]
Info : finish model training
Info : save model sucessfully
Info : save sucessfully






2023-03-21 07:25:17
alpha: 1    batchsize: 16    dim: 128    epoch: 1000    gapMax: 2    gapmode: gap    lambdaMax: 0.5    learningrate: 0.004    lrdecay: 0.5    lrdecayEpoch: 300    modelname: SN2E    momentum: 0    negtsamplenum: 128    optimizer: Adam    vmax: 1000    vmin: 0.001    weightdecay: 0    
INFO -- prepare : Init model SN2E
INFO -- prepare : set model cuda: 1
INFO -- prepare : Model initialization complete
INFO -- prepare : Init optimizer
INFO -- prepare : Finish preparing Optimizer...
Info -- : start model training

  0%|          | 0/1000 [00:00<?, ?it/s]
Epoch 15 | postive loss : 8.63, negtive loss : 3.76, worst lambd: 72.48, worst gap: 0.96:   0%|          | 0/1000 [00:20<?, ?it/s]
Epoch 25 | postive loss : 4.26, negtive loss : 3.42, worst lambd: 22.94, worst gap: 0.17:   3%|▎         | 26/1000 [00:31<19:22,  1.19s/it]
Epoch 51 | postive loss : 2.51, negtive loss : 4.16, worst lambd: 10.43, worst gap: 0.09:   5%|▌         | 52/1000 [01:01<18:47,  1.19s/it]
Epoch 77 | postive loss : 2.00, negtive loss : 4.87, worst lambd: 11.51, worst gap: 0.06:   8%|▊         | 78/1000 [01:32<18:15,  1.19s/it]
Epoch 103 | postive loss : 1.58, negtive loss : 5.60, worst lambd: 11.11, worst gap: 0.03:  10%|█         | 104/1000 [02:03<17:45,  1.19s/it]
Epoch 129 | postive loss : 1.27, negtive loss : 6.36, worst lambd: 10.87, worst gap: 0.13:  13%|█▎        | 130/1000 [02:34<17:12,  1.19s/it]
Epoch 155 | postive loss : 1.00, negtive loss : 7.22, worst lambd: 11.36, worst gap: 0.13:  16%|█▌        | 156/1000 [03:05<16:41,  1.19s/it]
Epoch 181 | postive loss : 0.80, negtive loss : 8.17, worst lambd: 10.60, worst gap: 0.13:  18%|█▊        | 182/1000 [03:35<16:08,  1.18s/it]
Epoch 207 | postive loss : 0.66, negtive loss : 9.17, worst lambd: 9.76, worst gap: 0.09:  21%|██        | 208/1000 [04:07<15:40,  1.19s/it] 
Epoch 233 | postive loss : 0.57, negtive loss : 9.93, worst lambd: 9.98, worst gap: 0.11:  23%|██▎       | 234/1000 [04:37<15:10,  1.19s/it]
Epoch 259 | postive loss : 0.52, negtive loss : 10.54, worst lambd: 9.67, worst gap: 0.11:  26%|██▌       | 260/1000 [05:08<14:37,  1.19s/it]
Epoch 285 | postive loss : 0.49, negtive loss : 10.90, worst lambd: 9.30, worst gap: 0.17:  29%|██▊       | 286/1000 [05:39<14:05,  1.18s/it]
Epoch 311 | postive loss : 0.40, negtive loss : 11.46, worst lambd: 8.42, worst gap: 0.20:  31%|███       | 312/1000 [06:09<13:32,  1.18s/it]
Epoch 337 | postive loss : 0.40, negtive loss : 12.00, worst lambd: 7.44, worst gap: 0.24:  34%|███▍      | 338/1000 [06:40<13:00,  1.18s/it]
Epoch 363 | postive loss : 0.40, negtive loss : 12.28, worst lambd: 6.84, worst gap: 0.33:  36%|███▋      | 364/1000 [07:10<12:29,  1.18s/it]
Epoch 389 | postive loss : 0.40, negtive loss : 12.48, worst lambd: 5.75, worst gap: 0.34:  39%|███▉      | 390/1000 [07:41<11:58,  1.18s/it]
Epoch 415 | postive loss : 0.39, negtive loss : 12.69, worst lambd: 3.89, worst gap: 0.35:  42%|████▏     | 416/1000 [08:12<11:28,  1.18s/it]
Epoch 441 | postive loss : 0.38, negtive loss : 12.82, worst lambd: 3.11, worst gap: 0.26:  44%|████▍     | 442/1000 [08:42<10:57,  1.18s/it]
Epoch 467 | postive loss : 0.39, negtive loss : 12.91, worst lambd: 2.74, worst gap: 0.29:  47%|████▋     | 468/1000 [09:13<10:26,  1.18s/it]
Epoch 493 | postive loss : 0.38, negtive loss : 13.02, worst lambd: 2.60, worst gap: 0.19:  49%|████▉     | 494/1000 [09:44<09:56,  1.18s/it]
Epoch 519 | postive loss : 0.37, negtive loss : 13.13, worst lambd: 2.14, worst gap: 0.21:  52%|█████▏    | 520/1000 [10:15<09:27,  1.18s/it]
Epoch 545 | postive loss : 0.38, negtive loss : 13.23, worst lambd: 1.91, worst gap: 0.30:  55%|█████▍    | 546/1000 [10:46<08:57,  1.18s/it]
Epoch 571 | postive loss : 0.38, negtive loss : 13.31, worst lambd: 1.87, worst gap: 0.26:  57%|█████▋    | 572/1000 [11:17<08:27,  1.19s/it]
Epoch 597 | postive loss : 0.38, negtive loss : 13.38, worst lambd: 1.69, worst gap: 0.33:  60%|█████▉    | 598/1000 [11:47<07:57,  1.19s/it]
Epoch 623 | postive loss : 0.37, negtive loss : 13.64, worst lambd: 1.46, worst gap: 0.55:  62%|██████▏   | 624/1000 [12:18<07:26,  1.19s/it]
Epoch 649 | postive loss : 0.37, negtive loss : 13.78, worst lambd: 1.47, worst gap: 0.41:  65%|██████▌   | 650/1000 [12:49<06:55,  1.19s/it]
Epoch 675 | postive loss : 0.37, negtive loss : 13.90, worst lambd: 1.29, worst gap: 0.32:  68%|██████▊   | 676/1000 [13:20<06:24,  1.19s/it]
Epoch 701 | postive loss : 0.37, negtive loss : 14.00, worst lambd: 1.17, worst gap: 0.31:  70%|███████   | 702/1000 [13:51<05:53,  1.19s/it]
Epoch 727 | postive loss : 0.38, negtive loss : 14.07, worst lambd: 1.25, worst gap: 0.16:  73%|███████▎  | 728/1000 [14:22<05:23,  1.19s/it]
Epoch 753 | postive loss : 0.37, negtive loss : 14.14, worst lambd: 1.20, worst gap: 0.69:  75%|███████▌  | 754/1000 [14:53<04:52,  1.19s/it]
Epoch 779 | postive loss : 0.38, negtive loss : 14.23, worst lambd: 1.22, worst gap: 0.48:  78%|███████▊  | 780/1000 [15:24<04:22,  1.19s/it]
Epoch 805 | postive loss : 0.37, negtive loss : 14.28, worst lambd: 1.15, worst gap: 0.48:  81%|████████  | 806/1000 [15:55<03:51,  1.19s/it]
Epoch 831 | postive loss : 0.37, negtive loss : 14.36, worst lambd: 1.22, worst gap: 0.44:  83%|████████▎ | 832/1000 [16:26<03:20,  1.19s/it]
Epoch 857 | postive loss : 0.37, negtive loss : 14.39, worst lambd: 1.09, worst gap: 0.50:  86%|████████▌ | 858/1000 [16:57<02:48,  1.19s/it]
Epoch 883 | postive loss : 0.37, negtive loss : 14.45, worst lambd: 1.18, worst gap: 0.37:  88%|████████▊ | 884/1000 [17:27<02:17,  1.18s/it]
Epoch 909 | postive loss : 0.38, negtive loss : 14.57, worst lambd: 1.14, worst gap: 0.62:  91%|█████████ | 910/1000 [17:58<01:46,  1.18s/it]
Epoch 935 | postive loss : 0.39, negtive loss : 14.64, worst lambd: 1.06, worst gap: 0.42:  94%|█████████▎| 936/1000 [18:29<01:15,  1.18s/it]
Epoch 961 | postive loss : 0.39, negtive loss : 14.69, worst lambd: 0.92, worst gap: 0.64:  96%|█████████▌| 962/1000 [18:59<00:44,  1.18s/it]
Epoch 987 | postive loss : 0.40, negtive loss : 14.73, worst lambd: 0.99, worst gap: 0.46:  99%|█████████▉| 988/1000 [19:30<00:14,  1.18s/it]
Epoch 999 | postive loss : 0.40, negtive loss : 14.73, worst lambd: 1.02, worst gap: 0.18: 100%|██████████| 1000/1000 [19:44<00:00,  1.18s/it]
Info : finish model training
Info : save model sucessfully
Info : save sucessfully






2023-03-21 07:57:32
alpha: 1    batchsize: 16    dim: 128    epoch: 1000    gapMax: 2    gapmode: gap    lambdaMax: 0.5    learningrate: 0.0005    lrdecay: 0.5    lrdecayEpoch: 300    modelname: SN2E    momentum: 0    negtsamplenum: 128    optimizer: Adam    vmax: 1000    vmin: 0.001    weightdecay: 0    
INFO -- prepare : Init model SN2E
INFO -- prepare : set model cuda: 1
INFO -- prepare : Model loading complete
INFO -- prepare : Init optimizer
INFO -- prepare : Finish preparing Optimizer...
Info -- : start model training

  0%|          | 0/1000 [00:00<?, ?it/s]
Epoch 15 | postive loss : 0.40, negtive loss : 14.76, worst lambd: 0.95, worst gap: 0.69:   0%|          | 0/1000 [00:20<?, ?it/s]
Epoch 24 | postive loss : 0.40, negtive loss : 14.79, worst lambd: 1.00, worst gap: 0.51:   2%|▎         | 25/1000 [00:30<19:35,  1.21s/it]
Epoch 50 | postive loss : 0.40, negtive loss : 14.82, worst lambd: 1.00, worst gap: 0.44:   5%|▌         | 51/1000 [01:00<18:51,  1.19s/it]
Epoch 76 | postive loss : 0.40, negtive loss : 14.89, worst lambd: 0.91, worst gap: 0.58:   8%|▊         | 77/1000 [01:31<18:17,  1.19s/it]
Epoch 102 | postive loss : 0.40, negtive loss : 14.92, worst lambd: 0.86, worst gap: 0.45:  10%|█         | 103/1000 [02:02<17:45,  1.19s/it]
Epoch 128 | postive loss : 0.40, negtive loss : 14.94, worst lambd: 0.87, worst gap: 0.67:  13%|█▎        | 129/1000 [02:33<17:13,  1.19s/it]
Epoch 154 | postive loss : 0.40, negtive loss : 14.97, worst lambd: 0.95, worst gap: 0.49:  16%|█▌        | 155/1000 [03:04<16:42,  1.19s/it]
Epoch 180 | postive loss : 0.40, negtive loss : 15.00, worst lambd: 0.82, worst gap: 0.50:  18%|█▊        | 181/1000 [03:35<16:13,  1.19s/it]
Epoch 206 | postive loss : 0.40, negtive loss : 15.01, worst lambd: 0.82, worst gap: 0.61:  21%|██        | 207/1000 [04:06<15:43,  1.19s/it]
Epoch 232 | postive loss : 0.41, negtive loss : 15.05, worst lambd: 0.83, worst gap: 0.77:  23%|██▎       | 233/1000 [04:37<15:14,  1.19s/it]
Epoch 258 | postive loss : 0.40, negtive loss : 15.06, worst lambd: 0.87, worst gap: 0.58:  26%|██▌       | 259/1000 [05:08<14:44,  1.19s/it]
Epoch 284 | postive loss : 0.40, negtive loss : 15.11, worst lambd: 0.89, worst gap: 0.73:  28%|██▊       | 285/1000 [05:39<14:13,  1.19s/it]
Epoch 310 | postive loss : 0.41, negtive loss : 15.15, worst lambd: 0.86, worst gap: 0.56:  31%|███       | 311/1000 [06:10<13:42,  1.19s/it]
Epoch 336 | postive loss : 0.42, negtive loss : 15.18, worst lambd: 0.76, worst gap: 0.75:  34%|███▎      | 337/1000 [06:41<13:10,  1.19s/it]
Epoch 362 | postive loss : 0.42, negtive loss : 15.23, worst lambd: 0.72, worst gap: 0.63:  36%|███▋      | 363/1000 [07:12<12:39,  1.19s/it]
Epoch 388 | postive loss : 0.43, negtive loss : 15.25, worst lambd: 0.70, worst gap: 0.62:  39%|███▉      | 389/1000 [07:43<12:08,  1.19s/it]
Epoch 414 | postive loss : 0.43, negtive loss : 15.25, worst lambd: 0.71, worst gap: 0.63:  42%|████▏     | 415/1000 [08:14<11:36,  1.19s/it]
Epoch 440 | postive loss : 0.43, negtive loss : 15.27, worst lambd: 0.74, worst gap: 0.68:  44%|████▍     | 441/1000 [08:45<11:05,  1.19s/it]
Epoch 466 | postive loss : 0.43, negtive loss : 15.29, worst lambd: 0.72, worst gap: 0.78:  47%|████▋     | 467/1000 [09:16<10:34,  1.19s/it]
Epoch 492 | postive loss : 0.43, negtive loss : 15.31, worst lambd: 0.67, worst gap: 0.30:  49%|████▉     | 493/1000 [09:47<10:03,  1.19s/it]
Epoch 518 | postive loss : 0.43, negtive loss : 15.31, worst lambd: 0.66, worst gap: 0.35:  52%|█████▏    | 519/1000 [10:18<09:33,  1.19s/it]
Epoch 544 | postive loss : 0.43, negtive loss : 15.32, worst lambd: 0.70, worst gap: 0.61:  55%|█████▍    | 545/1000 [10:49<09:03,  1.19s/it]
Epoch 570 | postive loss : 0.43, negtive loss : 15.34, worst lambd: 0.61, worst gap: 0.72:  57%|█████▋    | 571/1000 [11:20<08:32,  1.19s/it]
Epoch 596 | postive loss : 0.43, negtive loss : 15.33, worst lambd: 0.70, worst gap: 0.54:  60%|█████▉    | 597/1000 [11:51<08:01,  1.20s/it]
Epoch 621 | postive loss : 0.44, negtive loss : 15.36, worst lambd: 0.64, worst gap: 0.72:  62%|██████▏   | 622/1000 [12:21<07:32,  1.20s/it]
Epoch 647 | postive loss : 0.44, negtive loss : 15.38, worst lambd: 0.60, worst gap: 0.77:  65%|██████▍   | 648/1000 [12:52<07:01,  1.20s/it]
Epoch 673 | postive loss : 0.45, negtive loss : 15.40, worst lambd: 0.59, worst gap: 0.61:  67%|██████▋   | 674/1000 [13:23<06:30,  1.20s/it]
Epoch 699 | postive loss : 0.45, negtive loss : 15.41, worst lambd: 0.59, worst gap: 0.28:  70%|███████   | 700/1000 [13:55<05:59,  1.20s/it]
Epoch 725 | postive loss : 0.45, negtive loss : 15.43, worst lambd: 0.58, worst gap: 0.99:  73%|███████▎  | 726/1000 [14:26<05:28,  1.20s/it]
Epoch 751 | postive loss : 0.45, negtive loss : 15.45, worst lambd: 0.55, worst gap: 0.66:  75%|███████▌  | 752/1000 [14:57<04:56,  1.20s/it]
Epoch 777 | postive loss : 0.45, negtive loss : 15.44, worst lambd: 0.53, worst gap: 0.52:  78%|███████▊  | 778/1000 [15:28<04:25,  1.20s/it]
Epoch 803 | postive loss : 0.45, negtive loss : 15.45, worst lambd: 0.54, worst gap: 0.67:  80%|████████  | 804/1000 [15:59<03:54,  1.20s/it]
Epoch 829 | postive loss : 0.45, negtive loss : 15.47, worst lambd: 0.52, worst gap: 0.74:  83%|████████▎ | 830/1000 [16:30<03:23,  1.19s/it]
Epoch 855 | postive loss : 0.45, negtive loss : 15.47, worst lambd: 0.52, worst gap: 0.82:  86%|████████▌ | 856/1000 [17:01<02:51,  1.19s/it]
Epoch 881 | postive loss : 0.45, negtive loss : 15.46, worst lambd: 0.54, worst gap: 0.46:  88%|████████▊ | 882/1000 [17:32<02:20,  1.19s/it]
Epoch 907 | postive loss : 0.46, negtive loss : 15.48, worst lambd: 0.52, worst gap: 0.69:  91%|█████████ | 908/1000 [18:03<01:49,  1.20s/it]
Epoch 932 | postive loss : 0.46, negtive loss : 15.51, worst lambd: 0.51, worst gap: 1.18:  93%|█████████▎| 933/1000 [18:33<01:20,  1.20s/it]
Epoch 957 | postive loss : 0.46, negtive loss : 15.49, worst lambd: 0.52, worst gap: 0.76:  96%|█████████▌| 958/1000 [19:03<00:50,  1.20s/it]
Epoch 983 | postive loss : 0.46, negtive loss : 15.50, worst lambd: 0.52, worst gap: 0.55:  98%|█████████▊| 984/1000 [19:34<00:19,  1.20s/it]
Epoch 999 | postive loss : 0.46, negtive loss : 15.49, worst lambd: 0.53, worst gap: 0.62: 100%|██████████| 1000/1000 [19:53<00:00,  1.19s/it]
Info : finish model training
Info : save model sucessfully
Info : save sucessfully






2023-03-21 08:19:02
alpha: 1    batchsize: 16    dim: 128    epoch: 500    gapMax: 2    gapmode: gap    lambdaMax: 0.5    learningrate: 5e-05    lrdecay: 0.5    lrdecayEpoch: 300    modelname: SN2E    momentum: 0    negtsamplenum: 128    optimizer: Adam    vmax: 1000    vmin: 0.001    weightdecay: 0    
INFO -- prepare : Init model SN2E
INFO -- prepare : set model cuda: 1
INFO -- prepare : Model loading complete
INFO -- prepare : Init optimizer
INFO -- prepare : Finish preparing Optimizer...
Info -- : start model training

  0%|          | 0/500 [00:00<?, ?it/s]
Epoch 15 | postive loss : 0.47, negtive loss : 15.52, worst lambd: 0.51, worst gap: 0.60:   0%|          | 0/500 [00:20<?, ?it/s]
Epoch 24 | postive loss : 0.47, negtive loss : 15.50, worst lambd: 0.51, worst gap: 0.64:   5%|▌         | 25/500 [00:30<09:35,  1.21s/it]
Epoch 50 | postive loss : 0.47, negtive loss : 15.52, worst lambd: 0.52, worst gap: 0.58:  10%|█         | 51/500 [01:01<08:57,  1.20s/it]
Epoch 76 | postive loss : 0.47, negtive loss : 15.52, worst lambd: 0.51, worst gap: 0.63:  15%|█▌        | 77/500 [01:31<08:24,  1.19s/it]
Epoch 102 | postive loss : 0.47, negtive loss : 15.54, worst lambd: 0.52, worst gap: 0.93:  21%|██        | 103/500 [02:02<07:52,  1.19s/it]
Epoch 128 | postive loss : 0.47, negtive loss : 15.54, worst lambd: 0.52, worst gap: 0.77:  26%|██▌       | 129/500 [02:33<07:20,  1.19s/it]
Epoch 154 | postive loss : 0.47, negtive loss : 15.53, worst lambd: 0.51, worst gap: 0.58:  31%|███       | 155/500 [03:04<06:49,  1.19s/it]
Epoch 180 | postive loss : 0.47, negtive loss : 15.55, worst lambd: 0.51, worst gap: 0.58:  36%|███▌      | 181/500 [03:35<06:18,  1.19s/it]
Epoch 206 | postive loss : 0.47, negtive loss : 15.54, worst lambd: 0.51, worst gap: 0.79:  41%|████▏     | 207/500 [04:06<05:47,  1.19s/it]
Epoch 232 | postive loss : 0.47, negtive loss : 15.54, worst lambd: 0.51, worst gap: 0.77:  47%|████▋     | 233/500 [04:37<05:17,  1.19s/it]
Epoch 258 | postive loss : 0.47, negtive loss : 15.53, worst lambd: 0.52, worst gap: 0.93:  52%|█████▏    | 259/500 [05:08<04:46,  1.19s/it]
Epoch 284 | postive loss : 0.47, negtive loss : 15.54, worst lambd: 0.51, worst gap: 0.23:  57%|█████▋    | 285/500 [05:38<04:15,  1.19s/it]
Epoch 310 | postive loss : 0.47, negtive loss : 15.54, worst lambd: 0.51, worst gap: 0.61:  62%|██████▏   | 311/500 [06:09<03:44,  1.19s/it]
Epoch 336 | postive loss : 0.47, negtive loss : 15.57, worst lambd: 0.51, worst gap: 0.53:  67%|██████▋   | 337/500 [06:40<03:13,  1.19s/it]
Epoch 362 | postive loss : 0.48, negtive loss : 15.57, worst lambd: 0.51, worst gap: 0.95:  73%|███████▎  | 363/500 [07:11<02:42,  1.19s/it]
Epoch 388 | postive loss : 0.48, negtive loss : 15.56, worst lambd: 0.51, worst gap: 1.04:  78%|███████▊  | 389/500 [07:42<02:11,  1.19s/it]
Epoch 414 | postive loss : 0.48, negtive loss : 15.58, worst lambd: 0.51, worst gap: 0.32:  83%|████████▎ | 415/500 [08:13<01:40,  1.19s/it]
Epoch 440 | postive loss : 0.48, negtive loss : 15.59, worst lambd: 0.50, worst gap: 0.67:  88%|████████▊ | 441/500 [08:44<01:10,  1.19s/it]
Epoch 466 | postive loss : 0.48, negtive loss : 15.56, worst lambd: 0.51, worst gap: 0.70:  93%|█████████▎| 467/500 [09:15<00:39,  1.19s/it]
Epoch 492 | postive loss : 0.48, negtive loss : 15.57, worst lambd: 0.51, worst gap: 0.81:  99%|█████████▊| 493/500 [09:46<00:08,  1.19s/it]
Epoch 499 | postive loss : 0.48, negtive loss : 15.58, worst lambd: 0.51, worst gap: 0.58: 100%|██████████| 500/500 [09:54<00:00,  1.19s/it]
Info : finish model training
Info : save model sucessfully
Info : save sucessfully






2023-03-21 08:33:50
alpha: 1    batchsize: 16    dim: 128    epoch: 500    gapMax: 2    gapmode: gap    lambdaMax: 0.5    learningrate: 0.0005    lrdecay: 0.5    lrdecayEpoch: 300    modelname: SN2E    momentum: 0    negtsamplenum: 128    optimizer: Adam    vmax: 1000    vmin: 0.001    weightdecay: 0    
INFO -- prepare : Init model SN2E
INFO -- prepare : set model cuda: 1
INFO -- prepare : Model loading complete
INFO -- prepare : Init optimizer
INFO -- prepare : Finish preparing Optimizer...
Info -- : start model training

  0%|          | 0/500 [00:00<?, ?it/s]
Epoch 15 | postive loss : 0.43, negtive loss : 15.39, worst lambd: 0.64, worst gap: 0.80:   0%|          | 0/500 [00:19<?, ?it/s]
Epoch 24 | postive loss : 0.42, negtive loss : 15.40, worst lambd: 0.68, worst gap: 0.26:   5%|▌         | 25/500 [00:30<09:31,  1.20s/it]
Epoch 50 | postive loss : 0.41, negtive loss : 15.39, worst lambd: 0.70, worst gap: 0.65:  10%|█         | 51/500 [01:00<08:55,  1.19s/it]
Epoch 76 | postive loss : 0.41, negtive loss : 15.39, worst lambd: 0.68, worst gap: 0.63:  15%|█▌        | 77/500 [01:31<08:22,  1.19s/it]





2023-03-21 08:36:36
alpha: 1    batchsize: 16    dim: 128    epoch: 500    gapMax: 2    gapmode: gap    lambdaMax: 0.5    learningrate: 2e-05    lrdecay: 0.5    lrdecayEpoch: 300    modelname: SN2E    momentum: 0    negtsamplenum: 128    optimizer: Adam    vmax: 1000    vmin: 0.001    weightdecay: 0    
INFO -- prepare : Init model SN2E
INFO -- prepare : set model cuda: 1
INFO -- prepare : Model loading complete
INFO -- prepare : Init optimizer
INFO -- prepare : Finish preparing Optimizer...
Info -- : start model training

  0%|          | 0/500 [00:00<?, ?it/s]
Epoch 15 | postive loss : 0.48, negtive loss : 15.58, worst lambd: 0.51, worst gap: 0.57:   0%|          | 0/500 [00:19<?, ?it/s]
Epoch 24 | postive loss : 0.48, negtive loss : 15.58, worst lambd: 0.51, worst gap: 0.68:   5%|▌         | 25/500 [00:30<09:34,  1.21s/it]
Epoch 50 | postive loss : 0.48, negtive loss : 15.58, worst lambd: 0.50, worst gap: 0.72:  10%|█         | 51/500 [01:01<08:57,  1.20s/it]
Epoch 76 | postive loss : 0.48, negtive loss : 15.58, worst lambd: 0.50, worst gap: 0.88:  15%|█▌        | 77/500 [01:31<08:24,  1.19s/it]
Epoch 102 | postive loss : 0.48, negtive loss : 15.59, worst lambd: 0.51, worst gap: 0.61:  21%|██        | 103/500 [02:02<07:52,  1.19s/it]
Epoch 128 | postive loss : 0.48, negtive loss : 15.57, worst lambd: 0.50, worst gap: 0.23:  26%|██▌       | 129/500 [02:33<07:21,  1.19s/it]
Epoch 154 | postive loss : 0.48, negtive loss : 15.59, worst lambd: 0.51, worst gap: 0.52:  31%|███       | 155/500 [03:04<06:50,  1.19s/it]
Epoch 180 | postive loss : 0.48, negtive loss : 15.59, worst lambd: 0.50, worst gap: 1.24:  36%|███▌      | 181/500 [03:35<06:20,  1.19s/it]
Epoch 206 | postive loss : 0.48, negtive loss : 15.60, worst lambd: 0.51, worst gap: 0.54:  41%|████▏     | 207/500 [04:06<05:48,  1.19s/it]
Epoch 232 | postive loss : 0.48, negtive loss : 15.59, worst lambd: 0.51, worst gap: 0.67:  47%|████▋     | 233/500 [04:37<05:17,  1.19s/it]
Epoch 258 | postive loss : 0.48, negtive loss : 15.59, worst lambd: 0.51, worst gap: 0.97:  52%|█████▏    | 259/500 [05:08<04:46,  1.19s/it]
Epoch 284 | postive loss : 0.48, negtive loss : 15.60, worst lambd: 0.51, worst gap: 0.30:  57%|█████▋    | 285/500 [05:39<04:15,  1.19s/it]
Epoch 310 | postive loss : 0.48, negtive loss : 15.59, worst lambd: 0.50, worst gap: 0.58:  62%|██████▏   | 311/500 [06:09<03:44,  1.19s/it]
Epoch 336 | postive loss : 0.48, negtive loss : 15.61, worst lambd: 0.50, worst gap: 0.76:  67%|██████▋   | 337/500 [06:40<03:13,  1.18s/it]
Epoch 362 | postive loss : 0.48, negtive loss : 15.60, worst lambd: 0.51, worst gap: 0.75:  73%|███████▎  | 363/500 [07:11<02:42,  1.19s/it]
Epoch 388 | postive loss : 0.48, negtive loss : 15.59, worst lambd: 0.50, worst gap: 0.98:  78%|███████▊  | 389/500 [07:42<02:11,  1.19s/it]
Epoch 414 | postive loss : 0.48, negtive loss : 15.61, worst lambd: 0.50, worst gap: 0.71:  83%|████████▎ | 415/500 [08:13<01:40,  1.19s/it]
Epoch 440 | postive loss : 0.48, negtive loss : 15.61, worst lambd: 0.50, worst gap: 0.70:  88%|████████▊ | 441/500 [08:44<01:10,  1.19s/it]
Epoch 466 | postive loss : 0.48, negtive loss : 15.61, worst lambd: 0.50, worst gap: 0.89:  93%|█████████▎| 467/500 [09:15<00:39,  1.19s/it]
Epoch 492 | postive loss : 0.48, negtive loss : 15.62, worst lambd: 0.50, worst gap: 0.46:  99%|█████████▊| 493/500 [09:46<00:08,  1.19s/it]
Epoch 499 | postive loss : 0.48, negtive loss : 15.58, worst lambd: 0.50, worst gap: 0.76: 100%|██████████| 500/500 [09:54<00:00,  1.19s/it]
Info : finish model training
Info : save model sucessfully
Info : save sucessfully











2023-03-21 09:22:53
alpha: 1    batchsize: 16    dim: 128    epoch: 1000    gapMax: 50    gapmode: entail    lambdaMax: 1    learningrate: 0.004    lrdecay: 0.5    lrdecayEpoch: 300    modelname: SN2E    momentum: 0    negtsamplenum: 128    optimizer: Adam    vmax: 1000    vmin: 0.004    weightdecay: 0    
INFO -- prepare : Init model SN2E
INFO -- prepare : set model cuda: 1
INFO -- prepare : Model initialization complete
INFO -- prepare : Init optimizer
INFO -- prepare : Finish preparing Optimizer...
Info -- : start model training
  0%|          | 0/1000 [00:00<?, ?it/s]Epoch 15 | postive loss : 119.52, negtive loss : 64.22, worst lambd: 215.51, worst gap: 26.71:   0%|          | 0/1000 [00:19<?, ?it/s]Epoch 24 | postive loss : 81.54, negtive loss : 69.50, worst lambd: 215.26, worst gap: 12.62:   2%|▎         | 25/1000 [00:30<20:03,  1.23s/it]Epoch 49 | postive loss : 32.29, negtive loss : 79.23, worst lambd: 256.36, worst gap: 6.31:   5%|▌         | 50/1000 [01:01<19:29,  1.23s/it] Epoch 74 | postive loss : 21.96, negtive loss : 88.73, worst lambd: 257.40, worst gap: 5.23:   8%|▊         | 75/1000 [01:32<18:59,  1.23s/it]Epoch 99 | postive loss : 17.01, negtive loss : 97.51, worst lambd: 249.24, worst gap: 5.38:  10%|█         | 100/1000 [02:03<18:28,  1.23s/it]Epoch 124 | postive loss : 13.37, negtive loss : 105.28, worst lambd: 254.01, worst gap: 4.25:  12%|█▎        | 125/1000 [02:34<17:58,  1.23s/it]Epoch 149 | postive loss : 10.55, negtive loss : 112.72, worst lambd: 256.99, worst gap: 5.74:  15%|█▌        | 150/1000 [03:04<17:28,  1.23s/it]Epoch 174 | postive loss : 8.35, negtive loss : 119.06, worst lambd: 270.17, worst gap: 5.85:  18%|█▊        | 175/1000 [03:35<16:57,  1.23s/it] Epoch 199 | postive loss : 6.52, negtive loss : 124.58, worst lambd: 249.55, worst gap: 6.51:  20%|██        | 200/1000 [04:06<16:26,  1.23s/it]Epoch 224 | postive loss : 5.18, negtive loss : 128.94, worst lambd: 265.40, worst gap: 4.49:  22%|██▎       | 225/1000 [04:37<15:55,  1.23s/it]Epoch 249 | postive loss : 4.27, negtive loss : 132.12, worst lambd: 259.21, worst gap: 5.30:  25%|██▌       | 250/1000 [05:07<15:18,  1.22s/it]Epoch 274 | postive loss : 3.49, negtive loss : 134.69, worst lambd: 249.70, worst gap: 8.43:  28%|██▊       | 275/1000 [05:37<14:43,  1.22s/it]Epoch 299 | postive loss : 2.94, negtive loss : 135.89, worst lambd: 249.82, worst gap: 5.02:  30%|███       | 300/1000 [06:07<14:09,  1.21s/it]Epoch 324 | postive loss : 2.40, negtive loss : 139.17, worst lambd: 248.01, worst gap: 5.62:  32%|███▎      | 325/1000 [06:37<13:37,  1.21s/it]Epoch 349 | postive loss : 2.27, negtive loss : 140.69, worst lambd: 240.50, worst gap: 7.51:  35%|███▌      | 350/1000 [07:08<13:09,  1.22s/it]Epoch 374 | postive loss : 2.13, negtive loss : 141.87, worst lambd: 242.91, worst gap: 8.16:  38%|███▊      | 375/1000 [07:39<12:43,  1.22s/it]Epoch 399 | postive loss : 2.04, negtive loss : 142.92, worst lambd: 239.86, worst gap: 6.64:  40%|████      | 400/1000 [08:10<12:14,  1.22s/it]Epoch 424 | postive loss : 1.95, negtive loss : 143.59, worst lambd: 237.21, worst gap: 6.01:  42%|████▎     | 425/1000 [08:40<11:45,  1.23s/it]Epoch 449 | postive loss : 1.92, negtive loss : 144.46, worst lambd: 237.68, worst gap: 7.64:  45%|████▌     | 450/1000 [09:11<11:14,  1.23s/it]Epoch 474 | postive loss : 1.86, negtive loss : 144.67, worst lambd: 233.03, worst gap: 5.49:  48%|████▊     | 475/1000 [09:42<10:44,  1.23s/it]Epoch 499 | postive loss : 1.81, negtive loss : 144.92, worst lambd: 238.86, worst gap: 9.10:  50%|█████     | 500/1000 [10:13<10:13,  1.23s/it]Epoch 524 | postive loss : 1.75, negtive loss : 145.35, worst lambd: 237.32, worst gap: 8.52:  52%|█████▎    | 525/1000 [10:43<09:43,  1.23s/it]Epoch 549 | postive loss : 1.69, negtive loss : 145.15, worst lambd: 236.23, worst gap: 6.29:  55%|█████▌    | 550/1000 [11:14<09:12,  1.23s/it]Epoch 574 | postive loss : 1.71, negtive loss : 145.44, worst lambd: 235.83, worst gap: 5.10:  57%|█████▊    | 575/1000 [11:45<08:41,  1.23s/it]Epoch 599 | postive loss : 1.64, negtive loss : 145.51, worst lambd: 237.27, worst gap: 10.88:  60%|██████    | 600/1000 [12:15<08:09,  1.22s/it]Epoch 624 | postive loss : 1.56, negtive loss : 146.35, worst lambd: 231.07, worst gap: 7.09:  62%|██████▎   | 625/1000 [12:46<07:39,  1.22s/it] Epoch 649 | postive loss : 1.55, negtive loss : 146.40, worst lambd: 230.88, worst gap: 10.74:  65%|██████▌   | 650/1000 [13:17<07:09,  1.23s/it]Epoch 674 | postive loss : 1.54, negtive loss : 146.33, worst lambd: 229.78, worst gap: 5.96:  68%|██████▊   | 675/1000 [13:47<06:40,  1.23s/it] Epoch 699 | postive loss : 1.52, negtive loss : 146.28, worst lambd: 230.49, worst gap: 6.70:  70%|███████   | 700/1000 [14:18<06:09,  1.23s/it]Epoch 724 | postive loss : 1.49, negtive loss : 146.74, worst lambd: 229.40, worst gap: 12.25:  72%|███████▎  | 725/1000 [14:49<05:39,  1.23s/it]Epoch 749 | postive loss : 1.52, negtive loss : 146.31, worst lambd: 227.09, worst gap: 5.70:  75%|███████▌  | 750/1000 [15:20<05:08,  1.23s/it] Epoch 774 | postive loss : 1.49, negtive loss : 146.69, worst lambd: 225.40, worst gap: 12.42:  78%|███████▊  | 775/1000 [15:51<04:37,  1.23s/it]Epoch 799 | postive loss : 1.48, negtive loss : 146.69, worst lambd: 228.67, worst gap: 13.85:  80%|████████  | 800/1000 [16:22<04:06,  1.23s/it]Epoch 824 | postive loss : 1.47, negtive loss : 146.68, worst lambd: 227.28, worst gap: 12.67:  82%|████████▎ | 825/1000 [16:52<03:35,  1.23s/it]Epoch 849 | postive loss : 1.45, negtive loss : 147.14, worst lambd: 226.42, worst gap: 10.70:  85%|████████▌ | 850/1000 [17:23<03:04,  1.23s/it]Epoch 874 | postive loss : 1.45, negtive loss : 147.12, worst lambd: 225.28, worst gap: 20.21:  88%|████████▊ | 875/1000 [17:54<02:33,  1.23s/it]Epoch 899 | postive loss : 1.43, negtive loss : 147.17, worst lambd: 226.92, worst gap: 8.96:  90%|█████████ | 900/1000 [18:24<02:02,  1.23s/it] Epoch 924 | postive loss : 1.44, negtive loss : 147.29, worst lambd: 224.41, worst gap: 14.37:  92%|█████████▎| 925/1000 [18:55<01:32,  1.23s/it]Epoch 949 | postive loss : 1.43, negtive loss : 147.39, worst lambd: 222.40, worst gap: 10.04:  95%|█████████▌| 950/1000 [19:26<01:01,  1.23s/it]Epoch 974 | postive loss : 1.42, negtive loss : 147.27, worst lambd: 223.64, worst gap: 14.48:  98%|█████████▊| 975/1000 [19:56<00:30,  1.23s/it]Epoch 999 | postive loss : 1.44, negtive loss : 147.41, worst lambd: 224.88, worst gap: 11.77: 100%|██████████| 1000/1000 [20:27<00:00,  1.23s/it]Epoch 999 | postive loss : 1.44, negtive loss : 147.41, worst lambd: 224.88, worst gap: 11.77: 100%|██████████| 1000/1000 [20:27<00:00,  1.23s/it]
Info : finish model training
Info : save model sucessfully
Info : save sucessfully
