
2023-03-17 23:36:20
alpha: 0.1    batchsize: 16    dim: 128    epoch: 1500    gapMax_defi: -2    gapMax_prim: -0.5    lambdaMax: 0.5    learningrate: 0.002    lrdecay: 0.5    lrdecayEpoch: 500    modelname: SN2E    momentum: 0    negtsamplenum: 128    optimizer: Adam    vmax: 10    vmin: 0.01    weightdecay: 0    
INFO -- prepare : Init model SN2E
INFO -- prepare : set model cuda: 0
INFO -- prepare : Model initialization complete
INFO -- prepare : Init optimizer
INFO -- prepare : Finish preparing Optimizer...
Info -- : start model training

  0%|          | 0/1500 [00:00<?, ?it/s]
Epoch 16 | postive loss : 13.10, negtive loss : 6.98, worst lambd: 112.72, worst gap: 0.77:   0%|          | 0/1500 [00:19<?, ?it/s]
Epoch 26 | postive loss : 4.55, negtive loss : 2.61, worst lambd: 65.07, worst gap: 0.16:   2%|▏         | 27/1500 [00:30<27:55,  1.14s/it]
Epoch 53 | postive loss : 2.77, negtive loss : 2.40, worst lambd: 7.21, worst gap: 0.13:   4%|▎         | 54/1500 [01:01<27:12,  1.13s/it] 
Epoch 80 | postive loss : 2.40, negtive loss : 2.59, worst lambd: 6.71, worst gap: 0.13:   5%|▌         | 81/1500 [01:31<26:37,  1.13s/it]
Epoch 107 | postive loss : 2.17, negtive loss : 2.75, worst lambd: 7.14, worst gap: 0.10:   7%|▋         | 108/1500 [02:01<26:06,  1.13s/it]
Epoch 134 | postive loss : 1.98, negtive loss : 2.91, worst lambd: 7.66, worst gap: 0.06:   9%|▉         | 135/1500 [02:32<25:43,  1.13s/it]
Epoch 161 | postive loss : 1.81, negtive loss : 3.07, worst lambd: 7.62, worst gap: 0.04:  11%|█         | 162/1500 [03:02<25:05,  1.12s/it]
Epoch 186 | postive loss : 1.67, negtive loss : 3.24, worst lambd: 7.75, worst gap: 0.12:  12%|█▏        | 187/1500 [03:32<25:10,  1.15s/it]
Epoch 213 | postive loss : 1.53, negtive loss : 3.43, worst lambd: 7.50, worst gap: 0.09:  14%|█▍        | 214/1500 [04:03<24:28,  1.14s/it]
Epoch 240 | postive loss : 1.41, negtive loss : 3.62, worst lambd: 7.76, worst gap: 0.10:  16%|█▌        | 241/1500 [04:33<23:58,  1.14s/it]
Epoch 267 | postive loss : 1.30, negtive loss : 3.83, worst lambd: 8.03, worst gap: 0.11:  18%|█▊        | 268/1500 [05:04<23:26,  1.14s/it]
Epoch 294 | postive loss : 1.20, negtive loss : 4.01, worst lambd: 7.74, worst gap: 0.08:  20%|█▉        | 295/1500 [05:35<22:55,  1.14s/it]
Epoch 321 | postive loss : 1.12, negtive loss : 4.23, worst lambd: 8.04, worst gap: 0.07:  21%|██▏       | 322/1500 [06:06<22:24,  1.14s/it]
Epoch 348 | postive loss : 1.05, negtive loss : 4.41, worst lambd: 8.01, worst gap: 0.07:  23%|██▎       | 349/1500 [06:37<21:51,  1.14s/it]
Epoch 375 | postive loss : 0.99, negtive loss : 4.59, worst lambd: 7.89, worst gap: 0.09:  25%|██▌       | 376/1500 [07:07<21:17,  1.14s/it]
Epoch 402 | postive loss : 0.93, negtive loss : 4.78, worst lambd: 7.57, worst gap: 0.08:  27%|██▋       | 403/1500 [07:37<20:42,  1.13s/it]
Epoch 429 | postive loss : 0.90, negtive loss : 4.94, worst lambd: 7.52, worst gap: 0.09:  29%|██▊       | 430/1500 [08:08<20:09,  1.13s/it]
Epoch 456 | postive loss : 0.86, negtive loss : 5.09, worst lambd: 7.93, worst gap: 0.11:  30%|███       | 457/1500 [08:38<19:37,  1.13s/it]
Epoch 483 | postive loss : 0.83, negtive loss : 5.23, worst lambd: 7.64, worst gap: 0.09:  32%|███▏      | 484/1500 [09:09<19:07,  1.13s/it]
Epoch 510 | postive loss : 0.74, negtive loss : 5.42, worst lambd: 7.26, worst gap: 0.10:  34%|███▍      | 511/1500 [09:39<18:38,  1.13s/it]
Epoch 537 | postive loss : 0.73, negtive loss : 5.48, worst lambd: 7.22, worst gap: 0.08:  36%|███▌      | 538/1500 [10:10<18:08,  1.13s/it]
Epoch 564 | postive loss : 0.72, negtive loss : 5.56, worst lambd: 7.43, worst gap: 0.07:  38%|███▊      | 565/1500 [10:40<17:38,  1.13s/it]
Epoch 591 | postive loss : 0.71, negtive loss : 5.62, worst lambd: 7.19, worst gap: 0.08:  39%|███▉      | 592/1500 [11:11<17:07,  1.13s/it]
Epoch 618 | postive loss : 0.70, negtive loss : 5.68, worst lambd: 7.26, worst gap: 0.10:  41%|████▏     | 619/1500 [11:42<16:36,  1.13s/it]
Epoch 645 | postive loss : 0.70, negtive loss : 5.74, worst lambd: 6.98, worst gap: 0.08:  43%|████▎     | 646/1500 [12:12<16:05,  1.13s/it]
Epoch 672 | postive loss : 0.69, negtive loss : 5.79, worst lambd: 7.14, worst gap: 0.09:  45%|████▍     | 673/1500 [12:42<15:33,  1.13s/it]
Epoch 699 | postive loss : 0.68, negtive loss : 5.85, worst lambd: 7.03, worst gap: 0.08:  47%|████▋     | 700/1500 [13:13<15:02,  1.13s/it]
Epoch 726 | postive loss : 0.67, negtive loss : 5.88, worst lambd: 6.84, worst gap: 0.07:  48%|████▊     | 727/1500 [13:43<14:31,  1.13s/it]
Epoch 753 | postive loss : 0.67, negtive loss : 5.93, worst lambd: 6.64, worst gap: 0.06:  50%|█████     | 754/1500 [14:14<14:01,  1.13s/it]
Epoch 780 | postive loss : 0.66, negtive loss : 5.99, worst lambd: 6.89, worst gap: 0.10:  52%|█████▏    | 781/1500 [14:44<13:31,  1.13s/it]
Epoch 807 | postive loss : 0.66, negtive loss : 6.03, worst lambd: 6.75, worst gap: 0.07:  54%|█████▍    | 808/1500 [15:15<13:00,  1.13s/it]
Epoch 834 | postive loss : 0.65, negtive loss : 6.08, worst lambd: 6.90, worst gap: 0.10:  56%|█████▌    | 835/1500 [15:45<12:30,  1.13s/it]
Epoch 861 | postive loss : 0.65, negtive loss : 6.12, worst lambd: 7.01, worst gap: 0.08:  57%|█████▋    | 862/1500 [16:16<11:59,  1.13s/it]
Epoch 888 | postive loss : 0.64, negtive loss : 6.16, worst lambd: 6.82, worst gap: 0.09:  59%|█████▉    | 889/1500 [16:46<11:29,  1.13s/it]
Epoch 915 | postive loss : 0.64, negtive loss : 6.21, worst lambd: 6.69, worst gap: 0.09:  61%|██████    | 916/1500 [17:16<10:58,  1.13s/it]
Epoch 942 | postive loss : 0.63, negtive loss : 6.24, worst lambd: 6.77, worst gap: 0.08:  63%|██████▎   | 943/1500 [17:47<10:27,  1.13s/it]
Epoch 969 | postive loss : 0.63, negtive loss : 6.26, worst lambd: 6.77, worst gap: 0.06:  65%|██████▍   | 970/1500 [18:17<09:57,  1.13s/it]
Epoch 996 | postive loss : 0.62, negtive loss : 6.30, worst lambd: 6.88, worst gap: 0.06:  66%|██████▋   | 997/1500 [18:48<09:27,  1.13s/it]
Epoch 1023 | postive loss : 0.60, negtive loss : 6.39, worst lambd: 6.79, worst gap: 0.06:  68%|██████▊   | 1024/1500 [19:18<08:56,  1.13s/it]
Epoch 1050 | postive loss : 0.60, negtive loss : 6.40, worst lambd: 6.66, worst gap: 0.05:  70%|███████   | 1051/1500 [19:49<08:26,  1.13s/it]
Epoch 1077 | postive loss : 0.60, negtive loss : 6.44, worst lambd: 6.84, worst gap: 0.06:  72%|███████▏  | 1078/1500 [20:19<07:55,  1.13s/it]
Epoch 1104 | postive loss : 0.60, negtive loss : 6.45, worst lambd: 6.78, worst gap: 0.07:  74%|███████▎  | 1105/1500 [20:49<07:25,  1.13s/it]
Epoch 1131 | postive loss : 0.59, negtive loss : 6.47, worst lambd: 6.67, worst gap: 0.06:  75%|███████▌  | 1132/1500 [21:20<06:54,  1.13s/it]
Epoch 1158 | postive loss : 0.59, negtive loss : 6.48, worst lambd: 6.52, worst gap: 0.06:  77%|███████▋  | 1159/1500 [21:50<06:24,  1.13s/it]
Epoch 1185 | postive loss : 0.59, negtive loss : 6.52, worst lambd: 6.58, worst gap: 0.09:  79%|███████▉  | 1186/1500 [22:21<05:54,  1.13s/it]
Epoch 1212 | postive loss : 0.59, negtive loss : 6.54, worst lambd: 6.32, worst gap: 0.10:  81%|████████  | 1213/1500 [22:51<05:23,  1.13s/it]
Epoch 1239 | postive loss : 0.59, negtive loss : 6.55, worst lambd: 6.40, worst gap: 0.06:  83%|████████▎ | 1240/1500 [23:22<04:53,  1.13s/it]
Epoch 1266 | postive loss : 0.59, negtive loss : 6.57, worst lambd: 6.41, worst gap: 0.07:  84%|████████▍ | 1267/1500 [23:52<04:22,  1.13s/it]
Epoch 1293 | postive loss : 0.59, negtive loss : 6.59, worst lambd: 6.34, worst gap: 0.06:  86%|████████▋ | 1294/1500 [24:23<03:52,  1.13s/it]
Epoch 1320 | postive loss : 0.58, negtive loss : 6.60, worst lambd: 6.32, worst gap: 0.08:  88%|████████▊ | 1321/1500 [24:53<03:21,  1.13s/it]
Epoch 1347 | postive loss : 0.58, negtive loss : 6.62, worst lambd: 6.33, worst gap: 0.06:  90%|████████▉ | 1348/1500 [25:23<02:51,  1.13s/it]
Epoch 1374 | postive loss : 0.58, negtive loss : 6.63, worst lambd: 6.32, worst gap: 0.07:  92%|█████████▏| 1375/1500 [25:54<02:20,  1.13s/it]
Epoch 1401 | postive loss : 0.58, negtive loss : 6.66, worst lambd: 6.26, worst gap: 0.06:  93%|█████████▎| 1402/1500 [26:24<01:50,  1.13s/it]
Epoch 1428 | postive loss : 0.58, negtive loss : 6.68, worst lambd: 6.23, worst gap: 0.10:  95%|█████████▌| 1429/1500 [26:55<01:20,  1.13s/it]
Epoch 1455 | postive loss : 0.58, negtive loss : 6.68, worst lambd: 6.28, worst gap: 0.11:  97%|█████████▋| 1456/1500 [27:25<00:49,  1.13s/it]
Epoch 1482 | postive loss : 0.58, negtive loss : 6.70, worst lambd: 6.26, worst gap: 0.08:  99%|█████████▉| 1483/1500 [27:56<00:19,  1.13s/it]
Epoch 1499 | postive loss : 0.58, negtive loss : 6.72, worst lambd: 6.24, worst gap: 0.06: 100%|██████████| 1500/1500 [28:15<00:00,  1.13s/it]
Info : finish model training
Info : save model sucessfully
Info : save sucessfully


2023-03-18 04:12:21
alpha: 0.1    batchsize: 16    dim: 128    epoch: 1500    gapMax_defi: -2    gapMax_prim: -0.5    lambdaMax: 0.5    learningrate: 0.002    lrdecay: 0.5    lrdecayEpoch: 500    modelname: SN2E    momentum: 0    negtsamplenum: 128    optimizer: Adam    vmax: 100    vmin: 0.01    weightdecay: 0    
INFO -- prepare : Init model SN2E
INFO -- prepare : set model cuda: 0
INFO -- prepare : Model initialization complete
INFO -- prepare : Init optimizer
INFO -- prepare : Finish preparing Optimizer...
Info -- : start model training

  0%|          | 0/1500 [00:00<?, ?it/s]
Epoch 7 | postive loss : 80.97, negtive loss : 32.50, worst lambd: 208.77, worst gap: 4.20:   0%|          | 0/1500 [00:10<?, ?it/s]
Epoch 25 | postive loss : 4.81, negtive loss : 2.71, worst lambd: 78.19, worst gap: 0.31:   2%|▏         | 26/1500 [00:30<28:26,  1.16s/it]
Epoch 51 | postive loss : 2.82, negtive loss : 2.40, worst lambd: 8.42, worst gap: 0.13:   3%|▎         | 52/1500 [01:00<27:57,  1.16s/it] 
Epoch 78 | postive loss : 2.41, negtive loss : 2.61, worst lambd: 7.20, worst gap: 0.11:   5%|▌         | 79/1500 [01:31<27:16,  1.15s/it]
Epoch 105 | postive loss : 2.16, negtive loss : 2.79, worst lambd: 7.44, worst gap: 0.10:   7%|▋         | 106/1500 [02:01<26:37,  1.15s/it]
Epoch 132 | postive loss : 1.95, negtive loss : 2.97, worst lambd: 7.68, worst gap: 0.08:   9%|▉         | 133/1500 [02:32<26:04,  1.14s/it]
Epoch 159 | postive loss : 1.78, negtive loss : 3.16, worst lambd: 7.54, worst gap: 0.12:  11%|█         | 160/1500 [03:03<25:32,  1.14s/it]
Epoch 186 | postive loss : 1.62, negtive loss : 3.37, worst lambd: 7.50, worst gap: 0.11:  12%|█▏        | 187/1500 [03:34<25:01,  1.14s/it]
Epoch 213 | postive loss : 1.47, negtive loss : 3.60, worst lambd: 7.24, worst gap: 0.07:  14%|█▍        | 214/1500 [04:05<24:30,  1.14s/it]
Epoch 240 | postive loss : 1.34, negtive loss : 3.86, worst lambd: 6.76, worst gap: 0.05:  16%|█▌        | 241/1500 [04:36<23:58,  1.14s/it]
Epoch 267 | postive loss : 1.22, negtive loss : 4.15, worst lambd: 6.89, worst gap: 0.12:  18%|█▊        | 268/1500 [05:06<23:23,  1.14s/it]
Epoch 294 | postive loss : 1.12, negtive loss : 4.46, worst lambd: 6.96, worst gap: 0.11:  20%|█▉        | 295/1500 [05:37<22:50,  1.14s/it]
Epoch 321 | postive loss : 1.02, negtive loss : 4.79, worst lambd: 7.02, worst gap: 0.05:  21%|██▏       | 322/1500 [06:07<22:17,  1.14s/it]
Epoch 348 | postive loss : 0.94, negtive loss : 5.11, worst lambd: 7.04, worst gap: 0.09:  23%|██▎       | 349/1500 [06:38<21:43,  1.13s/it]
Epoch 375 | postive loss : 0.86, negtive loss : 5.41, worst lambd: 6.99, worst gap: 0.10:  25%|██▌       | 376/1500 [07:08<21:10,  1.13s/it]
Epoch 402 | postive loss : 0.80, negtive loss : 5.75, worst lambd: 7.10, worst gap: 0.08:  27%|██▋       | 403/1500 [07:38<20:39,  1.13s/it]
Epoch 429 | postive loss : 0.74, negtive loss : 6.06, worst lambd: 6.82, worst gap: 0.08:  29%|██▊       | 430/1500 [08:09<20:07,  1.13s/it]
Epoch 456 | postive loss : 0.70, negtive loss : 6.36, worst lambd: 6.89, worst gap: 0.08:  30%|███       | 457/1500 [08:39<19:36,  1.13s/it]
Epoch 483 | postive loss : 0.66, negtive loss : 6.66, worst lambd: 6.35, worst gap: 0.05:  32%|███▏      | 484/1500 [09:10<19:05,  1.13s/it]
Epoch 510 | postive loss : 0.59, negtive loss : 7.11, worst lambd: 6.21, worst gap: 0.07:  34%|███▍      | 511/1500 [09:40<18:35,  1.13s/it]
Epoch 537 | postive loss : 0.58, negtive loss : 7.32, worst lambd: 6.04, worst gap: 0.09:  36%|███▌      | 538/1500 [10:11<18:05,  1.13s/it]
Epoch 564 | postive loss : 0.57, negtive loss : 7.50, worst lambd: 6.09, worst gap: 0.08:  38%|███▊      | 565/1500 [10:41<17:36,  1.13s/it]
Epoch 591 | postive loss : 0.57, negtive loss : 7.67, worst lambd: 5.91, worst gap: 0.07:  39%|███▉      | 592/1500 [11:12<17:07,  1.13s/it]
Epoch 618 | postive loss : 0.56, negtive loss : 7.83, worst lambd: 5.88, worst gap: 0.04:  41%|████▏     | 619/1500 [11:43<16:37,  1.13s/it]
Epoch 645 | postive loss : 0.55, negtive loss : 7.98, worst lambd: 6.17, worst gap: 0.05:  43%|████▎     | 646/1500 [12:13<16:07,  1.13s/it]
Epoch 672 | postive loss : 0.54, negtive loss : 8.13, worst lambd: 6.10, worst gap: 0.06:  45%|████▍     | 673/1500 [12:44<15:37,  1.13s/it]
Epoch 699 | postive loss : 0.54, negtive loss : 8.28, worst lambd: 5.90, worst gap: 0.07:  47%|████▋     | 700/1500 [13:14<15:06,  1.13s/it]
Epoch 726 | postive loss : 0.54, negtive loss : 8.40, worst lambd: 5.97, worst gap: 0.10:  48%|████▊     | 727/1500 [13:45<14:36,  1.13s/it]
Epoch 753 | postive loss : 0.53, negtive loss : 8.55, worst lambd: 5.91, worst gap: 0.05:  50%|█████     | 754/1500 [14:16<14:06,  1.13s/it]
Epoch 780 | postive loss : 0.53, negtive loss : 8.66, worst lambd: 5.95, worst gap: 0.10:  52%|█████▏    | 781/1500 [14:46<13:35,  1.13s/it]
Epoch 807 | postive loss : 0.52, negtive loss : 8.81, worst lambd: 6.13, worst gap: 0.05:  54%|█████▍    | 808/1500 [15:17<13:05,  1.13s/it]
Epoch 834 | postive loss : 0.52, negtive loss : 8.95, worst lambd: 5.69, worst gap: 0.07:  56%|█████▌    | 835/1500 [15:48<12:34,  1.14s/it]
Epoch 861 | postive loss : 0.51, negtive loss : 9.06, worst lambd: 5.75, worst gap: 0.07:  57%|█████▋    | 862/1500 [16:18<12:04,  1.14s/it]
Epoch 888 | postive loss : 0.51, negtive loss : 9.20, worst lambd: 5.75, worst gap: 0.09:  59%|█████▉    | 889/1500 [16:49<11:33,  1.13s/it]
Epoch 915 | postive loss : 0.51, negtive loss : 9.31, worst lambd: 5.57, worst gap: 0.05:  61%|██████    | 916/1500 [17:20<11:02,  1.14s/it]
Epoch 942 | postive loss : 0.50, negtive loss : 9.43, worst lambd: 5.70, worst gap: 0.07:  63%|██████▎   | 943/1500 [17:50<10:31,  1.13s/it]
Epoch 969 | postive loss : 0.50, negtive loss : 9.53, worst lambd: 5.37, worst gap: 0.08:  65%|██████▍   | 970/1500 [18:21<10:01,  1.13s/it]
Epoch 996 | postive loss : 0.50, negtive loss : 9.64, worst lambd: 5.43, worst gap: 0.07:  66%|██████▋   | 997/1500 [18:51<09:30,  1.13s/it]
Epoch 1023 | postive loss : 0.50, negtive loss : 10.04, worst lambd: 5.02, worst gap: 0.07:  68%|██████▊   | 1024/1500 [19:22<08:59,  1.13s/it]
Epoch 1050 | postive loss : 0.50, negtive loss : 10.14, worst lambd: 4.98, worst gap: 0.09:  70%|███████   | 1051/1500 [19:53<08:28,  1.13s/it]
Epoch 1077 | postive loss : 0.50, negtive loss : 10.22, worst lambd: 4.90, worst gap: 0.10:  72%|███████▏  | 1078/1500 [20:23<07:57,  1.13s/it]
Epoch 1104 | postive loss : 0.49, negtive loss : 10.27, worst lambd: 4.89, worst gap: 0.04:  74%|███████▎  | 1105/1500 [20:54<07:27,  1.13s/it]
Epoch 1131 | postive loss : 0.49, negtive loss : 10.32, worst lambd: 4.74, worst gap: 0.07:  75%|███████▌  | 1132/1500 [21:24<06:56,  1.13s/it]
Epoch 1158 | postive loss : 0.49, negtive loss : 10.37, worst lambd: 4.61, worst gap: 0.04:  77%|███████▋  | 1159/1500 [21:55<06:26,  1.13s/it]
Epoch 1185 | postive loss : 0.49, negtive loss : 10.43, worst lambd: 4.61, worst gap: 0.08:  79%|███████▉  | 1186/1500 [22:26<05:56,  1.13s/it]
Epoch 1212 | postive loss : 0.49, negtive loss : 10.47, worst lambd: 4.52, worst gap: 0.10:  81%|████████  | 1213/1500 [22:56<05:25,  1.13s/it]
Epoch 1239 | postive loss : 0.49, negtive loss : 10.51, worst lambd: 4.59, worst gap: 0.13:  83%|████████▎ | 1240/1500 [23:27<04:55,  1.14s/it]
Epoch 1266 | postive loss : 0.49, negtive loss : 10.57, worst lambd: 4.43, worst gap: 0.10:  84%|████████▍ | 1267/1500 [23:58<04:24,  1.13s/it]
Epoch 1293 | postive loss : 0.49, negtive loss : 10.59, worst lambd: 4.44, worst gap: 0.08:  86%|████████▋ | 1294/1500 [24:28<03:53,  1.13s/it]
Epoch 1320 | postive loss : 0.49, negtive loss : 10.66, worst lambd: 4.34, worst gap: 0.09:  88%|████████▊ | 1321/1500 [24:59<03:22,  1.13s/it]
Epoch 1347 | postive loss : 0.49, negtive loss : 10.70, worst lambd: 4.32, worst gap: 0.09:  90%|████████▉ | 1348/1500 [25:29<02:51,  1.13s/it]
Epoch 1374 | postive loss : 0.49, negtive loss : 10.74, worst lambd: 4.28, worst gap: 0.10:  92%|█████████▏| 1375/1500 [26:00<02:21,  1.13s/it]
Epoch 1401 | postive loss : 0.49, negtive loss : 10.78, worst lambd: 4.19, worst gap: 0.10:  93%|█████████▎| 1402/1500 [26:31<01:51,  1.14s/it]
Epoch 1428 | postive loss : 0.49, negtive loss : 10.83, worst lambd: 4.15, worst gap: 0.09:  95%|█████████▌| 1429/1500 [27:01<01:20,  1.14s/it]
Epoch 1455 | postive loss : 0.49, negtive loss : 10.87, worst lambd: 4.04, worst gap: 0.10:  97%|█████████▋| 1456/1500 [27:32<00:50,  1.14s/it]
Epoch 1482 | postive loss : 0.48, negtive loss : 10.91, worst lambd: 4.08, worst gap: 0.14:  99%|█████████▉| 1483/1500 [28:03<00:19,  1.14s/it]
Epoch 1499 | postive loss : 0.48, negtive loss : 10.93, worst lambd: 4.06, worst gap: 0.06: 100%|██████████| 1500/1500 [28:23<00:00,  1.14s/it]
Info : finish model training
Info : save model sucessfully
Info : save sucessfully

2023-03-18 04:49:36
alpha: 0.1    batchsize: 16    dim: 128    epoch: 1500    gapMax_defi: -2    gapMax_prim: -0.5    lambdaMax: 0.5    learningrate: 0.002    lrdecay: 0.5    lrdecayEpoch: 500    modelname: SN2E    momentum: 0    negtsamplenum: 128    optimizer: Adam    vmax: 1000    vmin: 0.001    weightdecay: 0    
INFO -- prepare : Init model SN2E
INFO -- prepare : set model cuda: 0
INFO -- prepare : Model initialization complete
INFO -- prepare : Init optimizer
INFO -- prepare : Finish preparing Optimizer...
Info -- : start model training

  0%|          | 0/1500 [00:00<?, ?it/s]
Epoch 16 | postive loss : 13.02, negtive loss : 6.93, worst lambd: 139.68, worst gap: 0.77:   0%|          | 0/1500 [00:19<?, ?it/s]
Epoch 26 | postive loss : 4.56, negtive loss : 2.59, worst lambd: 81.52, worst gap: 0.27:   2%|▏         | 27/1500 [00:30<28:05,  1.14s/it]
Epoch 53 | postive loss : 2.76, negtive loss : 2.40, worst lambd: 8.07, worst gap: 0.19:   4%|▎         | 54/1500 [01:01<27:17,  1.13s/it] 
Epoch 80 | postive loss : 2.38, negtive loss : 2.59, worst lambd: 6.73, worst gap: 0.09:   5%|▌         | 81/1500 [01:31<26:41,  1.13s/it]
Epoch 107 | postive loss : 2.14, negtive loss : 2.78, worst lambd: 7.73, worst gap: 0.12:   7%|▋         | 108/1500 [02:01<26:08,  1.13s/it]
Epoch 134 | postive loss : 1.94, negtive loss : 2.98, worst lambd: 7.83, worst gap: 0.09:   9%|▉         | 135/1500 [02:32<25:36,  1.13s/it]
Epoch 161 | postive loss : 1.77, negtive loss : 3.19, worst lambd: 8.54, worst gap: 0.08:  11%|█         | 162/1500 [03:02<25:01,  1.12s/it]
Epoch 188 | postive loss : 1.62, negtive loss : 3.42, worst lambd: 8.52, worst gap: 0.13:  13%|█▎        | 189/1500 [03:32<24:28,  1.12s/it]
Epoch 215 | postive loss : 1.47, negtive loss : 3.69, worst lambd: 8.48, worst gap: 0.07:  14%|█▍        | 216/1500 [04:02<23:57,  1.12s/it]
Epoch 242 | postive loss : 1.34, negtive loss : 3.99, worst lambd: 8.66, worst gap: 0.09:  16%|█▌        | 243/1500 [04:32<23:25,  1.12s/it]
Epoch 269 | postive loss : 1.22, negtive loss : 4.33, worst lambd: 8.48, worst gap: 0.06:  18%|█▊        | 270/1500 [05:03<22:56,  1.12s/it]
Epoch 296 | postive loss : 1.12, negtive loss : 4.70, worst lambd: 8.28, worst gap: 0.05:  20%|█▉        | 297/1500 [05:33<22:25,  1.12s/it]
Epoch 323 | postive loss : 1.02, negtive loss : 5.12, worst lambd: 7.96, worst gap: 0.06:  22%|██▏       | 324/1500 [06:03<21:55,  1.12s/it]
Epoch 350 | postive loss : 0.92, negtive loss : 5.54, worst lambd: 8.38, worst gap: 0.11:  23%|██▎       | 351/1500 [06:33<21:26,  1.12s/it]
Epoch 377 | postive loss : 0.84, negtive loss : 5.97, worst lambd: 7.54, worst gap: 0.13:  25%|██▌       | 378/1500 [07:03<20:55,  1.12s/it]
Epoch 404 | postive loss : 0.77, negtive loss : 6.34, worst lambd: 8.17, worst gap: 0.10:  27%|██▋       | 405/1500 [07:34<20:25,  1.12s/it]
Epoch 431 | postive loss : 0.72, negtive loss : 6.75, worst lambd: 7.97, worst gap: 0.08:  29%|██▉       | 432/1500 [08:04<19:56,  1.12s/it]
Epoch 458 | postive loss : 0.67, negtive loss : 7.11, worst lambd: 8.10, worst gap: 0.06:  31%|███       | 459/1500 [08:34<19:27,  1.12s/it]
Epoch 485 | postive loss : 0.64, negtive loss : 7.47, worst lambd: 7.87, worst gap: 0.06:  32%|███▏      | 486/1500 [09:04<18:56,  1.12s/it]
Epoch 512 | postive loss : 0.58, negtive loss : 8.04, worst lambd: 7.14, worst gap: 0.03:  34%|███▍      | 513/1500 [09:35<18:24,  1.12s/it]
Epoch 539 | postive loss : 0.57, negtive loss : 8.33, worst lambd: 7.44, worst gap: 0.08:  36%|███▌      | 540/1500 [10:05<17:54,  1.12s/it]
Epoch 566 | postive loss : 0.56, negtive loss : 8.57, worst lambd: 7.09, worst gap: 0.04:  38%|███▊      | 567/1500 [10:35<17:24,  1.12s/it]
Epoch 593 | postive loss : 0.55, negtive loss : 8.75, worst lambd: 6.95, worst gap: 0.09:  40%|███▉      | 594/1500 [11:05<16:55,  1.12s/it]
Epoch 620 | postive loss : 0.54, negtive loss : 8.97, worst lambd: 6.73, worst gap: 0.07:  41%|████▏     | 621/1500 [11:36<16:26,  1.12s/it]
Epoch 647 | postive loss : 0.53, negtive loss : 9.14, worst lambd: 6.32, worst gap: 0.07:  43%|████▎     | 648/1500 [12:06<15:57,  1.12s/it]
Epoch 674 | postive loss : 0.53, negtive loss : 9.32, worst lambd: 6.33, worst gap: 0.10:  45%|████▌     | 675/1500 [12:37<15:28,  1.13s/it]
Epoch 701 | postive loss : 0.52, negtive loss : 9.51, worst lambd: 6.50, worst gap: 0.04:  47%|████▋     | 702/1500 [13:07<15:00,  1.13s/it]
Epoch 728 | postive loss : 0.52, negtive loss : 9.68, worst lambd: 6.04, worst gap: 0.07:  49%|████▊     | 729/1500 [13:38<14:32,  1.13s/it]
Epoch 755 | postive loss : 0.51, negtive loss : 9.87, worst lambd: 5.91, worst gap: 0.07:  50%|█████     | 756/1500 [14:09<14:04,  1.14s/it]
Epoch 782 | postive loss : 0.50, negtive loss : 10.01, worst lambd: 5.51, worst gap: 0.04:  52%|█████▏    | 783/1500 [14:40<13:32,  1.13s/it]
Epoch 809 | postive loss : 0.50, negtive loss : 10.20, worst lambd: 5.08, worst gap: 0.05:  54%|█████▍    | 810/1500 [15:10<12:58,  1.13s/it]
Epoch 836 | postive loss : 0.50, negtive loss : 10.36, worst lambd: 4.87, worst gap: 0.06:  56%|█████▌    | 837/1500 [15:40<12:25,  1.12s/it]
Epoch 863 | postive loss : 0.49, negtive loss : 10.54, worst lambd: 4.50, worst gap: 0.07:  58%|█████▊    | 864/1500 [16:10<11:53,  1.12s/it]
Epoch 890 | postive loss : 0.49, negtive loss : 10.72, worst lambd: 4.38, worst gap: 0.04:  59%|█████▉    | 891/1500 [16:40<11:21,  1.12s/it]
Epoch 917 | postive loss : 0.49, negtive loss : 10.92, worst lambd: 4.22, worst gap: 0.09:  61%|██████    | 918/1500 [17:10<10:51,  1.12s/it]
Epoch 944 | postive loss : 0.48, negtive loss : 11.05, worst lambd: 4.26, worst gap: 0.10:  63%|██████▎   | 945/1500 [17:40<10:20,  1.12s/it]
Epoch 971 | postive loss : 0.49, negtive loss : 11.20, worst lambd: 4.21, worst gap: 0.03:  65%|██████▍   | 972/1500 [18:11<09:51,  1.12s/it]
Epoch 998 | postive loss : 0.47, negtive loss : 11.34, worst lambd: 4.05, worst gap: 0.06:  67%|██████▋   | 999/1500 [18:41<09:21,  1.12s/it]
Epoch 1025 | postive loss : 0.48, negtive loss : 11.88, worst lambd: 3.84, worst gap: 0.10:  68%|██████▊   | 1026/1500 [19:11<08:51,  1.12s/it]
Epoch 1052 | postive loss : 0.48, negtive loss : 12.08, worst lambd: 3.73, worst gap: 0.06:  70%|███████   | 1053/1500 [19:41<08:21,  1.12s/it]
Epoch 1079 | postive loss : 0.48, negtive loss : 12.23, worst lambd: 3.72, worst gap: 0.10:  72%|███████▏  | 1080/1500 [20:12<07:50,  1.12s/it]
Epoch 1106 | postive loss : 0.48, negtive loss : 12.35, worst lambd: 3.71, worst gap: 0.08:  74%|███████▍  | 1107/1500 [20:42<07:20,  1.12s/it]
Epoch 1133 | postive loss : 0.48, negtive loss : 12.43, worst lambd: 3.60, worst gap: 0.06:  76%|███████▌  | 1134/1500 [21:12<06:50,  1.12s/it]
Epoch 1160 | postive loss : 0.48, negtive loss : 12.54, worst lambd: 3.61, worst gap: 0.08:  77%|███████▋  | 1161/1500 [21:42<06:19,  1.12s/it]
Epoch 1187 | postive loss : 0.48, negtive loss : 12.60, worst lambd: 3.53, worst gap: 0.03:  79%|███████▉  | 1188/1500 [22:13<05:49,  1.12s/it]
Epoch 1214 | postive loss : 0.48, negtive loss : 12.70, worst lambd: 3.53, worst gap: 0.09:  81%|████████  | 1215/1500 [22:43<05:19,  1.12s/it]
Epoch 1241 | postive loss : 0.47, negtive loss : 12.78, worst lambd: 3.47, worst gap: 0.07:  83%|████████▎ | 1242/1500 [23:13<04:49,  1.12s/it]
Epoch 1268 | postive loss : 0.47, negtive loss : 12.86, worst lambd: 3.33, worst gap: 0.07:  85%|████████▍ | 1269/1500 [23:43<04:18,  1.12s/it]
Epoch 1295 | postive loss : 0.47, negtive loss : 12.96, worst lambd: 3.25, worst gap: 0.07:  86%|████████▋ | 1296/1500 [24:14<03:49,  1.12s/it]
Epoch 1322 | postive loss : 0.47, negtive loss : 13.04, worst lambd: 3.29, worst gap: 0.09:  88%|████████▊ | 1323/1500 [24:45<03:19,  1.13s/it]
Epoch 1349 | postive loss : 0.47, negtive loss : 13.09, worst lambd: 3.16, worst gap: 0.13:  90%|█████████ | 1350/1500 [25:15<02:49,  1.13s/it]
Epoch 1376 | postive loss : 0.47, negtive loss : 13.17, worst lambd: 3.16, worst gap: 0.07:  92%|█████████▏| 1377/1500 [25:46<02:18,  1.13s/it]
Epoch 1403 | postive loss : 0.47, negtive loss : 13.25, worst lambd: 3.08, worst gap: 0.06:  94%|█████████▎| 1404/1500 [26:16<01:48,  1.13s/it]
Epoch 1430 | postive loss : 0.47, negtive loss : 13.32, worst lambd: 3.09, worst gap: 0.12:  95%|█████████▌| 1431/1500 [26:47<01:17,  1.13s/it]
Epoch 1457 | postive loss : 0.47, negtive loss : 13.41, worst lambd: 3.11, worst gap: 0.09:  97%|█████████▋| 1458/1500 [27:17<00:47,  1.13s/it]
Epoch 1484 | postive loss : 0.47, negtive loss : 13.48, worst lambd: 3.04, worst gap: 0.09:  99%|█████████▉| 1485/1500 [27:48<00:16,  1.13s/it]
Epoch 1499 | postive loss : 0.47, negtive loss : 13.51, worst lambd: 3.01, worst gap: 0.08: 100%|██████████| 1500/1500 [28:05<00:00,  1.12s/it]
Info : finish model training
Info : save model sucessfully
Info : save sucessfully

2023-03-18 07:30:00
alpha: 0.1    batchsize: 16    dim: 128    epoch: 1500    gapMax_defi: -2    gapMax_prim: -0.5    lambdaMax: 0.5    learningrate: 0.004    lrdecay: 0.5    lrdecayEpoch: 500    modelname: SN2E    momentum: 0    negtsamplenum: 128    optimizer: Adam    vmax: 1000    vmin: 0.001    weightdecay: 0    
INFO -- prepare : Init model SN2E
INFO -- prepare : set model cuda: 0
INFO -- prepare : Model initialization complete
INFO -- prepare : Init optimizer
INFO -- prepare : Finish preparing Optimizer...
Info -- : start model training

  0%|          | 0/1500 [00:00<?, ?it/s]
Epoch 16 | postive loss : 4.33, negtive loss : 2.35, worst lambd: 56.53, worst gap: 0.18:   0%|          | 0/1500 [00:19<?, ?it/s]
Epoch 26 | postive loss : 3.38, negtive loss : 2.43, worst lambd: 11.91, worst gap: 0.12:   2%|▏         | 27/1500 [00:30<28:07,  1.15s/it]
Epoch 53 | postive loss : 2.62, negtive loss : 2.85, worst lambd: 7.14, worst gap: 0.12:   4%|▎         | 54/1500 [01:01<27:18,  1.13s/it] 
Epoch 80 | postive loss : 2.20, negtive loss : 3.23, worst lambd: 7.96, worst gap: 0.12:   5%|▌         | 81/1500 [01:31<26:41,  1.13s/it]
Epoch 107 | postive loss : 1.83, negtive loss : 3.64, worst lambd: 7.21, worst gap: 0.10:   7%|▋         | 108/1500 [02:01<26:08,  1.13s/it]
Epoch 134 | postive loss : 1.53, negtive loss : 4.19, worst lambd: 6.78, worst gap: 0.07:   9%|▉         | 135/1500 [02:32<25:36,  1.13s/it]
Epoch 161 | postive loss : 1.26, negtive loss : 4.89, worst lambd: 7.13, worst gap: 0.07:  11%|█         | 162/1500 [03:02<25:05,  1.12s/it]
Epoch 188 | postive loss : 1.03, negtive loss : 5.66, worst lambd: 7.62, worst gap: 0.04:  13%|█▎        | 189/1500 [03:32<24:33,  1.12s/it]
Epoch 215 | postive loss : 0.85, negtive loss : 6.34, worst lambd: 6.99, worst gap: 0.05:  14%|█▍        | 216/1500 [04:03<24:03,  1.12s/it]
Epoch 242 | postive loss : 0.74, negtive loss : 6.85, worst lambd: 7.57, worst gap: 0.07:  16%|█▌        | 243/1500 [04:33<23:33,  1.12s/it]
Epoch 269 | postive loss : 0.68, negtive loss : 7.19, worst lambd: 7.45, worst gap: 0.05:  18%|█▊        | 270/1500 [05:04<23:05,  1.13s/it]
Epoch 296 | postive loss : 0.65, negtive loss : 7.55, worst lambd: 6.83, worst gap: 0.02:  20%|█▉        | 297/1500 [05:34<22:39,  1.13s/it]
Epoch 323 | postive loss : 0.60, negtive loss : 7.88, worst lambd: 6.42, worst gap: 0.06:  22%|██▏       | 324/1500 [06:05<22:13,  1.13s/it]
Epoch 350 | postive loss : 0.58, negtive loss : 8.12, worst lambd: 5.94, worst gap: 0.04:  23%|██▎       | 351/1500 [06:36<21:46,  1.14s/it]
Epoch 377 | postive loss : 0.56, negtive loss : 8.36, worst lambd: 5.76, worst gap: 0.03:  25%|██▌       | 378/1500 [07:07<21:17,  1.14s/it]
Epoch 404 | postive loss : 0.53, negtive loss : 8.49, worst lambd: 5.47, worst gap: 0.05:  27%|██▋       | 405/1500 [07:38<20:47,  1.14s/it]
Epoch 431 | postive loss : 0.52, negtive loss : 8.69, worst lambd: 5.17, worst gap: 0.05:  29%|██▉       | 432/1500 [08:09<20:17,  1.14s/it]
Epoch 458 | postive loss : 0.51, negtive loss : 8.80, worst lambd: 5.05, worst gap: 0.06:  31%|███       | 459/1500 [08:40<19:48,  1.14s/it]
Epoch 485 | postive loss : 0.51, negtive loss : 8.87, worst lambd: 4.57, worst gap: 0.04:  32%|███▏      | 486/1500 [09:10<19:17,  1.14s/it]
Epoch 512 | postive loss : 0.43, negtive loss : 9.64, worst lambd: 4.39, worst gap: 0.02:  34%|███▍      | 513/1500 [09:41<18:47,  1.14s/it]
Epoch 539 | postive loss : 0.43, negtive loss : 10.24, worst lambd: 4.06, worst gap: 0.10:  36%|███▌      | 540/1500 [10:12<18:16,  1.14s/it]
Epoch 566 | postive loss : 0.43, negtive loss : 10.52, worst lambd: 3.74, worst gap: 0.03:  38%|███▊      | 567/1500 [10:43<17:45,  1.14s/it]
Epoch 593 | postive loss : 0.42, negtive loss : 10.67, worst lambd: 3.20, worst gap: 0.03:  40%|███▉      | 594/1500 [11:14<17:14,  1.14s/it]
Epoch 620 | postive loss : 0.42, negtive loss : 10.79, worst lambd: 2.39, worst gap: 0.05:  41%|████▏     | 621/1500 [11:45<16:44,  1.14s/it]
Epoch 647 | postive loss : 0.42, negtive loss : 10.92, worst lambd: 2.71, worst gap: 0.04:  43%|████▎     | 648/1500 [12:15<16:11,  1.14s/it]
Epoch 674 | postive loss : 0.42, negtive loss : 10.99, worst lambd: 2.46, worst gap: 0.01:  45%|████▌     | 675/1500 [12:46<15:38,  1.14s/it]
Epoch 701 | postive loss : 0.42, negtive loss : 11.03, worst lambd: 2.40, worst gap: 0.06:  47%|████▋     | 702/1500 [13:16<15:05,  1.13s/it]
Epoch 728 | postive loss : 0.41, negtive loss : 11.09, worst lambd: 2.26, worst gap: 0.02:  49%|████▊     | 729/1500 [13:47<14:33,  1.13s/it]
Epoch 755 | postive loss : 0.41, negtive loss : 11.16, worst lambd: 2.05, worst gap: 0.05:  50%|█████     | 756/1500 [14:17<14:02,  1.13s/it]
Epoch 782 | postive loss : 0.40, negtive loss : 11.19, worst lambd: 2.24, worst gap: 0.08:  52%|█████▏    | 783/1500 [14:48<13:31,  1.13s/it]
Epoch 809 | postive loss : 0.41, negtive loss : 11.23, worst lambd: 2.23, worst gap: 0.04:  54%|█████▍    | 810/1500 [15:18<13:01,  1.13s/it]
Epoch 836 | postive loss : 0.41, negtive loss : 11.31, worst lambd: 2.17, worst gap: 0.02:  56%|█████▌    | 837/1500 [15:49<12:30,  1.13s/it]
Epoch 863 | postive loss : 0.40, negtive loss : 11.33, worst lambd: 2.10, worst gap: 0.09:  58%|█████▊    | 864/1500 [16:20<12:00,  1.13s/it]
Epoch 890 | postive loss : 0.40, negtive loss : 11.35, worst lambd: 2.15, worst gap: 0.08:  59%|█████▉    | 891/1500 [16:50<11:29,  1.13s/it]
Epoch 917 | postive loss : 0.40, negtive loss : 11.34, worst lambd: 2.08, worst gap: 0.04:  61%|██████    | 918/1500 [17:21<10:59,  1.13s/it]
Epoch 944 | postive loss : 0.40, negtive loss : 11.32, worst lambd: 2.14, worst gap: 0.08:  63%|██████▎   | 945/1500 [17:51<10:28,  1.13s/it]
Epoch 971 | postive loss : 0.40, negtive loss : 11.36, worst lambd: 2.06, worst gap: 0.07:  65%|██████▍   | 972/1500 [18:22<09:58,  1.13s/it]
Epoch 998 | postive loss : 0.40, negtive loss : 11.37, worst lambd: 2.02, worst gap: 0.05:  67%|██████▋   | 999/1500 [18:52<09:27,  1.13s/it]
Epoch 1025 | postive loss : 0.40, negtive loss : 11.89, worst lambd: 1.88, worst gap: 0.06:  68%|██████▊   | 1026/1500 [19:23<08:55,  1.13s/it]
Epoch 1052 | postive loss : 0.40, negtive loss : 12.12, worst lambd: 1.88, worst gap: 0.04:  70%|███████   | 1053/1500 [19:53<08:24,  1.13s/it]
Epoch 1079 | postive loss : 0.40, negtive loss : 12.29, worst lambd: 1.76, worst gap: 0.11:  72%|███████▏  | 1080/1500 [20:24<07:54,  1.13s/it]
Epoch 1106 | postive loss : 0.40, negtive loss : 12.40, worst lambd: 1.71, worst gap: 0.10:  74%|███████▍  | 1107/1500 [20:54<07:23,  1.13s/it]
Epoch 1133 | postive loss : 0.41, negtive loss : 12.48, worst lambd: 1.71, worst gap: 0.11:  76%|███████▌  | 1134/1500 [21:25<06:52,  1.13s/it]
Epoch 1160 | postive loss : 0.41, negtive loss : 12.55, worst lambd: 1.72, worst gap: 0.11:  77%|███████▋  | 1161/1500 [21:55<06:22,  1.13s/it]
Epoch 1187 | postive loss : 0.40, negtive loss : 12.60, worst lambd: 1.65, worst gap: 0.11:  79%|███████▉  | 1188/1500 [22:25<05:51,  1.13s/it]
Epoch 1215 | postive loss : 0.40, negtive loss : 12.68, worst lambd: 1.63, worst gap: 0.10:  81%|████████  | 1216/1500 [22:56<05:18,  1.12s/it]
Epoch 1243 | postive loss : 0.41, negtive loss : 12.73, worst lambd: 1.61, worst gap: 0.05:  83%|████████▎ | 1244/1500 [23:27<04:45,  1.12s/it]
Epoch 1271 | postive loss : 0.40, negtive loss : 12.79, worst lambd: 1.57, worst gap: 0.07:  85%|████████▍ | 1272/1500 [23:58<04:14,  1.11s/it]
Epoch 1299 | postive loss : 0.40, negtive loss : 12.88, worst lambd: 1.60, worst gap: 0.14:  87%|████████▋ | 1300/1500 [24:29<03:42,  1.11s/it]
Epoch 1327 | postive loss : 0.40, negtive loss : 12.89, worst lambd: 1.55, worst gap: 0.05:  89%|████████▊ | 1328/1500 [25:01<03:11,  1.11s/it]
Epoch 1355 | postive loss : 0.40, negtive loss : 12.92, worst lambd: 1.61, worst gap: 0.07:  90%|█████████ | 1356/1500 [25:32<02:39,  1.11s/it]
Epoch 1383 | postive loss : 0.40, negtive loss : 12.96, worst lambd: 1.50, worst gap: 0.07:  92%|█████████▏| 1384/1500 [26:03<02:08,  1.11s/it]
Epoch 1411 | postive loss : 0.40, negtive loss : 12.97, worst lambd: 1.58, worst gap: 0.04:  94%|█████████▍| 1412/1500 [26:34<01:37,  1.11s/it]
Epoch 1439 | postive loss : 0.40, negtive loss : 13.02, worst lambd: 1.47, worst gap: 0.12:  96%|█████████▌| 1440/1500 [27:05<01:06,  1.11s/it]
Epoch 1467 | postive loss : 0.40, negtive loss : 13.05, worst lambd: 1.50, worst gap: 0.11:  98%|█████████▊| 1468/1500 [27:36<00:35,  1.11s/it]
Epoch 1495 | postive loss : 0.40, negtive loss : 13.07, worst lambd: 1.42, worst gap: 0.10: 100%|█████████▉| 1496/1500 [28:07<00:04,  1.11s/it]
Epoch 1499 | postive loss : 0.40, negtive loss : 13.09, worst lambd: 1.46, worst gap: 0.15: 100%|██████████| 1500/1500 [28:11<00:00,  1.13s/it]
Info : finish model training
Info : save model sucessfully
Info : save sucessfully
\

2023-03-18 08:16:54
alpha: 0.1    batchsize: 16    dim: 128    epoch: 1500    gapMax_defi: -2    gapMax_prim: -0.5    lambdaMax: 0.5    learningrate: 0.008    lrdecay: 0.5    lrdecayEpoch: 500    modelname: SN2E    momentum: 0    negtsamplenum: 128    optimizer: Adam    vmax: 1000    vmin: 0.001    weightdecay: 0    
INFO -- prepare : Init model SN2E
INFO -- prepare : set model cuda: 0
INFO -- prepare : Model initialization complete
INFO -- prepare : Init optimizer
INFO -- prepare : Finish preparing Optimizer...
Info -- : start model training

  0%|          | 0/1500 [00:00<?, ?it/s]
Epoch 16 | postive loss : 4.09, negtive loss : 2.58, worst lambd: 12.14, worst gap: 0.06:   0%|          | 0/1500 [00:19<?, ?it/s]
Epoch 26 | postive loss : 3.59, negtive loss : 2.88, worst lambd: 9.77, worst gap: 0.11:   2%|▏         | 27/1500 [00:30<28:06,  1.14s/it]
Epoch 53 | postive loss : 2.70, negtive loss : 3.66, worst lambd: 8.05, worst gap: 0.11:   4%|▎         | 54/1500 [01:01<27:27,  1.14s/it]
Epoch 80 | postive loss : 1.85, negtive loss : 4.72, worst lambd: 7.98, worst gap: 0.08:   5%|▌         | 81/1500 [01:31<26:47,  1.13s/it]
Epoch 107 | postive loss : 1.23, negtive loss : 5.95, worst lambd: 7.70, worst gap: 0.08:   7%|▋         | 108/1500 [02:02<26:09,  1.13s/it]
Epoch 134 | postive loss : 0.96, negtive loss : 6.41, worst lambd: 7.70, worst gap: 0.03:   9%|▉         | 135/1500 [02:32<25:38,  1.13s/it]
Epoch 161 | postive loss : 0.85, negtive loss : 6.68, worst lambd: 8.72, worst gap: 0.05:  11%|█         | 162/1500 [03:02<25:06,  1.13s/it]
Epoch 188 | postive loss : 0.82, negtive loss : 6.74, worst lambd: 6.05, worst gap: 0.04:  13%|█▎        | 189/1500 [03:33<24:35,  1.13s/it]
Epoch 215 | postive loss : 0.76, negtive loss : 6.85, worst lambd: 6.21, worst gap: 0.06:  14%|█▍        | 216/1500 [04:03<24:04,  1.13s/it]
Epoch 242 | postive loss : 0.71, negtive loss : 6.85, worst lambd: 4.13, worst gap: 0.06:  16%|█▌        | 243/1500 [04:33<23:33,  1.12s/it]
Epoch 269 | postive loss : 0.70, negtive loss : 6.66, worst lambd: 4.09, worst gap: 0.03:  18%|█▊        | 270/1500 [05:04<23:03,  1.12s/it]
Epoch 296 | postive loss : 0.68, negtive loss : 6.70, worst lambd: 5.42, worst gap: 0.04:  20%|█▉        | 297/1500 [05:34<22:31,  1.12s/it]
Epoch 323 | postive loss : 0.65, negtive loss : 6.76, worst lambd: 5.01, worst gap: 0.04:  22%|██▏       | 324/1500 [06:04<22:01,  1.12s/it]
Epoch 350 | postive loss : 0.63, negtive loss : 6.75, worst lambd: 4.28, worst gap: 0.04:  23%|██▎       | 351/1500 [06:35<21:30,  1.12s/it]
Epoch 377 | postive loss : 0.64, negtive loss : 6.70, worst lambd: 6.40, worst gap: 0.05:  25%|██▌       | 378/1500 [07:05<21:02,  1.12s/it]
Epoch 404 | postive loss : 0.62, negtive loss : 6.81, worst lambd: 4.03, worst gap: 0.06:  27%|██▋       | 405/1500 [07:36<20:34,  1.13s/it]
Epoch 431 | postive loss : 0.65, negtive loss : 6.80, worst lambd: 3.94, worst gap: 0.04:  29%|██▉       | 432/1500 [08:07<20:07,  1.13s/it]
Epoch 458 | postive loss : 0.61, negtive loss : 6.90, worst lambd: 4.84, worst gap: 0.04:  31%|███       | 459/1500 [08:37<19:38,  1.13s/it]
Epoch 485 | postive loss : 0.61, negtive loss : 6.91, worst lambd: 3.69, worst gap: 0.04:  32%|███▏      | 486/1500 [09:08<19:09,  1.13s/it]
Epoch 512 | postive loss : 0.46, negtive loss : 7.77, worst lambd: 2.81, worst gap: 0.05:  34%|███▍      | 513/1500 [09:38<18:38,  1.13s/it]
Epoch 539 | postive loss : 0.45, negtive loss : 8.19, worst lambd: 2.90, worst gap: 0.04:  36%|███▌      | 540/1500 [10:09<18:09,  1.13s/it]
Epoch 566 | postive loss : 0.44, negtive loss : 8.33, worst lambd: 3.00, worst gap: 0.05:  38%|███▊      | 567/1500 [10:40<17:39,  1.14s/it]
Epoch 593 | postive loss : 0.44, negtive loss : 8.38, worst lambd: 2.70, worst gap: 0.05:  40%|███▉      | 594/1500 [11:11<17:08,  1.14s/it]
Epoch 620 | postive loss : 0.43, negtive loss : 8.54, worst lambd: 2.65, worst gap: 0.04:  41%|████▏     | 621/1500 [11:41<16:38,  1.14s/it]
Epoch 647 | postive loss : 0.45, negtive loss : 8.52, worst lambd: 2.67, worst gap: 0.05:  43%|████▎     | 648/1500 [12:12<16:07,  1.14s/it]
Epoch 674 | postive loss : 0.43, negtive loss : 8.62, worst lambd: 2.71, worst gap: 0.02:  45%|████▌     | 675/1500 [12:43<15:36,  1.14s/it]
Epoch 701 | postive loss : 0.43, negtive loss : 8.70, worst lambd: 2.81, worst gap: 0.07:  47%|████▋     | 702/1500 [13:13<15:06,  1.14s/it]
Epoch 728 | postive loss : 0.43, negtive loss : 8.72, worst lambd: 3.11, worst gap: 0.03:  49%|████▊     | 729/1500 [13:44<14:35,  1.14s/it]
Epoch 755 | postive loss : 0.42, negtive loss : 8.79, worst lambd: 2.61, worst gap: 0.03:  50%|█████     | 756/1500 [14:15<14:04,  1.14s/it]
Epoch 782 | postive loss : 0.43, negtive loss : 8.77, worst lambd: 2.65, worst gap: 0.03:  52%|█████▏    | 783/1500 [14:45<13:32,  1.13s/it]
Epoch 809 | postive loss : 0.43, negtive loss : 8.75, worst lambd: 2.62, worst gap: 0.05:  54%|█████▍    | 810/1500 [15:15<13:00,  1.13s/it]
Epoch 836 | postive loss : 0.41, negtive loss : 8.82, worst lambd: 2.63, worst gap: 0.03:  56%|█████▌    | 837/1500 [15:46<12:28,  1.13s/it]
Epoch 863 | postive loss : 0.43, negtive loss : 8.84, worst lambd: 2.72, worst gap: 0.04:  58%|█████▊    | 864/1500 [16:16<11:56,  1.13s/it]
Epoch 890 | postive loss : 0.41, negtive loss : 8.87, worst lambd: 2.64, worst gap: 0.06:  59%|█████▉    | 891/1500 [16:46<11:25,  1.13s/it]
Epoch 917 | postive loss : 0.41, negtive loss : 8.88, worst lambd: 2.87, worst gap: 0.03:  61%|██████    | 918/1500 [17:17<10:54,  1.13s/it]
Epoch 944 | postive loss : 0.42, negtive loss : 8.91, worst lambd: 2.73, worst gap: 0.04:  63%|██████▎   | 945/1500 [17:47<10:22,  1.12s/it]
Epoch 972 | postive loss : 0.41, negtive loss : 8.99, worst lambd: 3.01, worst gap: 0.08:  65%|██████▍   | 973/1500 [18:18<09:47,  1.12s/it]
Epoch 1000 | postive loss : 0.39, negtive loss : 8.95, worst lambd: 2.55, worst gap: 0.04:  67%|██████▋   | 1001/1500 [18:48<09:14,  1.11s/it]
Epoch 1028 | postive loss : 0.37, negtive loss : 9.84, worst lambd: 2.30, worst gap: 0.05:  69%|██████▊   | 1029/1500 [19:19<08:41,  1.11s/it]
Epoch 1055 | postive loss : 0.37, negtive loss : 10.09, worst lambd: 2.28, worst gap: 0.04:  70%|███████   | 1056/1500 [19:49<08:12,  1.11s/it]
Epoch 1082 | postive loss : 0.37, negtive loss : 10.24, worst lambd: 2.29, worst gap: 0.06:  72%|███████▏  | 1083/1500 [20:20<07:44,  1.11s/it]
Epoch 1109 | postive loss : 0.37, negtive loss : 10.30, worst lambd: 2.35, worst gap: 0.08:  74%|███████▍  | 1110/1500 [20:50<07:15,  1.12s/it]
Epoch 1136 | postive loss : 0.37, negtive loss : 10.44, worst lambd: 2.21, worst gap: 0.02:  76%|███████▌  | 1137/1500 [21:20<06:45,  1.12s/it]
Epoch 1163 | postive loss : 0.37, negtive loss : 10.47, worst lambd: 2.28, worst gap: 0.08:  78%|███████▊  | 1164/1500 [21:50<06:15,  1.12s/it]
Epoch 1190 | postive loss : 0.37, negtive loss : 10.55, worst lambd: 2.03, worst gap: 0.08:  79%|███████▉  | 1191/1500 [22:21<05:46,  1.12s/it]
Epoch 1217 | postive loss : 0.37, negtive loss : 10.63, worst lambd: 1.89, worst gap: 0.08:  81%|████████  | 1218/1500 [22:51<05:15,  1.12s/it]
Epoch 1244 | postive loss : 0.37, negtive loss : 10.68, worst lambd: 1.93, worst gap: 0.05:  83%|████████▎ | 1245/1500 [23:21<04:46,  1.12s/it]
Epoch 1271 | postive loss : 0.37, negtive loss : 10.71, worst lambd: 1.88, worst gap: 0.06:  85%|████████▍ | 1272/1500 [23:52<04:16,  1.12s/it]
Epoch 1298 | postive loss : 0.37, negtive loss : 10.80, worst lambd: 1.94, worst gap: 0.05:  87%|████████▋ | 1299/1500 [24:22<03:46,  1.13s/it]
Epoch 1325 | postive loss : 0.37, negtive loss : 10.83, worst lambd: 1.80, worst gap: 0.08:  88%|████████▊ | 1326/1500 [24:53<03:16,  1.13s/it]
Epoch 1352 | postive loss : 0.37, negtive loss : 10.86, worst lambd: 1.84, worst gap: 0.05:  90%|█████████ | 1353/1500 [25:24<02:46,  1.13s/it]
Epoch 1379 | postive loss : 0.37, negtive loss : 10.93, worst lambd: 1.89, worst gap: 0.10:  92%|█████████▏| 1380/1500 [25:54<02:15,  1.13s/it]
Epoch 1406 | postive loss : 0.37, negtive loss : 10.93, worst lambd: 1.80, worst gap: 0.11:  94%|█████████▍| 1407/1500 [26:25<01:45,  1.13s/it]
Epoch 1433 | postive loss : 0.37, negtive loss : 10.95, worst lambd: 1.84, worst gap: 0.08:  96%|█████████▌| 1434/1500 [26:55<01:14,  1.13s/it]
Epoch 1460 | postive loss : 0.37, negtive loss : 10.94, worst lambd: 1.87, worst gap: 0.07:  97%|█████████▋| 1461/1500 [27:25<00:43,  1.13s/it]
Epoch 1487 | postive loss : 0.37, negtive loss : 11.02, worst lambd: 1.82, worst gap: 0.09:  99%|█████████▉| 1488/1500 [27:56<00:13,  1.13s/it]
Epoch 1499 | postive loss : 0.37, negtive loss : 11.04, worst lambd: 1.72, worst gap: 0.06: 100%|██████████| 1500/1500 [28:09<00:00,  1.13s/it]
Info : finish model training
Info : save model sucessfully
Info : save sucessfully

2023-03-18 08:46:52
alpha: 0.1    batchsize: 16    dim: 128    epoch: 1500    gapMax_defi: -2    gapMax_prim: -0.5    lambdaMax: 0.5    learningrate: 0.004    lrdecay: 0.5    lrdecayEpoch: 300    modelname: SN2E    momentum: 0    negtsamplenum: 128    optimizer: Adam    vmax: 1000    vmin: 0.001    weightdecay: 0    
INFO -- prepare : Init model SN2E
INFO -- prepare : set model cuda: 0
INFO -- prepare : Model initialization complete
INFO -- prepare : Init optimizer
INFO -- prepare : Finish preparing Optimizer...
Info -- : start model training

  0%|          | 0/1500 [00:00<?, ?it/s]
Epoch 16 | postive loss : 4.35, negtive loss : 2.34, worst lambd: 61.41, worst gap: 0.21:   0%|          | 0/1500 [00:19<?, ?it/s]
Epoch 26 | postive loss : 3.40, negtive loss : 2.42, worst lambd: 12.45, worst gap: 0.08:   2%|▏         | 27/1500 [00:30<27:54,  1.14s/it]
Epoch 53 | postive loss : 2.63, negtive loss : 2.82, worst lambd: 8.62, worst gap: 0.10:   4%|▎         | 54/1500 [01:01<27:14,  1.13s/it] 
Epoch 80 | postive loss : 2.20, negtive loss : 3.21, worst lambd: 8.55, worst gap: 0.09:   5%|▌         | 81/1500 [01:31<26:39,  1.13s/it]
Epoch 107 | postive loss : 1.85, negtive loss : 3.65, worst lambd: 9.19, worst gap: 0.07:   7%|▋         | 108/1500 [02:01<26:10,  1.13s/it]
Epoch 134 | postive loss : 1.54, negtive loss : 4.19, worst lambd: 8.66, worst gap: 0.08:   9%|▉         | 135/1500 [02:32<25:39,  1.13s/it]
Epoch 161 | postive loss : 1.27, negtive loss : 4.90, worst lambd: 8.23, worst gap: 0.10:  11%|█         | 162/1500 [03:02<25:08,  1.13s/it]
Epoch 188 | postive loss : 1.04, negtive loss : 5.69, worst lambd: 8.43, worst gap: 0.07:  13%|█▎        | 189/1500 [03:33<24:38,  1.13s/it]
Epoch 215 | postive loss : 0.86, negtive loss : 6.35, worst lambd: 9.04, worst gap: 0.06:  14%|█▍        | 216/1500 [04:03<24:07,  1.13s/it]
Epoch 242 | postive loss : 0.76, negtive loss : 6.86, worst lambd: 9.54, worst gap: 0.07:  16%|█▌        | 243/1500 [04:33<23:34,  1.13s/it]
Epoch 269 | postive loss : 0.69, negtive loss : 7.27, worst lambd: 9.31, worst gap: 0.05:  18%|█▊        | 270/1500 [05:04<23:02,  1.12s/it]
Epoch 296 | postive loss : 0.65, negtive loss : 7.62, worst lambd: 8.57, worst gap: 0.04:  20%|█▉        | 297/1500 [05:34<22:31,  1.12s/it]
Epoch 323 | postive loss : 0.55, negtive loss : 8.66, worst lambd: 7.97, worst gap: 0.04:  22%|██▏       | 324/1500 [06:04<22:02,  1.12s/it]
Epoch 350 | postive loss : 0.53, negtive loss : 8.98, worst lambd: 6.99, worst gap: 0.05:  23%|██▎       | 351/1500 [06:35<21:31,  1.12s/it]
Epoch 377 | postive loss : 0.52, negtive loss : 9.32, worst lambd: 5.98, worst gap: 0.06:  25%|██▌       | 378/1500 [07:05<21:01,  1.12s/it]
Epoch 404 | postive loss : 0.51, negtive loss : 9.53, worst lambd: 5.27, worst gap: 0.05:  27%|██▋       | 405/1500 [07:36<20:32,  1.13s/it]
Epoch 431 | postive loss : 0.49, negtive loss : 9.76, worst lambd: 4.27, worst gap: 0.08:  29%|██▉       | 432/1500 [08:06<20:04,  1.13s/it]
Epoch 458 | postive loss : 0.48, negtive loss : 9.98, worst lambd: 3.95, worst gap: 0.09:  31%|███       | 459/1500 [08:37<19:35,  1.13s/it]
Epoch 485 | postive loss : 0.47, negtive loss : 10.19, worst lambd: 3.63, worst gap: 0.07:  32%|███▏      | 486/1500 [09:07<19:06,  1.13s/it]
Epoch 512 | postive loss : 0.47, negtive loss : 10.33, worst lambd: 3.14, worst gap: 0.03:  34%|███▍      | 513/1500 [09:38<18:37,  1.13s/it]
Epoch 539 | postive loss : 0.46, negtive loss : 10.51, worst lambd: 3.21, worst gap: 0.08:  36%|███▌      | 540/1500 [10:09<18:07,  1.13s/it]
Epoch 566 | postive loss : 0.45, negtive loss : 10.69, worst lambd: 3.33, worst gap: 0.05:  38%|███▊      | 567/1500 [10:39<17:36,  1.13s/it]
Epoch 593 | postive loss : 0.45, negtive loss : 10.83, worst lambd: 3.40, worst gap: 0.06:  40%|███▉      | 594/1500 [11:10<17:05,  1.13s/it]
Epoch 620 | postive loss : 0.44, negtive loss : 11.57, worst lambd: 3.21, worst gap: 0.06:  41%|████▏     | 621/1500 [11:40<16:33,  1.13s/it]
Epoch 647 | postive loss : 0.44, negtive loss : 11.97, worst lambd: 3.17, worst gap: 0.06:  43%|████▎     | 648/1500 [12:10<16:00,  1.13s/it]
Epoch 674 | postive loss : 0.44, negtive loss : 12.18, worst lambd: 3.13, worst gap: 0.05:  45%|████▌     | 675/1500 [12:41<15:29,  1.13s/it]
Epoch 701 | postive loss : 0.44, negtive loss : 12.38, worst lambd: 3.04, worst gap: 0.07:  47%|████▋     | 702/1500 [13:11<14:56,  1.12s/it]
Epoch 728 | postive loss : 0.44, negtive loss : 12.53, worst lambd: 3.00, worst gap: 0.06:  49%|████▊     | 729/1500 [13:41<14:24,  1.12s/it]
Epoch 755 | postive loss : 0.44, negtive loss : 12.64, worst lambd: 2.91, worst gap: 0.06:  50%|█████     | 756/1500 [14:11<13:52,  1.12s/it]
Epoch 782 | postive loss : 0.43, negtive loss : 12.75, worst lambd: 3.00, worst gap: 0.05:  52%|█████▏    | 783/1500 [14:41<13:21,  1.12s/it]
Epoch 809 | postive loss : 0.43, negtive loss : 12.85, worst lambd: 2.83, worst gap: 0.06:  54%|█████▍    | 810/1500 [15:11<12:52,  1.12s/it]
Epoch 836 | postive loss : 0.43, negtive loss : 12.95, worst lambd: 2.85, worst gap: 0.11:  56%|█████▌    | 837/1500 [15:42<12:24,  1.12s/it]
Epoch 863 | postive loss : 0.43, negtive loss : 13.06, worst lambd: 2.59, worst gap: 0.03:  58%|█████▊    | 864/1500 [16:13<11:56,  1.13s/it]
Epoch 890 | postive loss : 0.43, negtive loss : 13.14, worst lambd: 2.55, worst gap: 0.12:  59%|█████▉    | 891/1500 [16:43<11:27,  1.13s/it]
Epoch 917 | postive loss : 0.44, negtive loss : 13.45, worst lambd: 2.41, worst gap: 0.13:  61%|██████    | 918/1500 [17:14<10:58,  1.13s/it]
Epoch 944 | postive loss : 0.44, negtive loss : 13.64, worst lambd: 2.32, worst gap: 0.07:  63%|██████▎   | 945/1500 [17:45<10:27,  1.13s/it]
Epoch 971 | postive loss : 0.45, negtive loss : 13.82, worst lambd: 2.31, worst gap: 0.11:  65%|██████▍   | 972/1500 [18:15<09:57,  1.13s/it]
Epoch 998 | postive loss : 0.45, negtive loss : 13.94, worst lambd: 2.23, worst gap: 0.12:  67%|██████▋   | 999/1500 [18:46<09:26,  1.13s/it]
Epoch 1025 | postive loss : 0.45, negtive loss : 14.05, worst lambd: 2.13, worst gap: 0.10:  68%|██████▊   | 1026/1500 [19:16<08:55,  1.13s/it]
Epoch 1052 | postive loss : 0.45, negtive loss : 14.14, worst lambd: 2.08, worst gap: 0.06:  70%|███████   | 1053/1500 [19:46<08:24,  1.13s/it]
Epoch 1079 | postive loss : 0.45, negtive loss : 14.22, worst lambd: 2.06, worst gap: 0.06:  72%|███████▏  | 1080/1500 [20:17<07:54,  1.13s/it]
Epoch 1106 | postive loss : 0.45, negtive loss : 14.31, worst lambd: 1.90, worst gap: 0.05:  74%|███████▍  | 1107/1500 [20:47<07:23,  1.13s/it]
Epoch 1133 | postive loss : 0.45, negtive loss : 14.35, worst lambd: 1.91, worst gap: 0.11:  76%|███████▌  | 1134/1500 [21:18<06:52,  1.13s/it]
Epoch 1160 | postive loss : 0.45, negtive loss : 14.42, worst lambd: 1.75, worst gap: 0.10:  77%|███████▋  | 1161/1500 [21:48<06:21,  1.12s/it]
Epoch 1187 | postive loss : 0.45, negtive loss : 14.49, worst lambd: 1.76, worst gap: 0.09:  79%|███████▉  | 1188/1500 [22:18<05:50,  1.12s/it]
Epoch 1214 | postive loss : 0.46, negtive loss : 14.66, worst lambd: 1.71, worst gap: 0.11:  81%|████████  | 1215/1500 [22:48<05:20,  1.12s/it]
Epoch 1241 | postive loss : 0.46, negtive loss : 14.77, worst lambd: 1.67, worst gap: 0.08:  83%|████████▎ | 1242/1500 [23:19<04:49,  1.12s/it]
Epoch 1268 | postive loss : 0.46, negtive loss : 14.86, worst lambd: 1.65, worst gap: 0.11:  85%|████████▍ | 1269/1500 [23:49<04:19,  1.12s/it]
Epoch 1295 | postive loss : 0.46, negtive loss : 14.90, worst lambd: 1.61, worst gap: 0.11:  86%|████████▋ | 1296/1500 [24:19<03:49,  1.12s/it]
Epoch 1322 | postive loss : 0.46, negtive loss : 15.01, worst lambd: 1.53, worst gap: 0.12:  88%|████████▊ | 1323/1500 [24:50<03:18,  1.12s/it]
Epoch 1349 | postive loss : 0.47, negtive loss : 15.03, worst lambd: 1.52, worst gap: 0.09:  90%|█████████ | 1350/1500 [25:20<02:48,  1.12s/it]
Epoch 1376 | postive loss : 0.46, negtive loss : 15.11, worst lambd: 1.49, worst gap: 0.10:  92%|█████████▏| 1377/1500 [25:50<02:18,  1.12s/it]
Epoch 1403 | postive loss : 0.47, negtive loss : 15.13, worst lambd: 1.46, worst gap: 0.08:  94%|█████████▎| 1404/1500 [26:21<01:48,  1.13s/it]
Epoch 1430 | postive loss : 0.47, negtive loss : 15.21, worst lambd: 1.43, worst gap: 0.12:  95%|█████████▌| 1431/1500 [26:52<01:18,  1.13s/it]
Epoch 1457 | postive loss : 0.47, negtive loss : 15.24, worst lambd: 1.42, worst gap: 0.12:  97%|█████████▋| 1458/1500 [27:22<00:47,  1.13s/it]
Epoch 1484 | postive loss : 0.47, negtive loss : 15.26, worst lambd: 1.41, worst gap: 0.14:  99%|█████████▉| 1485/1500 [27:53<00:16,  1.13s/it]
Epoch 1499 | postive loss : 0.47, negtive loss : 15.28, worst lambd: 1.39, worst gap: 0.11: 100%|██████████| 1500/1500 [28:09<00:00,  1.13s/it]
Info : finish model training
Info : save model sucessfully
Info : save sucessfully

2023-03-18 09:17:08
alpha: 0.1    batchsize: 16    dim: 128    epoch: 2000    gapMax_defi: -2    gapMax_prim: -0.5    lambdaMax: 0.5    learningrate: 0.004    lrdecay: 0.5    lrdecayEpoch: 300    modelname: SN2E    momentum: 0    negtsamplenum: 128    optimizer: Adam    vmax: 10000    vmin: 0.0001    weightdecay: 0    
INFO -- prepare : Init model SN2E
INFO -- prepare : set model cuda: 0
INFO -- prepare : Model initialization complete
INFO -- prepare : Init optimizer
INFO -- prepare : Finish preparing Optimizer...
Info -- : start model training

  0%|          | 0/2000 [00:00<?, ?it/s]
Epoch 7 | postive loss : 21.54, negtive loss : 10.47, worst lambd: 132.76, worst gap: 0.82:   0%|          | 0/2000 [00:10<?, ?it/s]
Epoch 26 | postive loss : 3.38, negtive loss : 2.43, worst lambd: 12.65, worst gap: 0.14:   1%|▏         | 27/2000 [00:30<37:41,  1.15s/it]
Epoch 53 | postive loss : 2.62, negtive loss : 2.84, worst lambd: 8.04, worst gap: 0.08:   3%|▎         | 54/2000 [01:01<36:51,  1.14s/it] 
Epoch 80 | postive loss : 2.21, negtive loss : 3.23, worst lambd: 8.09, worst gap: 0.08:   4%|▍         | 81/2000 [01:32<36:18,  1.14s/it]
Epoch 107 | postive loss : 1.85, negtive loss : 3.68, worst lambd: 8.04, worst gap: 0.14:   5%|▌         | 108/2000 [02:03<35:56,  1.14s/it]
Epoch 134 | postive loss : 1.54, negtive loss : 4.26, worst lambd: 8.19, worst gap: 0.09:   7%|▋         | 135/2000 [02:34<35:34,  1.14s/it]
Epoch 161 | postive loss : 1.28, negtive loss : 5.06, worst lambd: 8.13, worst gap: 0.07:   8%|▊         | 162/2000 [03:04<34:58,  1.14s/it]
Epoch 188 | postive loss : 1.06, negtive loss : 5.92, worst lambd: 8.71, worst gap: 0.07:   9%|▉         | 189/2000 [03:35<34:17,  1.14s/it]
Epoch 215 | postive loss : 0.88, negtive loss : 6.63, worst lambd: 8.75, worst gap: 0.06:  11%|█         | 216/2000 [04:05<33:43,  1.13s/it]
Epoch 242 | postive loss : 0.78, negtive loss : 7.02, worst lambd: 7.83, worst gap: 0.06:  12%|█▏        | 243/2000 [04:36<33:10,  1.13s/it]
Epoch 269 | postive loss : 0.72, negtive loss : 7.32, worst lambd: 8.36, worst gap: 0.06:  14%|█▎        | 270/2000 [05:06<32:39,  1.13s/it]
Epoch 296 | postive loss : 0.66, negtive loss : 7.60, worst lambd: 5.72, worst gap: 0.06:  15%|█▍        | 297/2000 [05:37<32:08,  1.13s/it]
Epoch 323 | postive loss : 0.55, negtive loss : 8.69, worst lambd: 5.42, worst gap: 0.06:  16%|█▌        | 324/2000 [06:07<31:38,  1.13s/it]
Epoch 350 | postive loss : 0.53, negtive loss : 9.06, worst lambd: 4.82, worst gap: 0.06:  18%|█▊        | 351/2000 [06:38<31:08,  1.13s/it]
Epoch 377 | postive loss : 0.52, negtive loss : 9.41, worst lambd: 4.70, worst gap: 0.05:  19%|█▉        | 378/2000 [07:08<30:35,  1.13s/it]
Epoch 404 | postive loss : 0.51, negtive loss : 9.64, worst lambd: 4.44, worst gap: 0.03:  20%|██        | 405/2000 [07:39<30:02,  1.13s/it]
Epoch 431 | postive loss : 0.50, negtive loss : 9.86, worst lambd: 4.19, worst gap: 0.02:  22%|██▏       | 432/2000 [08:09<29:31,  1.13s/it]
Epoch 458 | postive loss : 0.49, negtive loss : 10.11, worst lambd: 4.53, worst gap: 0.04:  23%|██▎       | 459/2000 [08:40<28:58,  1.13s/it]
Epoch 485 | postive loss : 0.47, negtive loss : 10.32, worst lambd: 4.16, worst gap: 0.06:  24%|██▍       | 486/2000 [09:10<28:28,  1.13s/it]
Epoch 512 | postive loss : 0.47, negtive loss : 10.44, worst lambd: 4.35, worst gap: 0.07:  26%|██▌       | 513/2000 [09:41<27:56,  1.13s/it]
Epoch 539 | postive loss : 0.46, negtive loss : 10.58, worst lambd: 3.61, worst gap: 0.05:  27%|██▋       | 540/2000 [10:11<27:23,  1.13s/it]
Epoch 566 | postive loss : 0.45, negtive loss : 10.78, worst lambd: 3.78, worst gap: 0.07:  28%|██▊       | 567/2000 [10:41<26:52,  1.13s/it]
Epoch 593 | postive loss : 0.46, negtive loss : 10.89, worst lambd: 3.00, worst gap: 0.04:  30%|██▉       | 594/2000 [11:12<26:22,  1.13s/it]
Epoch 620 | postive loss : 0.44, negtive loss : 11.57, worst lambd: 2.67, worst gap: 0.14:  31%|███       | 621/2000 [11:42<25:51,  1.12s/it]
Epoch 647 | postive loss : 0.44, negtive loss : 11.95, worst lambd: 2.62, worst gap: 0.03:  32%|███▏      | 648/2000 [12:12<25:21,  1.13s/it]
Epoch 674 | postive loss : 0.44, negtive loss : 12.21, worst lambd: 2.59, worst gap: 0.04:  34%|███▍      | 675/2000 [12:43<24:52,  1.13s/it]
Epoch 701 | postive loss : 0.43, negtive loss : 12.40, worst lambd: 2.61, worst gap: 0.07:  35%|███▌      | 702/2000 [13:13<24:23,  1.13s/it]
Epoch 728 | postive loss : 0.43, negtive loss : 12.56, worst lambd: 2.57, worst gap: 0.03:  36%|███▋      | 729/2000 [13:44<23:53,  1.13s/it]
Epoch 755 | postive loss : 0.43, negtive loss : 12.70, worst lambd: 2.44, worst gap: 0.07:  38%|███▊      | 756/2000 [14:14<23:24,  1.13s/it]
Epoch 782 | postive loss : 0.43, negtive loss : 12.79, worst lambd: 2.48, worst gap: 0.13:  39%|███▉      | 783/2000 [14:45<22:52,  1.13s/it]
Epoch 809 | postive loss : 0.43, negtive loss : 12.92, worst lambd: 2.35, worst gap: 0.07:  40%|████      | 810/2000 [15:15<22:21,  1.13s/it]
Epoch 836 | postive loss : 0.43, negtive loss : 13.04, worst lambd: 2.05, worst gap: 0.07:  42%|████▏     | 837/2000 [15:46<21:52,  1.13s/it]
Epoch 863 | postive loss : 0.42, negtive loss : 13.16, worst lambd: 1.88, worst gap: 0.06:  43%|████▎     | 864/2000 [16:16<21:22,  1.13s/it]
Epoch 890 | postive loss : 0.42, negtive loss : 13.27, worst lambd: 1.71, worst gap: 0.08:  45%|████▍     | 891/2000 [16:47<20:51,  1.13s/it]
Epoch 917 | postive loss : 0.43, negtive loss : 13.60, worst lambd: 1.66, worst gap: 0.13:  46%|████▌     | 918/2000 [17:17<20:19,  1.13s/it]
Epoch 944 | postive loss : 0.43, negtive loss : 13.85, worst lambd: 1.60, worst gap: 0.10:  47%|████▋     | 945/2000 [17:47<19:47,  1.13s/it]
Epoch 971 | postive loss : 0.43, negtive loss : 14.01, worst lambd: 1.56, worst gap: 0.08:  49%|████▊     | 972/2000 [18:18<19:16,  1.12s/it]
Epoch 998 | postive loss : 0.44, negtive loss : 14.14, worst lambd: 1.50, worst gap: 0.10:  50%|████▉     | 999/2000 [18:48<18:45,  1.12s/it]
Epoch 1025 | postive loss : 0.44, negtive loss : 14.28, worst lambd: 1.51, worst gap: 0.08:  51%|█████▏    | 1026/2000 [19:18<18:15,  1.12s/it]
Epoch 1052 | postive loss : 0.44, negtive loss : 14.36, worst lambd: 1.46, worst gap: 0.05:  53%|█████▎    | 1053/2000 [19:49<17:47,  1.13s/it]
Epoch 1079 | postive loss : 0.44, negtive loss : 14.46, worst lambd: 1.44, worst gap: 0.06:  54%|█████▍    | 1080/2000 [20:20<17:18,  1.13s/it]
Epoch 1106 | postive loss : 0.44, negtive loss : 14.56, worst lambd: 1.41, worst gap: 0.04:  55%|█████▌    | 1107/2000 [20:50<16:49,  1.13s/it]
Epoch 1133 | postive loss : 0.43, negtive loss : 14.65, worst lambd: 1.38, worst gap: 0.16:  57%|█████▋    | 1134/2000 [21:21<16:19,  1.13s/it]
Epoch 1160 | postive loss : 0.44, negtive loss : 14.69, worst lambd: 1.33, worst gap: 0.04:  58%|█████▊    | 1161/2000 [21:51<15:49,  1.13s/it]
Epoch 1187 | postive loss : 0.44, negtive loss : 14.78, worst lambd: 1.32, worst gap: 0.10:  59%|█████▉    | 1188/2000 [22:22<15:19,  1.13s/it]
Epoch 1214 | postive loss : 0.45, negtive loss : 14.96, worst lambd: 1.29, worst gap: 0.11:  61%|██████    | 1215/2000 [22:53<14:49,  1.13s/it]
Epoch 1241 | postive loss : 0.45, negtive loss : 15.05, worst lambd: 1.24, worst gap: 0.12:  62%|██████▏   | 1242/2000 [23:23<14:19,  1.13s/it]
Epoch 1268 | postive loss : 0.46, negtive loss : 15.17, worst lambd: 1.21, worst gap: 0.04:  63%|██████▎   | 1269/2000 [23:54<13:48,  1.13s/it]
Epoch 1295 | postive loss : 0.46, negtive loss : 15.22, worst lambd: 1.17, worst gap: 0.15:  65%|██████▍   | 1296/2000 [24:25<13:18,  1.13s/it]
Epoch 1322 | postive loss : 0.46, negtive loss : 15.31, worst lambd: 1.18, worst gap: 0.09:  66%|██████▌   | 1323/2000 [24:55<12:47,  1.13s/it]
Epoch 1349 | postive loss : 0.46, negtive loss : 15.34, worst lambd: 1.14, worst gap: 0.11:  68%|██████▊   | 1350/2000 [25:26<12:17,  1.13s/it]
Epoch 1376 | postive loss : 0.46, negtive loss : 15.42, worst lambd: 1.13, worst gap: 0.13:  69%|██████▉   | 1377/2000 [25:56<11:46,  1.13s/it]
Epoch 1403 | postive loss : 0.46, negtive loss : 15.49, worst lambd: 1.10, worst gap: 0.15:  70%|███████   | 1404/2000 [26:27<11:15,  1.13s/it]
Epoch 1430 | postive loss : 0.46, negtive loss : 15.52, worst lambd: 1.10, worst gap: 0.13:  72%|███████▏  | 1431/2000 [26:57<10:44,  1.13s/it]
Epoch 1457 | postive loss : 0.46, negtive loss : 15.57, worst lambd: 1.08, worst gap: 0.06:  73%|███████▎  | 1458/2000 [27:28<10:13,  1.13s/it]
Epoch 1484 | postive loss : 0.46, negtive loss : 15.61, worst lambd: 1.09, worst gap: 0.11:  74%|███████▍  | 1485/2000 [27:59<09:42,  1.13s/it]
Epoch 1511 | postive loss : 0.47, negtive loss : 15.71, worst lambd: 1.05, worst gap: 0.08:  76%|███████▌  | 1512/2000 [28:29<09:11,  1.13s/it]
Epoch 1538 | postive loss : 0.47, negtive loss : 15.75, worst lambd: 1.04, worst gap: 0.15:  77%|███████▋  | 1539/2000 [29:00<08:41,  1.13s/it]
Epoch 1565 | postive loss : 0.47, negtive loss : 15.82, worst lambd: 1.02, worst gap: 0.16:  78%|███████▊  | 1566/2000 [29:30<08:11,  1.13s/it]
Epoch 1592 | postive loss : 0.47, negtive loss : 15.85, worst lambd: 1.02, worst gap: 0.13:  80%|███████▉  | 1593/2000 [30:00<07:39,  1.13s/it]
Epoch 1619 | postive loss : 0.47, negtive loss : 15.91, worst lambd: 1.00, worst gap: 0.15:  81%|████████  | 1620/2000 [30:31<07:07,  1.13s/it]
Epoch 1646 | postive loss : 0.48, negtive loss : 15.95, worst lambd: 1.00, worst gap: 0.17:  82%|████████▏ | 1647/2000 [31:01<06:36,  1.12s/it]
Epoch 1673 | postive loss : 0.48, negtive loss : 15.97, worst lambd: 1.00, worst gap: 0.17:  84%|████████▎ | 1674/2000 [31:31<06:06,  1.12s/it]
Epoch 1700 | postive loss : 0.48, negtive loss : 15.99, worst lambd: 0.99, worst gap: 0.16:  85%|████████▌ | 1701/2000 [32:02<05:36,  1.13s/it]
Epoch 1727 | postive loss : 0.48, negtive loss : 16.04, worst lambd: 0.98, worst gap: 0.09:  86%|████████▋ | 1728/2000 [32:32<05:05,  1.12s/it]
Epoch 1754 | postive loss : 0.48, negtive loss : 16.06, worst lambd: 0.99, worst gap: 0.07:  88%|████████▊ | 1755/2000 [33:02<04:35,  1.12s/it]
Epoch 1781 | postive loss : 0.48, negtive loss : 16.12, worst lambd: 0.98, worst gap: 0.15:  89%|████████▉ | 1782/2000 [33:33<04:05,  1.13s/it]
Epoch 1808 | postive loss : 0.48, negtive loss : 16.14, worst lambd: 0.97, worst gap: 0.12:  90%|█████████ | 1809/2000 [34:03<03:35,  1.13s/it]
Epoch 1835 | postive loss : 0.48, negtive loss : 16.19, worst lambd: 0.96, worst gap: 0.08:  92%|█████████▏| 1836/2000 [34:34<03:04,  1.13s/it]
Epoch 1862 | postive loss : 0.48, negtive loss : 16.22, worst lambd: 0.95, worst gap: 0.13:  93%|█████████▎| 1863/2000 [35:04<02:34,  1.13s/it]
Epoch 1889 | postive loss : 0.48, negtive loss : 16.23, worst lambd: 0.95, worst gap: 0.10:  94%|█████████▍| 1890/2000 [35:34<02:03,  1.13s/it]
Epoch 1916 | postive loss : 0.49, negtive loss : 16.28, worst lambd: 0.95, worst gap: 0.18:  96%|█████████▌| 1917/2000 [36:05<01:33,  1.13s/it]
Epoch 1943 | postive loss : 0.49, negtive loss : 16.27, worst lambd: 0.94, worst gap: 0.06:  97%|█████████▋| 1944/2000 [36:35<01:03,  1.13s/it]
Epoch 1970 | postive loss : 0.49, negtive loss : 16.30, worst lambd: 0.94, worst gap: 0.17:  99%|█████████▊| 1971/2000 [37:06<00:32,  1.13s/it]
Epoch 1997 | postive loss : 0.49, negtive loss : 16.32, worst lambd: 0.93, worst gap: 0.14: 100%|█████████▉| 1998/2000 [37:37<00:02,  1.13s/it]
Epoch 1999 | postive loss : 0.49, negtive loss : 16.31, worst lambd: 0.94, worst gap: 0.15: 100%|██████████| 2000/2000 [37:39<00:00,  1.13s/it]
Info : finish model training
Info : save model sucessfully
Info : save sucessfully
