2023-03-13 23:55:41
alpha: 0.5    batchsize: 64    dim: 128    epoch: 500    gapMax_defi: -1    gapMax_prim: -0.5    lambdaMax: 2    learningrate: 0.002    lrdecay: 1    lrdecayEpoch: 250    modelname: SN2E    momentum: 0    negtsamplenum: 100    optimizer: Adam    vmax: 100    vmin: 0.01    weightdecay: 0    
INFO -- prepare : Init model SN2E
INFO -- prepare : set model cuda: 1
INFO -- prepare : Model initialization complete
INFO -- prepare : Init optimizer
INFO -- prepare : Finish preparing Optimizer...
Info -- : start model training

  0%|          | 0/500 [00:00<?, ?it/s]
Epoch 2 | postive loss : 34201.78, negtive prim loss : 2055.40, negtive defi loss : 2468.94, worst lambd: 61113.91, worst prim gap: 501.55, worst defi gap: 754.14:   0%|          | 0/500 [00:10<?, ?it/s]
Epoch 3 | postive loss : 28776.34, negtive prim loss : 1988.10, negtive defi loss : 2385.79, worst lambd: 54825.37, worst prim gap: 415.11, worst defi gap: 597.40:   1%|          | 4/500 [00:10<21:40,  2.62s/it]
Epoch 5 | postive loss : 21248.80, negtive prim loss : 1861.65, negtive defi loss : 2229.65, worst lambd: 40753.86, worst prim gap: 257.27, worst defi gap: 267.76:   1%|          | 6/500 [00:15<21:17,  2.59s/it]
Epoch 7 | postive loss : 16473.37, negtive prim loss : 1745.14, negtive defi loss : 2091.72, worst lambd: 33962.41, worst prim gap: 111.98, worst defi gap: 175.94:   2%|▏         | 8/500 [00:20<21:04,  2.57s/it]
Epoch 9 | postive loss : 13294.03, negtive prim loss : 1639.16, negtive defi loss : 1965.05, worst lambd: 29344.38, worst prim gap: 65.86, worst defi gap: 88.04:   2%|▏         | 10/500 [00:25<20:52,  2.56s/it] 
Epoch 11 | postive loss : 11086.02, negtive prim loss : 1538.78, negtive defi loss : 1848.50, worst lambd: 26239.46, worst prim gap: 26.85, worst defi gap: 43.76:   2%|▏         | 12/500 [00:30<20:44,  2.55s/it]
Epoch 13 | postive loss : 9484.94, negtive prim loss : 1446.62, negtive defi loss : 1743.01, worst lambd: 23663.03, worst prim gap: 13.65, worst defi gap: 33.52:   3%|▎         | 14/500 [00:35<20:36,  2.54s/it] 
Epoch 15 | postive loss : 8277.47, negtive prim loss : 1360.50, negtive defi loss : 1644.29, worst lambd: 21238.00, worst prim gap: 7.08, worst defi gap: 15.29:   3%|▎         | 16/500 [00:40<20:27,  2.54s/it] 
Epoch 17 | postive loss : 7330.18, negtive prim loss : 1280.37, negtive defi loss : 1550.45, worst lambd: 19507.03, worst prim gap: 2.40, worst defi gap: 5.35:   4%|▎         | 18/500 [00:45<20:20,  2.53s/it] 
Epoch 19 | postive loss : 6560.20, negtive prim loss : 1205.28, negtive defi loss : 1466.61, worst lambd: 18014.67, worst prim gap: 1.51, worst defi gap: 4.34:   4%|▍         | 20/500 [00:50<20:14,  2.53s/it]
Epoch 21 | postive loss : 5915.21, negtive prim loss : 1134.32, negtive defi loss : 1385.27, worst lambd: 16463.25, worst prim gap: 0.97, worst defi gap: 1.65:   4%|▍         | 22/500 [00:56<20:08,  2.53s/it]
Epoch 23 | postive loss : 5361.53, negtive prim loss : 1068.82, negtive defi loss : 1309.44, worst lambd: 14887.49, worst prim gap: 0.61, worst defi gap: 0.74:   5%|▍         | 24/500 [01:01<20:02,  2.53s/it]
Epoch 25 | postive loss : 4876.22, negtive prim loss : 1006.78, negtive defi loss : 1238.94, worst lambd: 13848.21, worst prim gap: 0.51, worst defi gap: 0.65:   5%|▌         | 26/500 [01:06<19:56,  2.52s/it]
Epoch 27 | postive loss : 4446.57, negtive prim loss : 948.47, negtive defi loss : 1171.96, worst lambd: 12535.99, worst prim gap: 0.55, worst defi gap: 0.35:   6%|▌         | 28/500 [01:11<19:51,  2.52s/it] 
Epoch 29 | postive loss : 4061.52, negtive prim loss : 893.88, negtive defi loss : 1109.09, worst lambd: 11410.34, worst prim gap: 0.33, worst defi gap: 0.45:   6%|▌         | 30/500 [01:16<19:45,  2.52s/it]
Epoch 31 | postive loss : 3713.31, negtive prim loss : 842.49, negtive defi loss : 1050.31, worst lambd: 10468.53, worst prim gap: 0.31, worst defi gap: 0.33:   6%|▋         | 32/500 [01:21<19:41,  2.52s/it]
Epoch 33 | postive loss : 3396.02, negtive prim loss : 794.48, negtive defi loss : 995.49, worst lambd: 9699.04, worst prim gap: 0.28, worst defi gap: 0.40:   7%|▋         | 34/500 [01:26<19:35,  2.52s/it]  
Epoch 35 | postive loss : 3106.00, negtive prim loss : 748.98, negtive defi loss : 944.01, worst lambd: 8902.46, worst prim gap: 0.21, worst defi gap: 0.36:   7%|▋         | 36/500 [01:31<19:30,  2.52s/it]
Epoch 37 | postive loss : 2839.69, negtive prim loss : 707.12, negtive defi loss : 896.93, worst lambd: 8039.66, worst prim gap: 0.17, worst defi gap: 0.27:   8%|▊         | 38/500 [01:36<19:25,  2.52s/it]
Epoch 39 | postive loss : 2594.10, negtive prim loss : 667.88, negtive defi loss : 851.94, worst lambd: 7462.96, worst prim gap: 0.11, worst defi gap: 0.11:   8%|▊         | 40/500 [01:41<19:20,  2.52s/it]
Epoch 41 | postive loss : 2368.65, negtive prim loss : 630.98, negtive defi loss : 811.96, worst lambd: 6729.74, worst prim gap: 0.06, worst defi gap: 0.09:   8%|▊         | 42/500 [01:46<19:15,  2.52s/it]
Epoch 43 | postive loss : 2166.03, negtive prim loss : 596.48, negtive defi loss : 774.24, worst lambd: 6164.13, worst prim gap: 0.06, worst defi gap: 0.13:   9%|▉         | 44/500 [01:51<19:10,  2.52s/it]
Epoch 45 | postive loss : 1983.02, negtive prim loss : 563.99, negtive defi loss : 740.18, worst lambd: 5744.26, worst prim gap: 0.05, worst defi gap: 0.05:   9%|▉         | 46/500 [01:56<19:05,  2.52s/it]
Epoch 47 | postive loss : 1817.99, negtive prim loss : 533.45, negtive defi loss : 706.30, worst lambd: 5249.05, worst prim gap: 0.03, worst defi gap: 0.03:  10%|▉         | 48/500 [02:01<19:00,  2.52s/it]
Epoch 49 | postive loss : 1668.71, negtive prim loss : 504.89, negtive defi loss : 674.21, worst lambd: 4900.17, worst prim gap: 0.02, worst defi gap: 0.03:  10%|█         | 50/500 [02:06<18:55,  2.52s/it]
Epoch 51 | postive loss : 1533.16, negtive prim loss : 478.29, negtive defi loss : 646.45, worst lambd: 4498.33, worst prim gap: 0.02, worst defi gap: 0.03:  10%|█         | 52/500 [02:11<18:50,  2.52s/it]
Epoch 53 | postive loss : 1409.53, negtive prim loss : 452.48, negtive defi loss : 618.80, worst lambd: 4163.41, worst prim gap: 0.01, worst defi gap: 0.02:  11%|█         | 54/500 [02:16<18:45,  2.52s/it]
Epoch 55 | postive loss : 1296.49, negtive prim loss : 428.48, negtive defi loss : 591.56, worst lambd: 3873.33, worst prim gap: 0.01, worst defi gap: 0.02:  11%|█         | 56/500 [02:21<18:40,  2.52s/it]
Epoch 57 | postive loss : 1192.62, negtive prim loss : 406.20, negtive defi loss : 566.91, worst lambd: 3594.67, worst prim gap: 0.01, worst defi gap: 0.03:  12%|█▏        | 58/500 [02:26<18:35,  2.52s/it]
Epoch 59 | postive loss : 1096.91, negtive prim loss : 384.75, negtive defi loss : 543.28, worst lambd: 3338.44, worst prim gap: 0.01, worst defi gap: 0.04:  12%|█▏        | 60/500 [02:31<18:32,  2.53s/it]
Epoch 61 | postive loss : 1008.70, negtive prim loss : 364.97, negtive defi loss : 520.18, worst lambd: 3103.85, worst prim gap: 0.02, worst defi gap: 0.01:  12%|█▏        | 62/500 [02:36<18:27,  2.53s/it]
Epoch 63 | postive loss : 927.19, negtive prim loss : 345.72, negtive defi loss : 498.79, worst lambd: 2894.29, worst prim gap: 0.02, worst defi gap: 0.04:  13%|█▎        | 64/500 [02:42<18:21,  2.53s/it] 
Epoch 65 | postive loss : 851.83, negtive prim loss : 327.96, negtive defi loss : 477.25, worst lambd: 2677.87, worst prim gap: 0.01, worst defi gap: 0.01:  13%|█▎        | 66/500 [02:47<18:16,  2.53s/it]
Epoch 67 | postive loss : 782.39, negtive prim loss : 310.76, negtive defi loss : 458.49, worst lambd: 2468.65, worst prim gap: 0.02, worst defi gap: 0.01:  14%|█▎        | 68/500 [02:52<18:10,  2.53s/it]
Epoch 69 | postive loss : 718.13, negtive prim loss : 294.70, negtive defi loss : 439.78, worst lambd: 2276.37, worst prim gap: 0.00, worst defi gap: 0.01:  14%|█▍        | 70/500 [02:57<18:05,  2.52s/it]
Epoch 71 | postive loss : 658.58, negtive prim loss : 279.55, negtive defi loss : 421.22, worst lambd: 2083.35, worst prim gap: 0.02, worst defi gap: 0.01:  14%|█▍        | 72/500 [03:02<18:01,  2.53s/it]
Epoch 73 | postive loss : 603.68, negtive prim loss : 265.40, negtive defi loss : 404.93, worst lambd: 1913.43, worst prim gap: 0.02, worst defi gap: 0.02:  15%|█▍        | 74/500 [03:07<17:56,  2.53s/it]
Epoch 75 | postive loss : 553.39, negtive prim loss : 251.47, negtive defi loss : 387.19, worst lambd: 1763.69, worst prim gap: 0.00, worst defi gap: 0.01:  15%|█▌        | 76/500 [03:12<17:53,  2.53s/it]
Epoch 77 | postive loss : 506.33, negtive prim loss : 238.67, negtive defi loss : 372.13, worst lambd: 1622.28, worst prim gap: 0.02, worst defi gap: 0.02:  16%|█▌        | 78/500 [03:17<17:48,  2.53s/it]
Epoch 79 | postive loss : 463.00, negtive prim loss : 226.62, negtive defi loss : 356.58, worst lambd: 1482.09, worst prim gap: 0.02, worst defi gap: 0.04:  16%|█▌        | 80/500 [03:22<17:42,  2.53s/it]
Epoch 81 | postive loss : 423.30, negtive prim loss : 215.01, negtive defi loss : 341.80, worst lambd: 1351.31, worst prim gap: 0.00, worst defi gap: 0.00:  16%|█▋        | 82/500 [03:27<17:37,  2.53s/it]
Epoch 83 | postive loss : 386.51, negtive prim loss : 203.98, negtive defi loss : 327.41, worst lambd: 1231.96, worst prim gap: 0.01, worst defi gap: 0.03:  17%|█▋        | 84/500 [03:32<17:31,  2.53s/it]
Epoch 85 | postive loss : 352.73, negtive prim loss : 193.42, negtive defi loss : 314.44, worst lambd: 1128.01, worst prim gap: 0.01, worst defi gap: 0.02:  17%|█▋        | 86/500 [03:37<17:25,  2.53s/it]
Epoch 87 | postive loss : 321.64, negtive prim loss : 183.50, negtive defi loss : 300.84, worst lambd: 1035.60, worst prim gap: 0.02, worst defi gap: 0.01:  18%|█▊        | 88/500 [03:42<17:20,  2.53s/it]
Epoch 89 | postive loss : 293.05, negtive prim loss : 173.80, negtive defi loss : 287.74, worst lambd: 951.92, worst prim gap: 0.00, worst defi gap: 0.02:  18%|█▊        | 90/500 [03:47<17:14,  2.52s/it] 
Epoch 91 | postive loss : 266.67, negtive prim loss : 164.79, negtive defi loss : 276.03, worst lambd: 872.88, worst prim gap: 0.01, worst defi gap: 0.03:  18%|█▊        | 92/500 [03:52<17:09,  2.52s/it]
Epoch 93 | postive loss : 242.42, negtive prim loss : 156.01, negtive defi loss : 263.47, worst lambd: 798.11, worst prim gap: 0.01, worst defi gap: 0.03:  19%|█▉        | 94/500 [03:57<17:04,  2.52s/it]
Epoch 95 | postive loss : 220.27, negtive prim loss : 147.77, negtive defi loss : 251.91, worst lambd: 730.86, worst prim gap: 0.02, worst defi gap: 0.01:  19%|█▉        | 96/500 [04:02<17:00,  2.53s/it]
Epoch 97 | postive loss : 199.92, negtive prim loss : 139.79, negtive defi loss : 240.51, worst lambd: 673.16, worst prim gap: 0.01, worst defi gap: 0.02:  20%|█▉        | 98/500 [04:07<16:54,  2.52s/it]
Epoch 99 | postive loss : 181.32, negtive prim loss : 132.10, negtive defi loss : 228.67, worst lambd: 615.53, worst prim gap: 0.01, worst defi gap: 0.02:  20%|██        | 100/500 [04:12<16:49,  2.52s/it]
Epoch 101 | postive loss : 164.21, negtive prim loss : 124.74, negtive defi loss : 218.20, worst lambd: 562.27, worst prim gap: 0.01, worst defi gap: 0.02:  20%|██        | 102/500 [04:18<16:45,  2.53s/it]
Epoch 103 | postive loss : 148.54, negtive prim loss : 117.85, negtive defi loss : 207.77, worst lambd: 514.21, worst prim gap: 0.01, worst defi gap: 0.03:  21%|██        | 104/500 [04:23<16:40,  2.53s/it]
Epoch 105 | postive loss : 134.25, negtive prim loss : 111.16, negtive defi loss : 197.63, worst lambd: 465.73, worst prim gap: 0.01, worst defi gap: 0.03:  21%|██        | 106/500 [04:28<16:35,  2.53s/it]
Epoch 107 | postive loss : 121.30, negtive prim loss : 104.75, negtive defi loss : 187.45, worst lambd: 421.62, worst prim gap: 0.01, worst defi gap: 0.01:  22%|██▏       | 108/500 [04:33<16:30,  2.53s/it]
Epoch 109 | postive loss : 109.26, negtive prim loss : 98.59, negtive defi loss : 177.91, worst lambd: 386.24, worst prim gap: 0.01, worst defi gap: 0.03:  22%|██▏       | 110/500 [04:38<16:25,  2.53s/it] 
Epoch 111 | postive loss : 98.44, negtive prim loss : 92.72, negtive defi loss : 168.64, worst lambd: 348.80, worst prim gap: 0.02, worst defi gap: 0.03:  22%|██▏       | 112/500 [04:43<16:21,  2.53s/it] 
Epoch 113 | postive loss : 88.67, negtive prim loss : 87.02, negtive defi loss : 159.60, worst lambd: 315.39, worst prim gap: 0.01, worst defi gap: 0.05:  23%|██▎       | 114/500 [04:48<16:16,  2.53s/it]
Epoch 115 | postive loss : 79.83, negtive prim loss : 81.70, negtive defi loss : 150.79, worst lambd: 282.90, worst prim gap: 0.01, worst defi gap: 0.06:  23%|██▎       | 116/500 [04:53<16:11,  2.53s/it]
Epoch 117 | postive loss : 71.68, negtive prim loss : 76.67, negtive defi loss : 142.47, worst lambd: 255.34, worst prim gap: 0.01, worst defi gap: 0.02:  24%|██▎       | 118/500 [04:58<16:06,  2.53s/it]
Epoch 119 | postive loss : 64.56, negtive prim loss : 71.87, negtive defi loss : 134.11, worst lambd: 228.01, worst prim gap: 0.01, worst defi gap: 0.04:  24%|██▍       | 120/500 [05:03<16:00,  2.53s/it]
Epoch 121 | postive loss : 57.98, negtive prim loss : 67.30, negtive defi loss : 126.42, worst lambd: 205.69, worst prim gap: 0.00, worst defi gap: 0.03:  24%|██▍       | 122/500 [05:08<15:53,  2.52s/it]
Epoch 123 | postive loss : 52.06, negtive prim loss : 62.90, negtive defi loss : 118.85, worst lambd: 187.49, worst prim gap: 0.00, worst defi gap: 0.02:  25%|██▍       | 124/500 [05:13<15:47,  2.52s/it]
Epoch 125 | postive loss : 46.67, negtive prim loss : 58.74, negtive defi loss : 111.59, worst lambd: 165.17, worst prim gap: 0.00, worst defi gap: 0.03:  25%|██▌       | 126/500 [05:18<15:40,  2.52s/it]
Epoch 127 | postive loss : 41.94, negtive prim loss : 54.83, negtive defi loss : 104.62, worst lambd: 145.47, worst prim gap: 0.01, worst defi gap: 0.03:  26%|██▌       | 128/500 [05:23<15:35,  2.51s/it]
Epoch 129 | postive loss : 37.66, negtive prim loss : 51.09, negtive defi loss : 98.01, worst lambd: 129.05, worst prim gap: 0.00, worst defi gap: 0.03:  26%|██▌       | 130/500 [05:28<15:29,  2.51s/it] 
Epoch 131 | postive loss : 33.95, negtive prim loss : 47.55, negtive defi loss : 91.70, worst lambd: 115.89, worst prim gap: 0.01, worst defi gap: 0.01:  26%|██▋       | 132/500 [05:33<15:24,  2.51s/it]
Epoch 133 | postive loss : 30.70, negtive prim loss : 44.20, negtive defi loss : 85.52, worst lambd: 102.88, worst prim gap: 0.00, worst defi gap: 0.02:  27%|██▋       | 134/500 [05:38<15:19,  2.51s/it]
Epoch 135 | postive loss : 27.14, negtive prim loss : 40.92, negtive defi loss : 79.57, worst lambd: 88.00, worst prim gap: 0.01, worst defi gap: 0.01:  27%|██▋       | 136/500 [05:43<15:13,  2.51s/it] 
Epoch 137 | postive loss : 24.43, negtive prim loss : 38.01, negtive defi loss : 74.33, worst lambd: 79.60, worst prim gap: 0.01, worst defi gap: 0.05:  28%|██▊       | 138/500 [05:48<15:08,  2.51s/it]
Epoch 139 | postive loss : 21.91, negtive prim loss : 35.26, negtive defi loss : 69.22, worst lambd: 69.39, worst prim gap: 0.01, worst defi gap: 0.06:  28%|██▊       | 140/500 [05:53<15:03,  2.51s/it]
Epoch 141 | postive loss : 19.74, negtive prim loss : 32.64, negtive defi loss : 64.37, worst lambd: 60.47, worst prim gap: 0.00, worst defi gap: 0.06:  28%|██▊       | 142/500 [05:58<14:58,  2.51s/it]
Epoch 143 | postive loss : 17.72, negtive prim loss : 30.15, negtive defi loss : 59.77, worst lambd: 54.19, worst prim gap: 0.00, worst defi gap: 0.06:  29%|██▉       | 144/500 [06:03<14:53,  2.51s/it]
Epoch 145 | postive loss : 15.91, negtive prim loss : 27.85, negtive defi loss : 55.33, worst lambd: 48.88, worst prim gap: 0.01, worst defi gap: 0.05:  29%|██▉       | 146/500 [06:08<14:48,  2.51s/it]
Epoch 147 | postive loss : 14.65, negtive prim loss : 25.69, negtive defi loss : 51.24, worst lambd: 44.05, worst prim gap: 0.01, worst defi gap: 0.03:  30%|██▉       | 148/500 [06:13<14:43,  2.51s/it]
Epoch 149 | postive loss : 13.41, negtive prim loss : 23.68, negtive defi loss : 47.35, worst lambd: 39.14, worst prim gap: 0.00, worst defi gap: 0.11:  30%|███       | 150/500 [06:18<14:37,  2.51s/it]
Epoch 151 | postive loss : 12.10, negtive prim loss : 21.78, negtive defi loss : 43.77, worst lambd: 35.24, worst prim gap: 0.01, worst defi gap: 0.07:  30%|███       | 152/500 [06:23<14:32,  2.51s/it]
Epoch 153 | postive loss : 11.12, negtive prim loss : 20.01, negtive defi loss : 40.34, worst lambd: 31.52, worst prim gap: 0.01, worst defi gap: 0.07:  31%|███       | 154/500 [06:28<14:28,  2.51s/it]
Epoch 155 | postive loss : 10.17, negtive prim loss : 18.38, negtive defi loss : 37.21, worst lambd: 26.92, worst prim gap: 0.00, worst defi gap: 0.01:  31%|███       | 156/500 [06:33<14:24,  2.51s/it]
Epoch 157 | postive loss : 9.37, negtive prim loss : 16.84, negtive defi loss : 34.18, worst lambd: 23.55, worst prim gap: 0.01, worst defi gap: 0.07:  32%|███▏      | 158/500 [06:38<14:20,  2.52s/it] 
Epoch 159 | postive loss : 8.49, negtive prim loss : 15.41, negtive defi loss : 31.39, worst lambd: 21.96, worst prim gap: 0.01, worst defi gap: 0.08:  32%|███▏      | 160/500 [06:43<14:15,  2.52s/it]
Epoch 161 | postive loss : 7.88, negtive prim loss : 14.18, negtive defi loss : 28.98, worst lambd: 20.68, worst prim gap: 0.00, worst defi gap: 0.08:  32%|███▏      | 162/500 [06:49<14:12,  2.52s/it]
Epoch 163 | postive loss : 7.35, negtive prim loss : 13.02, negtive defi loss : 26.59, worst lambd: 16.97, worst prim gap: 0.01, worst defi gap: 0.06:  33%|███▎      | 164/500 [06:54<14:07,  2.52s/it]
Epoch 165 | postive loss : 6.67, negtive prim loss : 11.96, negtive defi loss : 24.54, worst lambd: 15.57, worst prim gap: 0.01, worst defi gap: 0.11:  33%|███▎      | 166/500 [06:59<14:03,  2.53s/it]
Epoch 167 | postive loss : 6.63, negtive prim loss : 10.95, negtive defi loss : 22.45, worst lambd: 13.98, worst prim gap: 0.00, worst defi gap: 0.09:  34%|███▎      | 168/500 [07:04<13:59,  2.53s/it]
Epoch 169 | postive loss : 6.04, negtive prim loss : 10.04, negtive defi loss : 20.66, worst lambd: 13.00, worst prim gap: 0.01, worst defi gap: 0.11:  34%|███▍      | 170/500 [07:09<13:54,  2.53s/it]
Epoch 171 | postive loss : 5.72, negtive prim loss : 9.26, negtive defi loss : 19.09, worst lambd: 11.59, worst prim gap: 0.01, worst defi gap: 0.08:  34%|███▍      | 172/500 [07:14<13:50,  2.53s/it] 
Epoch 173 | postive loss : 5.44, negtive prim loss : 8.54, negtive defi loss : 17.66, worst lambd: 11.08, worst prim gap: 0.01, worst defi gap: 0.08:  35%|███▍      | 174/500 [07:19<13:44,  2.53s/it]
Epoch 175 | postive loss : 5.32, negtive prim loss : 7.88, negtive defi loss : 16.27, worst lambd: 10.97, worst prim gap: 0.00, worst defi gap: 0.09:  35%|███▌      | 176/500 [07:24<13:38,  2.53s/it]
Epoch 177 | postive loss : 4.97, negtive prim loss : 7.27, negtive defi loss : 15.05, worst lambd: 10.18, worst prim gap: 0.01, worst defi gap: 0.06:  36%|███▌      | 178/500 [07:29<13:33,  2.53s/it]
Epoch 179 | postive loss : 4.70, negtive prim loss : 6.73, negtive defi loss : 13.95, worst lambd: 9.83, worst prim gap: 0.00, worst defi gap: 0.16:  36%|███▌      | 180/500 [07:34<13:28,  2.53s/it] 
Epoch 181 | postive loss : 4.57, negtive prim loss : 6.27, negtive defi loss : 13.00, worst lambd: 8.81, worst prim gap: 0.00, worst defi gap: 0.16:  36%|███▋      | 182/500 [07:39<13:23,  2.53s/it]
Epoch 183 | postive loss : 4.36, negtive prim loss : 5.83, negtive defi loss : 12.10, worst lambd: 8.86, worst prim gap: 0.01, worst defi gap: 0.13:  37%|███▋      | 184/500 [07:44<13:18,  2.53s/it]
Epoch 185 | postive loss : 4.24, negtive prim loss : 5.48, negtive defi loss : 11.38, worst lambd: 8.91, worst prim gap: 0.00, worst defi gap: 0.15:  37%|███▋      | 186/500 [07:49<13:13,  2.53s/it]
Epoch 187 | postive loss : 4.17, negtive prim loss : 5.14, negtive defi loss : 10.68, worst lambd: 9.07, worst prim gap: 0.00, worst defi gap: 0.02:  38%|███▊      | 188/500 [07:54<13:08,  2.53s/it]
Epoch 189 | postive loss : 4.05, negtive prim loss : 4.87, negtive defi loss : 10.12, worst lambd: 9.09, worst prim gap: 0.01, worst defi gap: 0.09:  38%|███▊      | 190/500 [07:59<13:03,  2.53s/it]
Epoch 191 | postive loss : 3.98, negtive prim loss : 4.61, negtive defi loss : 9.60, worst lambd: 8.84, worst prim gap: 0.02, worst defi gap: 0.03:  38%|███▊      | 192/500 [08:04<12:57,  2.52s/it] 
Epoch 193 | postive loss : 3.86, negtive prim loss : 4.39, negtive defi loss : 9.15, worst lambd: 8.48, worst prim gap: 0.01, worst defi gap: 0.09:  39%|███▉      | 194/500 [08:09<12:52,  2.52s/it]
Epoch 195 | postive loss : 3.83, negtive prim loss : 4.21, negtive defi loss : 8.76, worst lambd: 8.29, worst prim gap: 0.00, worst defi gap: 0.11:  39%|███▉      | 196/500 [08:14<12:47,  2.52s/it]
Epoch 197 | postive loss : 3.75, negtive prim loss : 4.03, negtive defi loss : 8.40, worst lambd: 8.04, worst prim gap: 0.00, worst defi gap: 0.10:  40%|███▉      | 198/500 [08:20<12:42,  2.52s/it]
Epoch 199 | postive loss : 3.63, negtive prim loss : 3.88, negtive defi loss : 8.10, worst lambd: 7.96, worst prim gap: 0.01, worst defi gap: 0.08:  40%|████      | 200/500 [08:25<12:37,  2.52s/it]
Epoch 201 | postive loss : 3.62, negtive prim loss : 3.77, negtive defi loss : 7.86, worst lambd: 7.61, worst prim gap: 0.01, worst defi gap: 0.05:  40%|████      | 202/500 [08:30<12:32,  2.52s/it]
Epoch 203 | postive loss : 3.52, negtive prim loss : 3.65, negtive defi loss : 7.62, worst lambd: 8.25, worst prim gap: 0.01, worst defi gap: 0.10:  41%|████      | 204/500 [08:35<12:26,  2.52s/it]
Epoch 205 | postive loss : 3.53, negtive prim loss : 3.55, negtive defi loss : 7.43, worst lambd: 7.76, worst prim gap: 0.01, worst defi gap: 0.12:  41%|████      | 206/500 [08:40<12:21,  2.52s/it]
Epoch 207 | postive loss : 3.48, negtive prim loss : 3.48, negtive defi loss : 7.26, worst lambd: 7.67, worst prim gap: 0.01, worst defi gap: 0.12:  42%|████▏     | 208/500 [08:45<12:16,  2.52s/it]
Epoch 209 | postive loss : 3.50, negtive prim loss : 3.41, negtive defi loss : 7.10, worst lambd: 7.47, worst prim gap: 0.00, worst defi gap: 0.04:  42%|████▏     | 210/500 [08:50<12:11,  2.52s/it]
Epoch 211 | postive loss : 3.45, negtive prim loss : 3.32, negtive defi loss : 6.93, worst lambd: 7.74, worst prim gap: 0.01, worst defi gap: 0.10:  42%|████▏     | 212/500 [08:55<12:06,  2.52s/it]
Epoch 213 | postive loss : 3.38, negtive prim loss : 3.25, negtive defi loss : 6.78, worst lambd: 7.48, worst prim gap: 0.00, worst defi gap: 0.09:  43%|████▎     | 214/500 [09:00<12:01,  2.52s/it]
Epoch 215 | postive loss : 3.36, negtive prim loss : 3.20, negtive defi loss : 6.66, worst lambd: 7.28, worst prim gap: 0.01, worst defi gap: 0.11:  43%|████▎     | 216/500 [09:05<11:56,  2.52s/it]
Epoch 217 | postive loss : 3.37, negtive prim loss : 3.14, negtive defi loss : 6.54, worst lambd: 7.34, worst prim gap: 0.02, worst defi gap: 0.07:  44%|████▎     | 218/500 [09:10<11:51,  2.52s/it]
Epoch 219 | postive loss : 3.29, negtive prim loss : 3.09, negtive defi loss : 6.43, worst lambd: 7.19, worst prim gap: 0.01, worst defi gap: 0.10:  44%|████▍     | 220/500 [09:15<11:46,  2.52s/it]
Epoch 221 | postive loss : 3.34, negtive prim loss : 3.05, negtive defi loss : 6.34, worst lambd: 7.48, worst prim gap: 0.02, worst defi gap: 0.03:  44%|████▍     | 222/500 [09:20<11:41,  2.52s/it]
Epoch 223 | postive loss : 3.31, negtive prim loss : 3.02, negtive defi loss : 6.25, worst lambd: 7.16, worst prim gap: 0.01, worst defi gap: 0.10:  45%|████▍     | 224/500 [09:25<11:36,  2.52s/it]
Epoch 225 | postive loss : 3.22, negtive prim loss : 2.96, negtive defi loss : 6.15, worst lambd: 7.36, worst prim gap: 0.01, worst defi gap: 0.04:  45%|████▌     | 226/500 [09:30<11:31,  2.52s/it]
Epoch 227 | postive loss : 3.23, negtive prim loss : 2.92, negtive defi loss : 6.07, worst lambd: 7.42, worst prim gap: 0.01, worst defi gap: 0.08:  46%|████▌     | 228/500 [09:35<11:26,  2.52s/it]
Epoch 229 | postive loss : 3.25, negtive prim loss : 2.88, negtive defi loss : 5.98, worst lambd: 7.07, worst prim gap: 0.00, worst defi gap: 0.03:  46%|████▌     | 230/500 [09:40<11:21,  2.52s/it]
Epoch 231 | postive loss : 3.24, negtive prim loss : 2.85, negtive defi loss : 5.89, worst lambd: 7.27, worst prim gap: 0.00, worst defi gap: 0.06:  46%|████▋     | 232/500 [09:45<11:16,  2.52s/it]
Epoch 233 | postive loss : 3.14, negtive prim loss : 2.81, negtive defi loss : 5.82, worst lambd: 6.42, worst prim gap: 0.01, worst defi gap: 0.10:  47%|████▋     | 234/500 [09:50<11:11,  2.53s/it]
Epoch 235 | postive loss : 3.19, negtive prim loss : 2.78, negtive defi loss : 5.75, worst lambd: 7.45, worst prim gap: 0.01, worst defi gap: 0.10:  47%|████▋     | 236/500 [09:55<11:06,  2.53s/it]
Epoch 237 | postive loss : 3.17, negtive prim loss : 2.74, negtive defi loss : 5.68, worst lambd: 6.73, worst prim gap: 0.01, worst defi gap: 0.08:  48%|████▊     | 238/500 [10:00<11:01,  2.53s/it]
Epoch 239 | postive loss : 3.14, negtive prim loss : 2.70, negtive defi loss : 5.59, worst lambd: 7.15, worst prim gap: 0.01, worst defi gap: 0.05:  48%|████▊     | 240/500 [10:06<10:56,  2.53s/it]
Epoch 241 | postive loss : 3.12, negtive prim loss : 2.68, negtive defi loss : 5.52, worst lambd: 7.03, worst prim gap: 0.00, worst defi gap: 0.12:  48%|████▊     | 242/500 [10:11<10:51,  2.52s/it]
Epoch 243 | postive loss : 3.17, negtive prim loss : 2.64, negtive defi loss : 5.44, worst lambd: 7.17, worst prim gap: 0.01, worst defi gap: 0.04:  49%|████▉     | 244/500 [10:16<10:46,  2.52s/it]
Epoch 245 | postive loss : 3.11, negtive prim loss : 2.62, negtive defi loss : 5.38, worst lambd: 6.79, worst prim gap: 0.00, worst defi gap: 0.04:  49%|████▉     | 246/500 [10:21<10:41,  2.52s/it]
Epoch 247 | postive loss : 3.10, negtive prim loss : 2.59, negtive defi loss : 5.33, worst lambd: 6.84, worst prim gap: 0.01, worst defi gap: 0.05:  50%|████▉     | 248/500 [10:26<10:36,  2.52s/it]
Epoch 249 | postive loss : 3.02, negtive prim loss : 2.57, negtive defi loss : 5.29, worst lambd: 6.60, worst prim gap: 0.01, worst defi gap: 0.05:  50%|█████     | 250/500 [10:31<10:30,  2.52s/it]
Epoch 251 | postive loss : 3.05, negtive prim loss : 2.55, negtive defi loss : 5.24, worst lambd: 7.05, worst prim gap: 0.01, worst defi gap: 0.03:  50%|█████     | 252/500 [10:36<10:25,  2.52s/it]
Epoch 253 | postive loss : 3.04, negtive prim loss : 2.53, negtive defi loss : 5.20, worst lambd: 6.76, worst prim gap: 0.02, worst defi gap: 0.10:  51%|█████     | 254/500 [10:41<10:20,  2.52s/it]
Epoch 255 | postive loss : 3.03, negtive prim loss : 2.50, negtive defi loss : 5.14, worst lambd: 7.41, worst prim gap: 0.01, worst defi gap: 0.09:  51%|█████     | 256/500 [10:46<10:15,  2.52s/it]
Epoch 257 | postive loss : 3.10, negtive prim loss : 2.47, negtive defi loss : 5.06, worst lambd: 6.82, worst prim gap: 0.02, worst defi gap: 0.04:  52%|█████▏    | 258/500 [10:51<10:10,  2.52s/it]
Epoch 259 | postive loss : 3.03, negtive prim loss : 2.45, negtive defi loss : 5.03, worst lambd: 6.45, worst prim gap: 0.01, worst defi gap: 0.05:  52%|█████▏    | 260/500 [10:56<10:05,  2.52s/it]
Epoch 261 | postive loss : 3.02, negtive prim loss : 2.44, negtive defi loss : 4.98, worst lambd: 6.63, worst prim gap: 0.00, worst defi gap: 0.09:  52%|█████▏    | 262/500 [11:01<10:00,  2.52s/it]
Epoch 263 | postive loss : 3.12, negtive prim loss : 2.41, negtive defi loss : 4.91, worst lambd: 6.79, worst prim gap: 0.01, worst defi gap: 0.13:  53%|█████▎    | 264/500 [11:06<09:55,  2.52s/it]
Epoch 265 | postive loss : 3.00, negtive prim loss : 2.39, negtive defi loss : 4.89, worst lambd: 6.45, worst prim gap: 0.01, worst defi gap: 0.08:  53%|█████▎    | 266/500 [11:11<09:50,  2.52s/it]
Epoch 267 | postive loss : 3.00, negtive prim loss : 2.38, negtive defi loss : 4.86, worst lambd: 6.27, worst prim gap: 0.01, worst defi gap: 0.07:  54%|█████▎    | 268/500 [11:16<09:45,  2.52s/it]
Epoch 269 | postive loss : 2.98, negtive prim loss : 2.37, negtive defi loss : 4.82, worst lambd: 6.55, worst prim gap: 0.00, worst defi gap: 0.08:  54%|█████▍    | 270/500 [11:21<09:40,  2.52s/it]
Epoch 271 | postive loss : 2.94, negtive prim loss : 2.34, negtive defi loss : 4.78, worst lambd: 6.80, worst prim gap: 0.02, worst defi gap: 0.03:  54%|█████▍    | 272/500 [11:26<09:35,  2.52s/it]
Epoch 273 | postive loss : 2.99, negtive prim loss : 2.33, negtive defi loss : 4.74, worst lambd: 6.66, worst prim gap: 0.01, worst defi gap: 0.12:  55%|█████▍    | 274/500 [11:31<09:30,  2.52s/it]
Epoch 275 | postive loss : 3.01, negtive prim loss : 2.32, negtive defi loss : 4.72, worst lambd: 7.11, worst prim gap: 0.01, worst defi gap: 0.08:  55%|█████▌    | 276/500 [11:36<09:25,  2.52s/it]
Epoch 277 | postive loss : 2.89, negtive prim loss : 2.30, negtive defi loss : 4.68, worst lambd: 6.63, worst prim gap: 0.00, worst defi gap: 0.09:  56%|█████▌    | 278/500 [11:41<09:20,  2.52s/it]
Epoch 279 | postive loss : 2.93, negtive prim loss : 2.27, negtive defi loss : 4.61, worst lambd: 7.42, worst prim gap: 0.01, worst defi gap: 0.08:  56%|█████▌    | 280/500 [11:46<09:15,  2.52s/it]
Epoch 281 | postive loss : 2.91, negtive prim loss : 2.27, negtive defi loss : 4.61, worst lambd: 6.59, worst prim gap: 0.01, worst defi gap: 0.04:  56%|█████▋    | 282/500 [11:51<09:09,  2.52s/it]
Epoch 283 | postive loss : 2.89, negtive prim loss : 2.25, negtive defi loss : 4.58, worst lambd: 6.36, worst prim gap: 0.01, worst defi gap: 0.08:  57%|█████▋    | 284/500 [11:57<09:04,  2.52s/it]
Epoch 285 | postive loss : 2.92, negtive prim loss : 2.25, negtive defi loss : 4.55, worst lambd: 6.90, worst prim gap: 0.01, worst defi gap: 0.05:  57%|█████▋    | 286/500 [12:02<09:00,  2.52s/it]
Epoch 287 | postive loss : 2.89, negtive prim loss : 2.24, negtive defi loss : 4.52, worst lambd: 7.03, worst prim gap: 0.01, worst defi gap: 0.06:  58%|█████▊    | 288/500 [12:07<08:54,  2.52s/it]
Epoch 289 | postive loss : 2.86, negtive prim loss : 2.22, negtive defi loss : 4.49, worst lambd: 6.58, worst prim gap: 0.01, worst defi gap: 0.06:  58%|█████▊    | 290/500 [12:12<08:51,  2.53s/it]
Epoch 291 | postive loss : 2.96, negtive prim loss : 2.20, negtive defi loss : 4.45, worst lambd: 6.18, worst prim gap: 0.01, worst defi gap: 0.08:  58%|█████▊    | 292/500 [12:17<08:46,  2.53s/it]
Epoch 293 | postive loss : 2.87, negtive prim loss : 2.19, negtive defi loss : 4.42, worst lambd: 6.81, worst prim gap: 0.00, worst defi gap: 0.10:  59%|█████▉    | 294/500 [12:22<08:41,  2.53s/it]
Epoch 295 | postive loss : 2.86, negtive prim loss : 2.18, negtive defi loss : 4.40, worst lambd: 6.18, worst prim gap: 0.01, worst defi gap: 0.12:  59%|█████▉    | 296/500 [12:27<08:38,  2.54s/it]
Epoch 297 | postive loss : 2.87, negtive prim loss : 2.17, negtive defi loss : 4.37, worst lambd: 6.41, worst prim gap: 0.01, worst defi gap: 0.11:  60%|█████▉    | 298/500 [12:32<08:32,  2.54s/it]
Epoch 299 | postive loss : 2.86, negtive prim loss : 2.15, negtive defi loss : 4.34, worst lambd: 6.70, worst prim gap: 0.01, worst defi gap: 0.04:  60%|██████    | 300/500 [12:37<08:26,  2.53s/it]
Epoch 301 | postive loss : 2.96, negtive prim loss : 2.14, negtive defi loss : 4.30, worst lambd: 6.42, worst prim gap: 0.00, worst defi gap: 0.00:  60%|██████    | 302/500 [12:42<08:20,  2.53s/it]
Epoch 303 | postive loss : 2.89, negtive prim loss : 2.13, negtive defi loss : 4.28, worst lambd: 6.14, worst prim gap: 0.00, worst defi gap: 0.05:  61%|██████    | 304/500 [12:47<08:15,  2.53s/it]
Epoch 305 | postive loss : 2.82, negtive prim loss : 2.12, negtive defi loss : 4.26, worst lambd: 6.07, worst prim gap: 0.00, worst defi gap: 0.08:  61%|██████    | 306/500 [12:52<08:10,  2.53s/it]
Epoch 307 | postive loss : 2.84, negtive prim loss : 2.11, negtive defi loss : 4.24, worst lambd: 6.22, worst prim gap: 0.02, worst defi gap: 0.11:  62%|██████▏   | 308/500 [12:57<08:04,  2.52s/it]
Epoch 309 | postive loss : 2.81, negtive prim loss : 2.09, negtive defi loss : 4.21, worst lambd: 6.40, worst prim gap: 0.01, worst defi gap: 0.16:  62%|██████▏   | 310/500 [13:02<07:59,  2.52s/it]
Epoch 311 | postive loss : 2.80, negtive prim loss : 2.09, negtive defi loss : 4.19, worst lambd: 6.18, worst prim gap: 0.02, worst defi gap: 0.08:  62%|██████▏   | 312/500 [13:07<07:54,  2.52s/it]
Epoch 313 | postive loss : 2.81, negtive prim loss : 2.08, negtive defi loss : 4.17, worst lambd: 6.44, worst prim gap: 0.01, worst defi gap: 0.13:  63%|██████▎   | 314/500 [13:12<07:49,  2.52s/it]
Epoch 315 | postive loss : 2.84, negtive prim loss : 2.07, negtive defi loss : 4.14, worst lambd: 6.56, worst prim gap: 0.01, worst defi gap: 0.10:  63%|██████▎   | 316/500 [13:17<07:44,  2.52s/it]
Epoch 317 | postive loss : 2.82, negtive prim loss : 2.05, negtive defi loss : 4.12, worst lambd: 6.94, worst prim gap: 0.01, worst defi gap: 0.04:  64%|██████▎   | 318/500 [13:23<07:40,  2.53s/it]
Epoch 319 | postive loss : 2.75, negtive prim loss : 2.04, negtive defi loss : 4.08, worst lambd: 6.29, worst prim gap: 0.01, worst defi gap: 0.06:  64%|██████▍   | 320/500 [13:28<07:34,  2.53s/it]
Epoch 321 | postive loss : 2.78, negtive prim loss : 2.04, negtive defi loss : 4.08, worst lambd: 6.97, worst prim gap: 0.00, worst defi gap: 0.09:  64%|██████▍   | 322/500 [13:33<07:29,  2.53s/it]
Epoch 323 | postive loss : 2.77, negtive prim loss : 2.03, negtive defi loss : 4.06, worst lambd: 6.58, worst prim gap: 0.01, worst defi gap: 0.04:  65%|██████▍   | 324/500 [13:38<07:24,  2.53s/it]
Epoch 325 | postive loss : 2.92, negtive prim loss : 2.01, negtive defi loss : 4.02, worst lambd: 6.82, worst prim gap: 0.00, worst defi gap: 0.05:  65%|██████▌   | 326/500 [13:43<07:19,  2.52s/it]
Epoch 327 | postive loss : 2.80, negtive prim loss : 2.00, negtive defi loss : 4.01, worst lambd: 6.18, worst prim gap: 0.00, worst defi gap: 0.09:  66%|██████▌   | 328/500 [13:48<07:14,  2.52s/it]
Epoch 329 | postive loss : 2.79, negtive prim loss : 1.99, negtive defi loss : 3.97, worst lambd: 6.10, worst prim gap: 0.01, worst defi gap: 0.12:  66%|██████▌   | 330/500 [13:53<07:08,  2.52s/it]
Epoch 331 | postive loss : 2.73, negtive prim loss : 1.98, negtive defi loss : 3.95, worst lambd: 6.53, worst prim gap: 0.01, worst defi gap: 0.06:  66%|██████▋   | 332/500 [13:58<07:03,  2.52s/it]
Epoch 333 | postive loss : 2.74, negtive prim loss : 1.98, negtive defi loss : 3.95, worst lambd: 6.36, worst prim gap: 0.01, worst defi gap: 0.06:  67%|██████▋   | 334/500 [14:03<07:00,  2.53s/it]
Epoch 335 | postive loss : 2.79, negtive prim loss : 1.98, negtive defi loss : 3.92, worst lambd: 5.95, worst prim gap: 0.01, worst defi gap: 0.16:  67%|██████▋   | 336/500 [14:08<06:55,  2.53s/it]
Epoch 337 | postive loss : 2.79, negtive prim loss : 1.97, negtive defi loss : 3.91, worst lambd: 6.64, worst prim gap: 0.01, worst defi gap: 0.03:  68%|██████▊   | 338/500 [14:13<06:50,  2.53s/it]
Epoch 339 | postive loss : 2.76, negtive prim loss : 1.96, negtive defi loss : 3.89, worst lambd: 6.26, worst prim gap: 0.00, worst defi gap: 0.10:  68%|██████▊   | 340/500 [14:18<06:45,  2.53s/it]
Epoch 341 | postive loss : 2.68, negtive prim loss : 1.94, negtive defi loss : 3.86, worst lambd: 6.06, worst prim gap: 0.01, worst defi gap: 0.13:  68%|██████▊   | 342/500 [14:23<06:40,  2.53s/it]
Epoch 343 | postive loss : 2.77, negtive prim loss : 1.95, negtive defi loss : 3.86, worst lambd: 6.38, worst prim gap: 0.01, worst defi gap: 0.03:  69%|██████▉   | 344/500 [14:28<06:34,  2.53s/it]
Epoch 345 | postive loss : 2.77, negtive prim loss : 1.93, negtive defi loss : 3.83, worst lambd: 6.50, worst prim gap: 0.01, worst defi gap: 0.02:  69%|██████▉   | 346/500 [14:33<06:29,  2.53s/it]
Epoch 347 | postive loss : 2.75, negtive prim loss : 1.92, negtive defi loss : 3.81, worst lambd: 6.98, worst prim gap: 0.01, worst defi gap: 0.08:  70%|██████▉   | 348/500 [14:38<06:24,  2.53s/it]
Epoch 349 | postive loss : 2.72, negtive prim loss : 1.92, negtive defi loss : 3.81, worst lambd: 6.50, worst prim gap: 0.02, worst defi gap: 0.08:  70%|███████   | 350/500 [14:43<06:18,  2.53s/it]
Epoch 351 | postive loss : 2.67, negtive prim loss : 1.91, negtive defi loss : 3.78, worst lambd: 6.07, worst prim gap: 0.01, worst defi gap: 0.12:  70%|███████   | 352/500 [14:48<06:13,  2.53s/it]
Epoch 353 | postive loss : 2.70, negtive prim loss : 1.90, negtive defi loss : 3.76, worst lambd: 6.46, worst prim gap: 0.01, worst defi gap: 0.06:  71%|███████   | 354/500 [14:54<06:09,  2.53s/it]
Epoch 355 | postive loss : 2.74, negtive prim loss : 1.90, negtive defi loss : 3.76, worst lambd: 6.20, worst prim gap: 0.01, worst defi gap: 0.03:  71%|███████   | 356/500 [14:59<06:04,  2.53s/it]
Epoch 357 | postive loss : 2.77, negtive prim loss : 1.89, negtive defi loss : 3.73, worst lambd: 5.96, worst prim gap: 0.01, worst defi gap: 0.12:  72%|███████▏  | 358/500 [15:04<05:58,  2.53s/it]
Epoch 359 | postive loss : 2.72, negtive prim loss : 1.88, negtive defi loss : 3.71, worst lambd: 6.01, worst prim gap: 0.00, worst defi gap: 0.10:  72%|███████▏  | 360/500 [15:09<05:53,  2.53s/it]
Epoch 361 | postive loss : 2.78, negtive prim loss : 1.87, negtive defi loss : 3.67, worst lambd: 5.93, worst prim gap: 0.01, worst defi gap: 0.04:  72%|███████▏  | 362/500 [15:14<05:48,  2.53s/it]
Epoch 363 | postive loss : 2.73, negtive prim loss : 1.86, negtive defi loss : 3.66, worst lambd: 5.77, worst prim gap: 0.01, worst defi gap: 0.03:  73%|███████▎  | 364/500 [15:19<05:43,  2.53s/it]
Epoch 365 | postive loss : 2.74, negtive prim loss : 1.86, negtive defi loss : 3.66, worst lambd: 5.86, worst prim gap: 0.00, worst defi gap: 0.03:  73%|███████▎  | 366/500 [15:24<05:38,  2.53s/it]
Epoch 367 | postive loss : 2.70, negtive prim loss : 1.85, negtive defi loss : 3.63, worst lambd: 5.66, worst prim gap: 0.01, worst defi gap: 0.04:  74%|███████▎  | 368/500 [15:29<05:33,  2.52s/it]
Epoch 369 | postive loss : 2.69, negtive prim loss : 1.84, negtive defi loss : 3.63, worst lambd: 6.10, worst prim gap: 0.00, worst defi gap: 0.08:  74%|███████▍  | 370/500 [15:34<05:27,  2.52s/it]
Epoch 371 | postive loss : 2.76, negtive prim loss : 1.84, negtive defi loss : 3.61, worst lambd: 5.90, worst prim gap: 0.01, worst defi gap: 0.09:  74%|███████▍  | 372/500 [15:39<05:22,  2.52s/it]
Epoch 373 | postive loss : 2.65, negtive prim loss : 1.83, negtive defi loss : 3.61, worst lambd: 5.73, worst prim gap: 0.01, worst defi gap: 0.03:  75%|███████▍  | 374/500 [15:44<05:17,  2.52s/it]
Epoch 375 | postive loss : 2.70, negtive prim loss : 1.83, negtive defi loss : 3.61, worst lambd: 6.10, worst prim gap: 0.02, worst defi gap: 0.13:  75%|███████▌  | 376/500 [15:49<05:12,  2.52s/it]
Epoch 377 | postive loss : 2.66, negtive prim loss : 1.82, negtive defi loss : 3.59, worst lambd: 5.92, worst prim gap: 0.01, worst defi gap: 0.11:  76%|███████▌  | 378/500 [15:54<05:07,  2.52s/it]
Epoch 379 | postive loss : 2.82, negtive prim loss : 1.81, negtive defi loss : 3.54, worst lambd: 6.19, worst prim gap: 0.01, worst defi gap: 0.01:  76%|███████▌  | 380/500 [15:59<05:01,  2.52s/it]
Epoch 381 | postive loss : 2.70, negtive prim loss : 1.79, negtive defi loss : 3.52, worst lambd: 5.74, worst prim gap: 0.01, worst defi gap: 0.07:  76%|███████▋  | 382/500 [16:04<04:57,  2.52s/it]
Epoch 383 | postive loss : 2.72, negtive prim loss : 1.79, negtive defi loss : 3.51, worst lambd: 6.37, worst prim gap: 0.01, worst defi gap: 0.07:  77%|███████▋  | 384/500 [16:09<04:52,  2.52s/it]
Epoch 385 | postive loss : 2.66, negtive prim loss : 1.79, negtive defi loss : 3.51, worst lambd: 6.95, worst prim gap: 0.01, worst defi gap: 0.03:  77%|███████▋  | 386/500 [16:14<04:47,  2.52s/it]
Epoch 387 | postive loss : 2.68, negtive prim loss : 1.79, negtive defi loss : 3.51, worst lambd: 6.06, worst prim gap: 0.01, worst defi gap: 0.08:  78%|███████▊  | 388/500 [16:19<04:43,  2.53s/it]
Epoch 389 | postive loss : 2.67, negtive prim loss : 1.78, negtive defi loss : 3.49, worst lambd: 6.08, worst prim gap: 0.00, worst defi gap: 0.07:  78%|███████▊  | 390/500 [16:24<04:37,  2.52s/it]
Epoch 391 | postive loss : 2.68, negtive prim loss : 1.78, negtive defi loss : 3.48, worst lambd: 6.18, worst prim gap: 0.01, worst defi gap: 0.03:  78%|███████▊  | 392/500 [16:29<04:32,  2.52s/it]
Epoch 393 | postive loss : 2.62, negtive prim loss : 1.77, negtive defi loss : 3.46, worst lambd: 5.87, worst prim gap: 0.01, worst defi gap: 0.07:  79%|███████▉  | 394/500 [16:34<04:26,  2.52s/it]
Epoch 395 | postive loss : 2.65, negtive prim loss : 1.77, negtive defi loss : 3.46, worst lambd: 6.00, worst prim gap: 0.01, worst defi gap: 0.10:  79%|███████▉  | 396/500 [16:39<04:21,  2.52s/it]
Epoch 397 | postive loss : 2.66, negtive prim loss : 1.76, negtive defi loss : 3.45, worst lambd: 5.72, worst prim gap: 0.00, worst defi gap: 0.05:  80%|███████▉  | 398/500 [16:44<04:16,  2.52s/it]
Epoch 399 | postive loss : 2.69, negtive prim loss : 1.75, negtive defi loss : 3.43, worst lambd: 6.13, worst prim gap: 0.00, worst defi gap: 0.08:  80%|████████  | 400/500 [16:49<04:11,  2.51s/it]
Epoch 401 | postive loss : 2.70, negtive prim loss : 1.75, negtive defi loss : 3.44, worst lambd: 6.10, worst prim gap: 0.01, worst defi gap: 0.10:  80%|████████  | 402/500 [16:55<04:06,  2.52s/it]
Epoch 403 | postive loss : 2.69, negtive prim loss : 1.75, negtive defi loss : 3.42, worst lambd: 6.19, worst prim gap: 0.00, worst defi gap: 0.08:  81%|████████  | 404/500 [17:00<04:01,  2.52s/it]
Epoch 405 | postive loss : 2.61, negtive prim loss : 1.75, negtive defi loss : 3.42, worst lambd: 5.86, worst prim gap: 0.01, worst defi gap: 0.11:  81%|████████  | 406/500 [17:05<03:56,  2.52s/it]
Epoch 407 | postive loss : 2.62, negtive prim loss : 1.74, negtive defi loss : 3.41, worst lambd: 5.95, worst prim gap: 0.01, worst defi gap: 0.10:  82%|████████▏ | 408/500 [17:10<03:51,  2.52s/it]
Epoch 409 | postive loss : 2.64, negtive prim loss : 1.74, negtive defi loss : 3.40, worst lambd: 5.86, worst prim gap: 0.01, worst defi gap: 0.13:  82%|████████▏ | 410/500 [17:15<03:46,  2.52s/it]
Epoch 411 | postive loss : 2.65, negtive prim loss : 1.73, negtive defi loss : 3.38, worst lambd: 6.05, worst prim gap: 0.01, worst defi gap: 0.02:  82%|████████▏ | 412/500 [17:20<03:41,  2.52s/it]
Epoch 413 | postive loss : 2.67, negtive prim loss : 1.73, negtive defi loss : 3.37, worst lambd: 5.80, worst prim gap: 0.01, worst defi gap: 0.08:  83%|████████▎ | 414/500 [17:25<03:36,  2.52s/it]
Epoch 415 | postive loss : 2.57, negtive prim loss : 1.72, negtive defi loss : 3.37, worst lambd: 5.57, worst prim gap: 0.01, worst defi gap: 0.04:  83%|████████▎ | 416/500 [17:30<03:31,  2.51s/it]
Epoch 417 | postive loss : 2.71, negtive prim loss : 1.72, negtive defi loss : 3.36, worst lambd: 6.33, worst prim gap: 0.01, worst defi gap: 0.08:  84%|████████▎ | 418/500 [17:35<03:26,  2.52s/it]
Epoch 419 | postive loss : 2.64, negtive prim loss : 1.71, negtive defi loss : 3.34, worst lambd: 6.05, worst prim gap: 0.01, worst defi gap: 0.09:  84%|████████▍ | 420/500 [17:40<03:21,  2.51s/it]
Epoch 421 | postive loss : 2.61, negtive prim loss : 1.70, negtive defi loss : 3.33, worst lambd: 5.77, worst prim gap: 0.01, worst defi gap: 0.03:  84%|████████▍ | 422/500 [17:45<03:16,  2.51s/it]
Epoch 423 | postive loss : 2.60, negtive prim loss : 1.70, negtive defi loss : 3.34, worst lambd: 5.59, worst prim gap: 0.01, worst defi gap: 0.13:  85%|████████▍ | 424/500 [17:50<03:10,  2.51s/it]
Epoch 425 | postive loss : 2.74, negtive prim loss : 1.69, negtive defi loss : 3.31, worst lambd: 6.23, worst prim gap: 0.00, worst defi gap: 0.04:  85%|████████▌ | 426/500 [17:55<03:05,  2.51s/it]
Epoch 427 | postive loss : 2.62, negtive prim loss : 1.69, negtive defi loss : 3.31, worst lambd: 5.76, worst prim gap: 0.00, worst defi gap: 0.09:  86%|████████▌ | 428/500 [18:00<03:00,  2.51s/it]
Epoch 429 | postive loss : 2.62, negtive prim loss : 1.69, negtive defi loss : 3.30, worst lambd: 6.03, worst prim gap: 0.01, worst defi gap: 0.10:  86%|████████▌ | 430/500 [18:05<02:55,  2.51s/it]
Epoch 431 | postive loss : 2.80, negtive prim loss : 1.68, negtive defi loss : 3.29, worst lambd: 6.39, worst prim gap: 0.00, worst defi gap: 0.10:  86%|████████▋ | 432/500 [18:10<02:50,  2.50s/it]
Epoch 433 | postive loss : 2.65, negtive prim loss : 1.66, negtive defi loss : 3.24, worst lambd: 6.01, worst prim gap: 0.01, worst defi gap: 0.08:  87%|████████▋ | 434/500 [18:15<02:45,  2.50s/it]
Epoch 435 | postive loss : 2.63, negtive prim loss : 1.66, negtive defi loss : 3.25, worst lambd: 5.76, worst prim gap: 0.01, worst defi gap: 0.05:  87%|████████▋ | 436/500 [18:20<02:40,  2.50s/it]
Epoch 437 | postive loss : 2.70, negtive prim loss : 1.67, negtive defi loss : 3.26, worst lambd: 5.75, worst prim gap: 0.00, worst defi gap: 0.02:  88%|████████▊ | 438/500 [18:25<02:35,  2.50s/it]
Epoch 439 | postive loss : 2.59, negtive prim loss : 1.67, negtive defi loss : 3.25, worst lambd: 5.84, worst prim gap: 0.01, worst defi gap: 0.08:  88%|████████▊ | 440/500 [18:30<02:30,  2.50s/it]
Epoch 441 | postive loss : 2.66, negtive prim loss : 1.66, negtive defi loss : 3.24, worst lambd: 5.87, worst prim gap: 0.02, worst defi gap: 0.03:  88%|████████▊ | 442/500 [18:35<02:25,  2.50s/it]
Epoch 443 | postive loss : 2.63, negtive prim loss : 1.65, negtive defi loss : 3.23, worst lambd: 5.99, worst prim gap: 0.01, worst defi gap: 0.07:  89%|████████▉ | 444/500 [18:40<02:20,  2.50s/it]
Epoch 445 | postive loss : 2.70, negtive prim loss : 1.66, negtive defi loss : 3.23, worst lambd: 6.28, worst prim gap: 0.00, worst defi gap: 0.06:  89%|████████▉ | 446/500 [18:45<02:15,  2.50s/it]
Epoch 447 | postive loss : 2.64, negtive prim loss : 1.65, negtive defi loss : 3.20, worst lambd: 5.64, worst prim gap: 0.01, worst defi gap: 0.11:  90%|████████▉ | 448/500 [18:50<02:10,  2.50s/it]
Epoch 449 | postive loss : 2.62, negtive prim loss : 1.65, negtive defi loss : 3.21, worst lambd: 5.91, worst prim gap: 0.01, worst defi gap: 0.09:  90%|█████████ | 450/500 [18:55<02:05,  2.50s/it]
Epoch 451 | postive loss : 2.57, negtive prim loss : 1.64, negtive defi loss : 3.20, worst lambd: 5.95, worst prim gap: 0.02, worst defi gap: 0.08:  90%|█████████ | 452/500 [19:00<02:00,  2.50s/it]
Epoch 453 | postive loss : 2.59, negtive prim loss : 1.64, negtive defi loss : 3.19, worst lambd: 5.88, worst prim gap: 0.00, worst defi gap: 0.03:  91%|█████████ | 454/500 [19:05<01:55,  2.50s/it]
Epoch 455 | postive loss : 2.59, negtive prim loss : 1.63, negtive defi loss : 3.18, worst lambd: 5.45, worst prim gap: 0.02, worst defi gap: 0.13:  91%|█████████ | 456/500 [19:10<01:50,  2.51s/it]
Epoch 457 | postive loss : 2.57, negtive prim loss : 1.63, negtive defi loss : 3.18, worst lambd: 5.79, worst prim gap: 0.01, worst defi gap: 0.07:  92%|█████████▏| 458/500 [19:15<01:45,  2.51s/it]
Epoch 459 | postive loss : 2.57, negtive prim loss : 1.63, negtive defi loss : 3.18, worst lambd: 5.71, worst prim gap: 0.01, worst defi gap: 0.09:  92%|█████████▏| 460/500 [19:20<01:40,  2.51s/it]
Epoch 461 | postive loss : 2.86, negtive prim loss : 1.62, negtive defi loss : 3.15, worst lambd: 5.98, worst prim gap: 0.00, worst defi gap: 0.10:  92%|█████████▏| 462/500 [19:25<01:35,  2.51s/it]
Epoch 463 | postive loss : 2.59, negtive prim loss : 1.61, negtive defi loss : 3.14, worst lambd: 6.03, worst prim gap: 0.01, worst defi gap: 0.10:  93%|█████████▎| 464/500 [19:30<01:30,  2.52s/it]
Epoch 465 | postive loss : 2.60, negtive prim loss : 1.61, negtive defi loss : 3.14, worst lambd: 6.45, worst prim gap: 0.01, worst defi gap: 0.07:  93%|█████████▎| 466/500 [19:35<01:25,  2.52s/it]
Epoch 467 | postive loss : 2.63, negtive prim loss : 1.61, negtive defi loss : 3.13, worst lambd: 5.84, worst prim gap: 0.01, worst defi gap: 0.07:  94%|█████████▎| 468/500 [19:40<01:20,  2.52s/it]
Epoch 469 | postive loss : 2.56, negtive prim loss : 1.61, negtive defi loss : 3.13, worst lambd: 5.72, worst prim gap: 0.01, worst defi gap: 0.08:  94%|█████████▍| 470/500 [19:45<01:15,  2.52s/it]
Epoch 471 | postive loss : 2.56, negtive prim loss : 1.61, negtive defi loss : 3.13, worst lambd: 5.65, worst prim gap: 0.01, worst defi gap: 0.07:  94%|█████████▍| 472/500 [19:50<01:10,  2.52s/it]
Epoch 473 | postive loss : 2.66, negtive prim loss : 1.61, negtive defi loss : 3.13, worst lambd: 6.02, worst prim gap: 0.02, worst defi gap: 0.05:  95%|█████████▍| 474/500 [19:55<01:05,  2.52s/it]
Epoch 475 | postive loss : 2.61, negtive prim loss : 1.60, negtive defi loss : 3.11, worst lambd: 5.75, worst prim gap: 0.01, worst defi gap: 0.08:  95%|█████████▌| 476/500 [20:00<01:00,  2.52s/it]
Epoch 477 | postive loss : 2.65, negtive prim loss : 1.59, negtive defi loss : 3.10, worst lambd: 6.64, worst prim gap: 0.00, worst defi gap: 0.05:  96%|█████████▌| 478/500 [20:05<00:55,  2.52s/it]
Epoch 479 | postive loss : 2.55, negtive prim loss : 1.58, negtive defi loss : 3.09, worst lambd: 5.24, worst prim gap: 0.01, worst defi gap: 0.02:  96%|█████████▌| 480/500 [20:11<00:50,  2.52s/it]
Epoch 481 | postive loss : 2.52, negtive prim loss : 1.59, negtive defi loss : 3.09, worst lambd: 5.58, worst prim gap: 0.01, worst defi gap: 0.06:  96%|█████████▋| 482/500 [20:16<00:45,  2.53s/it]
Epoch 483 | postive loss : 2.56, negtive prim loss : 1.58, negtive defi loss : 3.08, worst lambd: 5.62, worst prim gap: 0.01, worst defi gap: 0.11:  97%|█████████▋| 484/500 [20:21<00:40,  2.52s/it]
Epoch 485 | postive loss : 2.60, negtive prim loss : 1.58, negtive defi loss : 3.08, worst lambd: 5.89, worst prim gap: 0.01, worst defi gap: 0.09:  97%|█████████▋| 486/500 [20:26<00:35,  2.52s/it]
Epoch 487 | postive loss : 2.56, negtive prim loss : 1.58, negtive defi loss : 3.07, worst lambd: 5.44, worst prim gap: 0.01, worst defi gap: 0.07:  98%|█████████▊| 488/500 [20:31<00:30,  2.52s/it]
Epoch 489 | postive loss : 2.54, negtive prim loss : 1.58, negtive defi loss : 3.08, worst lambd: 5.89, worst prim gap: 0.01, worst defi gap: 0.10:  98%|█████████▊| 490/500 [20:36<00:25,  2.52s/it]
Epoch 491 | postive loss : 2.68, negtive prim loss : 1.57, negtive defi loss : 3.05, worst lambd: 6.54, worst prim gap: 0.01, worst defi gap: 0.06:  98%|█████████▊| 492/500 [20:41<00:20,  2.52s/it]
Epoch 493 | postive loss : 2.60, negtive prim loss : 1.57, negtive defi loss : 3.05, worst lambd: 5.67, worst prim gap: 0.01, worst defi gap: 0.10:  99%|█████████▉| 494/500 [20:46<00:15,  2.52s/it]
Epoch 495 | postive loss : 2.60, negtive prim loss : 1.56, negtive defi loss : 3.04, worst lambd: 5.99, worst prim gap: 0.01, worst defi gap: 0.10:  99%|█████████▉| 496/500 [20:51<00:10,  2.52s/it]
Epoch 497 | postive loss : 2.68, negtive prim loss : 1.55, negtive defi loss : 3.03, worst lambd: 6.00, worst prim gap: 0.01, worst defi gap: 0.02: 100%|█████████▉| 498/500 [20:56<00:05,  2.53s/it]
Epoch 499 | postive loss : 2.60, negtive prim loss : 1.55, negtive defi loss : 3.02, worst lambd: 5.75, worst prim gap: 0.01, worst defi gap: 0.14: 100%|██████████| 500/500 [21:01<00:00,  2.53s/it]
Epoch 499 | postive loss : 2.60, negtive prim loss : 1.55, negtive defi loss : 3.02, worst lambd: 5.75, worst prim gap: 0.01, worst defi gap: 0.14: 100%|██████████| 500/500 [21:01<00:00,  2.52s/it]
Info : finish model training
Info : save model sucessfully
Info : save sucessfully
